Archive member included to satisfy reference by file (symbol)

c:/program files/microchip/xc32/v2.40/bin/bin/../../lib/gcc/pic32c/6.2.1/../../../../pic32c/lib/v7e-m/fpv4-sp/hard\libpic32c.a(close.o)
                              build/aws_demos/debug/_ext/2009324866/iot_secure_sockets.o (close)
c:/program files/microchip/xc32/v2.40/bin/bin/../../lib/gcc/pic32c/6.2.1/../../../../pic32c/lib/v7e-m/fpv4-sp/hard\libpic32c.a(data_init.o)
                              build/aws_demos/debug/_ext/1534096987/startup_xc32.o (__pic32c_data_initialization)
c:/program files/microchip/xc32/v2.40/bin/bin/../../lib/gcc/pic32c/6.2.1/v7e-m/fpv4-sp/hard\libgcc.a(_arm_addsubdf3.o)
                              build/aws_demos/debug/_ext/230789302/plib_sercom7_i2c_master.o (__aeabi_dsub)
c:/program files/microchip/xc32/v2.40/bin/bin/../../lib/gcc/pic32c/6.2.1/v7e-m/fpv4-sp/hard\libgcc.a(_arm_muldivdf3.o)
                              build/aws_demos/debug/_ext/230789302/plib_sercom7_i2c_master.o (__aeabi_dmul)
c:/program files/microchip/xc32/v2.40/bin/bin/../../lib/gcc/pic32c/6.2.1/v7e-m/fpv4-sp/hard\libgcc.a(_arm_cmpdf2.o)
                              build/aws_demos/debug/_ext/1057560203/cborpretty.o (__aeabi_dcmpeq)
c:/program files/microchip/xc32/v2.40/bin/bin/../../lib/gcc/pic32c/6.2.1/v7e-m/fpv4-sp/hard\libgcc.a(_arm_unorddf2.o)
                              build/aws_demos/debug/_ext/1057560203/cborpretty.o (__aeabi_dcmpun)
c:/program files/microchip/xc32/v2.40/bin/bin/../../lib/gcc/pic32c/6.2.1/v7e-m/fpv4-sp/hard\libgcc.a(_arm_fixunsdfsi.o)
                              build/aws_demos/debug/_ext/230789302/plib_sercom7_i2c_master.o (__aeabi_d2uiz)
c:/program files/microchip/xc32/v2.40/bin/bin/../../lib/gcc/pic32c/6.2.1/v7e-m/fpv4-sp/hard\libgcc.a(_arm_truncdfsf2.o)
                              build/aws_demos/debug/_ext/1057560203/cborvalidation.o (__aeabi_d2f)
c:/program files/microchip/xc32/v2.40/bin/bin/../../lib/gcc/pic32c/6.2.1/v7e-m/fpv4-sp/hard\libgcc.a(_aeabi_uldivmod.o)
                              build/aws_demos/debug/_ext/484134862/sys_time.o (__aeabi_uldivmod)
c:/program files/microchip/xc32/v2.40/bin/bin/../../lib/gcc/pic32c/6.2.1/v7e-m/fpv4-sp/hard\libgcc.a(_fixunsdfdi.o)
                              build/aws_demos/debug/_ext/1057560203/cborpretty.o (__aeabi_d2ulz)
c:/program files/microchip/xc32/v2.40/bin/bin/../../lib/gcc/pic32c/6.2.1/v7e-m/fpv4-sp/hard\libgcc.a(_udivmoddi4.o)
                              c:/program files/microchip/xc32/v2.40/bin/bin/../../lib/gcc/pic32c/6.2.1/v7e-m/fpv4-sp/hard\libgcc.a(_aeabi_uldivmod.o) (__udivmoddi4)
c:/program files/microchip/xc32/v2.40/bin/bin/../../lib/gcc/pic32c/6.2.1/v7e-m/fpv4-sp/hard\libgcc.a(_dvmd_tls.o)
                              c:/program files/microchip/xc32/v2.40/bin/bin/../../lib/gcc/pic32c/6.2.1/v7e-m/fpv4-sp/hard\libgcc.a(_aeabi_uldivmod.o) (__aeabi_ldiv0)
c:/program files/microchip/xc32/v2.40/bin/bin/../../lib/gcc/pic32c/6.2.1/../../../../pic32c/lib/v7e-m/fpv4-sp/hard\libg_nano.a(lib_a-assert.o)
                              build/aws_demos/debug/_ext/490551821/http_parser.o (__assert_func)
c:/program files/microchip/xc32/v2.40/bin/bin/../../lib/gcc/pic32c/6.2.1/../../../../pic32c/lib/v7e-m/fpv4-sp/hard\libg_nano.a(lib_a-atoi.o)
                              build/aws_demos/debug/_ext/255308820/iot_serializer_json_decoder.o (atoi)
c:/program files/microchip/xc32/v2.40/bin/bin/../../lib/gcc/pic32c/6.2.1/../../../../pic32c/lib/v7e-m/fpv4-sp/hard\libg_nano.a(lib_a-calloc.o)
                              build/aws_demos/debug/_ext/1991396724/sys_command.o (calloc)
c:/program files/microchip/xc32/v2.40/bin/bin/../../lib/gcc/pic32c/6.2.1/../../../../pic32c/lib/v7e-m/fpv4-sp/hard\libg_nano.a(lib_a-fprintf.o)
                              c:/program files/microchip/xc32/v2.40/bin/bin/../../lib/gcc/pic32c/6.2.1/../../../../pic32c/lib/v7e-m/fpv4-sp/hard\libg_nano.a(lib_a-assert.o) (fiprintf)
c:/program files/microchip/xc32/v2.40/bin/bin/../../lib/gcc/pic32c/6.2.1/../../../../pic32c/lib/v7e-m/fpv4-sp/hard\libg_nano.a(lib_a-gmtime.o)
                              build/aws_demos/debug/_ext/1833802790/wdrv_winc_systime.o (gmtime)
c:/program files/microchip/xc32/v2.40/bin/bin/../../lib/gcc/pic32c/6.2.1/../../../../pic32c/lib/v7e-m/fpv4-sp/hard\libg_nano.a(lib_a-gmtime_r.o)
                              c:/program files/microchip/xc32/v2.40/bin/bin/../../lib/gcc/pic32c/6.2.1/../../../../pic32c/lib/v7e-m/fpv4-sp/hard\libg_nano.a(lib_a-gmtime.o) (gmtime_r)
c:/program files/microchip/xc32/v2.40/bin/bin/../../lib/gcc/pic32c/6.2.1/../../../../pic32c/lib/v7e-m/fpv4-sp/hard\libg_nano.a(lib_a-impure.o)
                              c:/program files/microchip/xc32/v2.40/bin/bin/../../lib/gcc/pic32c/6.2.1/../../../../pic32c/lib/v7e-m/fpv4-sp/hard\libg_nano.a(lib_a-assert.o) (_impure_ptr)
c:/program files/microchip/xc32/v2.40/bin/bin/../../lib/gcc/pic32c/6.2.1/../../../../pic32c/lib/v7e-m/fpv4-sp/hard\libg_nano.a(lib_a-init.o)
[...]
Memory Configuration

Name             Origin             Length             Attributes
rom              0x00000000         0x00100000         xrl
ram              0x20000100         0x0003fe00         xw !r
config_00804000  0x00804000         0x00000004
config_00804004  0x00804004         0x00000004
config_00804008  0x00804008         0x00000004
*default*        0x00000000         0xffffffff

Linker script and memory map

LOAD c:/program files/microchip/xc32/v2.40/bin/bin/../../lib/gcc/pic32c/6.2.1/v7e-m/fpv4-sp/hard/crti.o
LOAD c:/program files/microchip/xc32/v2.40/bin/bin/../../lib/gcc/pic32c/6.2.1/v7e-m/fpv4-sp/hard/crtbegin.o
LOAD build/aws_demos/debug/_ext/665618993/plib_nvmctrl.o
LOAD build/aws_demos/debug/_ext/1385882503/port.o
LOAD build/aws_demos/debug/_ext/1168480030/heap_4.o
LOAD build/aws_demos/debug/_ext/1778494626/BufferAllocation_2.o
LOAD build/aws_demos/debug/_ext/1778494626/NetworkInterface_wifi.o
LOAD build/aws_demos/debug/_ext/787859085/atca_cert_chain.o
LOAD build/aws_demos/debug/_ext/766474417/aws_ota_pal.o
LOAD build/aws_demos/debug/_ext/1972722184/iot_pkcs11_secure_element.o
LOAD build/aws_demos/debug/_ext/1972722184/pkcs11_nvm.o
LOAD build/aws_demos/debug/_ext/2009324866/aws_wifi.o
LOAD build/aws_demos/debug/_ext/2009324866/iot_secure_sockets.o
LOAD build/aws_demos/debug/_ext/1456806047/atcacert_client.o
LOAD build/aws_demos/debug/_ext/1456806047/atcacert_date.o
LOAD build/aws_demos/debug/_ext/1456806047/atcacert_def.o
LOAD build/aws_demos/debug/_ext/1456806047/atcacert_der.o
LOAD build/aws_demos/debug/_ext/1456806047/atcacert_host_hw.o
LOAD build/aws_demos/debug/_ext/1456806047/atcacert_host_sw.o
LOAD build/aws_demos/debug/_ext/1456806047/atcacert_pem.o
LOAD build/aws_demos/debug/_ext/1009855837/atca_command.o
LOAD build/aws_demos/debug/_ext/1009855837/atca_device.o
LOAD build/aws_demos/debug/_ext/1009855837/atca_execution.o
LOAD build/aws_demos/debug/_ext/1009855837/atca_iface.o
LOAD build/aws_demos/debug/_ext/306685378/atca_basic.o
LOAD build/aws_demos/debug/_ext/306685378/atca_basic_aes.o
LOAD build/aws_demos/debug/_ext/306685378/atca_basic_aes_cbc.o
LOAD build/aws_demos/debug/_ext/306685378/atca_basic_aes_cmac.o
LOAD build/aws_demos/debug/_ext/306685378/atca_basic_aes_ctr.o
LOAD build/aws_demos/debug/_ext/306685378/atca_basic_aes_gcm.o
LOAD build/aws_demos/debug/_ext/306685378/atca_basic_checkmac.o
LOAD build/aws_demos/debug/_ext/306685378/atca_basic_counter.o
LOAD build/aws_demos/debug/_ext/306685378/atca_basic_derivekey.o
LOAD build/aws_demos/debug/_ext/306685378/atca_basic_ecdh.o
LOAD build/aws_demos/debug/_ext/306685378/atca_basic_gendig.o
LOAD build/aws_demos/debug/_ext/306685378/atca_basic_genkey.o
LOAD build/aws_demos/debug/_ext/306685378/atca_basic_hmac.o
LOAD build/aws_demos/debug/_ext/306685378/atca_basic_info.o
LOAD build/aws_demos/debug/_ext/306685378/atca_basic_kdf.o
LOAD build/aws_demos/debug/_ext/306685378/atca_basic_lock.o
LOAD build/aws_demos/debug/_ext/306685378/atca_basic_mac.o
LOAD build/aws_demos/debug/_ext/306685378/atca_basic_nonce.o
LOAD build/aws_demos/debug/_ext/306685378/atca_basic_privwrite.o
LOAD build/aws_demos/debug/_ext/306685378/atca_basic_random.o
LOAD build/aws_demos/debug/_ext/306685378/atca_basic_read.o
LOAD build/aws_demos/debug/_ext/306685378/atca_basic_secureboot.o
LOAD build/aws_demos/debug/_ext/306685378/atca_basic_selftest.o
LOAD build/aws_demos/debug/_ext/306685378/atca_basic_sha.o
LOAD build/aws_demos/debug/_ext/306685378/atca_basic_sign.o
LOAD build/aws_demos/debug/_ext/306685378/atca_basic_updateextra.o
LOAD build/aws_demos/debug/_ext/306685378/atca_basic_verify.o
LOAD build/aws_demos/debug/_ext/306685378/atca_basic_write.o
LOAD build/aws_demos/debug/_ext/306685378/atca_helpers.o
LOAD build/aws_demos/debug/_ext/961827245/atca_crypto_sw_ecdsa.o
LOAD build/aws_demos/debug/_ext/961827245/atca_crypto_sw_rand.o
LOAD build/aws_demos/debug/_ext/961827245/atca_crypto_sw_sha1.o
LOAD build/aws_demos/debug/_ext/961827245/atca_crypto_sw_sha2.o
LOAD build/aws_demos/debug/_ext/1070826718/sha1_routines.o
LOAD build/aws_demos/debug/_ext/1070826718/sha2_routines.o
LOAD build/aws_demos/debug/_ext/544104044/atca_host.o
LOAD build/aws_demos/debug/_ext/987380901/atca_jwt.o
LOAD build/aws_demos/debug/_ext/439918565/atca_mbedtls_ecdh.o
LOAD build/aws_demos/debug/_ext/439918565/atca_mbedtls_ecdsa.o
LOAD build/aws_demos/debug/_ext/439918565/atca_mbedtls_wrap.o
LOAD build/aws_demos/debug/_ext/1326886903/pkcs11_attrib.o
LOAD build/aws_demos/debug/_ext/1326886903/pkcs11_cert.o
LOAD build/aws_demos/debug/_ext/1326886903/pkcs11_config.o
LOAD build/aws_demos/debug/_ext/1326886903/pkcs11_debug.o
LOAD build/aws_demos/debug/_ext/1326886903/pkcs11_digest.o
LOAD build/aws_demos/debug/_ext/1326886903/pkcs11_find.o
LOAD build/aws_demos/debug/_ext/1326886903/pkcs11_info.o
LOAD build/aws_demos/debug/_ext/1326886903/pkcs11_init.o
LOAD build/aws_demos/debug/_ext/1326886903/pkcs11_key.o
LOAD build/aws_demos/debug/_ext/1326886903/pkcs11_main.o
LOAD build/aws_demos/debug/_ext/1326886903/pkcs11_mech.o
LOAD build/aws_demos/debug/_ext/1326886903/pkcs11_object.o
LOAD build/aws_demos/debug/_ext/1326886903/pkcs11_os.o
LOAD build/aws_demos/debug/_ext/1326886903/pkcs11_session.o
LOAD build/aws_demos/debug/_ext/1326886903/pkcs11_signature.o
LOAD build/aws_demos/debug/_ext/1326886903/pkcs11_slot.o
LOAD build/aws_demos/debug/_ext/1326886903/pkcs11_token.o
LOAD build/aws_demos/debug/_ext/1326886903/pkcs11_util.o
LOAD build/aws_demos/debug/_ext/1110296786/plib_tc3.o
LOAD build/aws_demos/debug/_ext/484134862/sys_time.o
LOAD build/aws_demos/debug/_ext/1843304010/plib_trng.o
LOAD build/aws_demos/debug/_ext/1534684544/sys_console_uart.o
LOAD build/aws_demos/debug/_ext/2104392270/drv_spi.o
LOAD build/aws_demos/debug/_ext/2146650376/ATECC608A_0.o
LOAD build/aws_demos/debug/_ext/1762024984/sys_int.o
LOAD build/aws_demos/debug/_ext/959252812/sys_dma.o
LOAD build/aws_demos/debug/_ext/1149029443/osal_freertos.o
LOAD build/aws_demos/debug/_ext/1360937237/app.o
LOAD build/aws_demos/debug/_ext/1534096987/tasks.o
LOAD build/aws_demos/debug/_ext/731420310/plib_sercom2_usart.o
LOAD build/aws_demos/debug/_ext/1321577635/plib_evsys.o
LOAD build/aws_demos/debug/_ext/1833802790/wdrv_winc.o
LOAD build/aws_demos/debug/_ext/1833802790/wdrv_winc_assoc.o
LOAD build/aws_demos/debug/_ext/1833802790/wdrv_winc_authctx.o
LOAD build/aws_demos/debug/_ext/1833802790/wdrv_winc_bssctx.o
LOAD build/aws_demos/debug/_ext/1833802790/wdrv_winc_bssfind.o
LOAD build/aws_demos/debug/_ext/1833802790/wdrv_winc_custie.o
LOAD build/aws_demos/debug/_ext/1833802790/wdrv_winc_httpprovctx.o
LOAD build/aws_demos/debug/_ext/1833802790/wdrv_winc_nvm.o
LOAD build/aws_demos/debug/_ext/1833802790/wdrv_winc_powersave.o
LOAD build/aws_demos/debug/_ext/1833802790/wdrv_winc_socket.o
LOAD build/aws_demos/debug/_ext/1833802790/wdrv_winc_softap.o
LOAD build/aws_demos/debug/_ext/1833802790/wdrv_winc_ssl.o
LOAD build/aws_demos/debug/_ext/1833802790/wdrv_winc_sta.o
LOAD build/aws_demos/debug/_ext/1833802790/wdrv_winc_systime.o
LOAD build/aws_demos/debug/_ext/1833802790/wdrv_winc_wps.o
LOAD build/aws_demos/debug/_ext/978667550/wdrv_winc_eint.o
LOAD build/aws_demos/debug/_ext/978667550/wdrv_winc_gpio.o
LOAD build/aws_demos/debug/_ext/384060547/wdrv_winc_spi.o
LOAD build/aws_demos/debug/_ext/1289849308/wdrv_winc_osal.o
LOAD build/aws_demos/debug/_ext/2059254151/nm_common.o
LOAD build/aws_demos/debug/_ext/2090543044/m2m_flash.o
LOAD build/aws_demos/debug/_ext/2090543044/m2m_hif.o
LOAD build/aws_demos/debug/_ext/2090543044/m2m_periph.o
LOAD build/aws_demos/debug/_ext/2090543044/m2m_wifi.o
LOAD build/aws_demos/debug/_ext/2090543044/nmasic.o
LOAD build/aws_demos/debug/_ext/2090543044/nmbus.o
LOAD build/aws_demos/debug/_ext/2090543044/nmdrv.o
LOAD build/aws_demos/debug/_ext/2090543044/nmflash.o
LOAD build/aws_demos/debug/_ext/2090543044/nmspi.o
LOAD build/aws_demos/debug/_ext/1151736449/spi_flash.o
LOAD build/aws_demos/debug/_ext/2090543044/m2m_ota.o
LOAD build/aws_demos/debug/_ext/2090543044/m2m_ssl.o
LOAD build/aws_demos/debug/_ext/1777946865/socket.o
LOAD build/aws_demos/debug/_ext/1777946865/inet_ntop.o
LOAD build/aws_demos/debug/_ext/1777946865/inet_addr.o
LOAD build/aws_demos/debug/_ext/230789302/plib_sercom7_i2c_master.o
LOAD build/aws_demos/debug/_ext/1991396724/sys_command.o
LOAD build/aws_demos/debug/_ext/731420310/plib_sercom6_usart.o
LOAD build/aws_demos/debug/_ext/1360937237/main.o
LOAD build/aws_demos/debug/_ext/1534096987/initialization.o
LOAD build/aws_demos/debug/_ext/1534096987/interrupts.o
LOAD build/aws_demos/debug/_ext/1534096987/exceptions.o
LOAD build/aws_demos/debug/_ext/1263901141/xc32_monitor.o
LOAD build/aws_demos/debug/_ext/1843425920/plib_port.o
LOAD build/aws_demos/debug/_ext/1323727121/plib_clock.o
LOAD build/aws_demos/debug/_ext/1843479071/plib_nvic.o
LOAD build/aws_demos/debug/_ext/1843785878/plib_dmac.o
LOAD build/aws_demos/debug/_ext/1534096987/startup_xc32.o
LOAD build/aws_demos/debug/_ext/1534096987/libc_syscalls.o
LOAD build/aws_demos/debug/_ext/1916130672/plib_sercom4_spi.o
LOAD build/aws_demos/debug/_ext/59476128/plib_eic.o
LOAD build/aws_demos/debug/_ext/1931625852/sys_debug.o
LOAD build/aws_demos/debug/_ext/988341903/aws_iot_demo_defender.o
LOAD build/aws_demos/debug/_ext/1223942466/aws_demo.o
LOAD build/aws_demos/debug/_ext/1223942466/aws_demo_network_addr.o
LOAD build/aws_demos/debug/_ext/1223942466/aws_demo_version.o
LOAD build/aws_demos/debug/_ext/1223942466/iot_demo_freertos.o
LOAD build/aws_demos/debug/_ext/1223942466/iot_demo_runner.o
LOAD build/aws_demos/debug/_ext/198771642/aws_dev_mode_key_provisioning.o
LOAD build/aws_demos/debug/_ext/905468053/aws_greengrass_discovery_demo.o
LOAD build/aws_demos/debug/_ext/1741632483/iot_demo_https_common.o
LOAD build/aws_demos/debug/_ext/1741632483/iot_demo_https_s3_download_async.o
LOAD build/aws_demos/debug/_ext/1741632483/iot_demo_https_s3_download_sync.o
LOAD build/aws_demos/debug/_ext/1741632483/iot_demo_https_s3_upload_async.o
LOAD build/aws_demos/debug/_ext/1741632483/iot_demo_https_s3_upload_sync.o
LOAD build/aws_demos/debug/_ext/1441508942/iot_demo_mqtt.o
LOAD build/aws_demos/debug/_ext/2040524622/aws_iot_demo_network.o
LOAD build/aws_demos/debug/_ext/2040524622/aws_iot_network_manager.o
LOAD build/aws_demos/debug/_ext/1986160946/aws_iot_ota_update_demo.o
LOAD build/aws_demos/debug/_ext/2147228718/aws_iot_demo_shadow.o
LOAD build/aws_demos/debug/_ext/1986156653/aws_tcp_echo_client_single_task.o
LOAD build/aws_demos/debug/_ext/811507611/croutine.o
LOAD build/aws_demos/debug/_ext/811507611/event_groups.o
LOAD build/aws_demos/debug/_ext/811507611/list.o
LOAD build/aws_demos/debug/_ext/811507611/queue.o
LOAD build/aws_demos/debug/_ext/811507611/stream_buffer.o
LOAD build/aws_demos/debug/_ext/811507611/tasks.o
LOAD build/aws_demos/debug/_ext/811507611/timers.o
LOAD build/aws_demos/debug/_ext/490551821/http_parser.o
LOAD build/aws_demos/debug/_ext/1206754867/jsmn.o
LOAD build/aws_demos/debug/_ext/684768522/aes.o
LOAD build/aws_demos/debug/_ext/684768522/aesni.o
LOAD build/aws_demos/debug/_ext/684768522/arc4.o
LOAD build/aws_demos/debug/_ext/684768522/asn1parse.o
LOAD build/aws_demos/debug/_ext/684768522/asn1write.o
LOAD build/aws_demos/debug/_ext/684768522/base64.o
LOAD build/aws_demos/debug/_ext/684768522/bignum.o
LOAD build/aws_demos/debug/_ext/684768522/blowfish.o
LOAD build/aws_demos/debug/_ext/684768522/camellia.o
LOAD build/aws_demos/debug/_ext/684768522/ccm.o
LOAD build/aws_demos/debug/_ext/684768522/certs.o
LOAD build/aws_demos/debug/_ext/684768522/cipher.o
LOAD build/aws_demos/debug/_ext/684768522/cipher_wrap.o
LOAD build/aws_demos/debug/_ext/684768522/cmac.o
LOAD build/aws_demos/debug/_ext/684768522/ctr_drbg.o
LOAD build/aws_demos/debug/_ext/684768522/debug.o
LOAD build/aws_demos/debug/_ext/684768522/des.o
LOAD build/aws_demos/debug/_ext/684768522/dhm.o
LOAD build/aws_demos/debug/_ext/684768522/ecdh.o
LOAD build/aws_demos/debug/_ext/684768522/ecdsa.o
LOAD build/aws_demos/debug/_ext/684768522/ecjpake.o
LOAD build/aws_demos/debug/_ext/684768522/ecp.o
LOAD build/aws_demos/debug/_ext/684768522/ecp_curves.o
LOAD build/aws_demos/debug/_ext/684768522/entropy.o
LOAD build/aws_demos/debug/_ext/684768522/entropy_poll.o
LOAD build/aws_demos/debug/_ext/684768522/error.o
LOAD build/aws_demos/debug/_ext/684768522/gcm.o
LOAD build/aws_demos/debug/_ext/684768522/havege.o
LOAD build/aws_demos/debug/_ext/684768522/hmac_drbg.o
LOAD build/aws_demos/debug/_ext/684768522/md.o
LOAD build/aws_demos/debug/_ext/684768522/md2.o
LOAD build/aws_demos/debug/_ext/684768522/md4.o
LOAD build/aws_demos/debug/_ext/684768522/md5.o
LOAD build/aws_demos/debug/_ext/684768522/md_wrap.o
LOAD build/aws_demos/debug/_ext/684768522/memory_buffer_alloc.o
LOAD build/aws_demos/debug/_ext/684768522/net_sockets.o
LOAD build/aws_demos/debug/_ext/684768522/oid.o
LOAD build/aws_demos/debug/_ext/684768522/padlock.o
LOAD build/aws_demos/debug/_ext/684768522/pem.o
LOAD build/aws_demos/debug/_ext/684768522/pk.o
LOAD build/aws_demos/debug/_ext/684768522/pkcs12.o
LOAD build/aws_demos/debug/_ext/684768522/pkcs5.o
LOAD build/aws_demos/debug/_ext/684768522/pkparse.o
LOAD build/aws_demos/debug/_ext/684768522/pkwrite.o
LOAD build/aws_demos/debug/_ext/684768522/pk_wrap.o
LOAD build/aws_demos/debug/_ext/684768522/platform.o
LOAD build/aws_demos/debug/_ext/684768522/platform_util.o
LOAD build/aws_demos/debug/_ext/684768522/ripemd160.o
LOAD build/aws_demos/debug/_ext/684768522/rsa.o
LOAD build/aws_demos/debug/_ext/684768522/rsa_internal.o
LOAD build/aws_demos/debug/_ext/684768522/sha1.o
LOAD build/aws_demos/debug/_ext/684768522/sha256.o
LOAD build/aws_demos/debug/_ext/684768522/sha512.o
LOAD build/aws_demos/debug/_ext/684768522/ssl_cache.o
LOAD build/aws_demos/debug/_ext/684768522/ssl_ciphersuites.o
LOAD build/aws_demos/debug/_ext/684768522/ssl_cli.o
LOAD build/aws_demos/debug/_ext/684768522/ssl_cookie.o
LOAD build/aws_demos/debug/_ext/684768522/ssl_srv.o
LOAD build/aws_demos/debug/_ext/684768522/ssl_ticket.o
LOAD build/aws_demos/debug/_ext/684768522/ssl_tls.o
LOAD build/aws_demos/debug/_ext/684768522/threading.o
LOAD build/aws_demos/debug/_ext/684768522/timing.o
LOAD build/aws_demos/debug/_ext/684768522/version.o
LOAD build/aws_demos/debug/_ext/684768522/version_features.o
LOAD build/aws_demos/debug/_ext/684768522/x509.o
LOAD build/aws_demos/debug/_ext/684768522/x509write_crt.o
LOAD build/aws_demos/debug/_ext/684768522/x509write_csr.o
LOAD build/aws_demos/debug/_ext/684768522/x509_create.o
LOAD build/aws_demos/debug/_ext/684768522/x509_crl.o
LOAD build/aws_demos/debug/_ext/684768522/x509_crt.o
LOAD build/aws_demos/debug/_ext/684768522/x509_csr.o
LOAD build/aws_demos/debug/_ext/684768522/xtea.o
LOAD build/aws_demos/debug/_ext/2077790016/mbedtls_utils.o
LOAD build/aws_demos/debug/_ext/1057560203/cborencoder.o
LOAD build/aws_demos/debug/_ext/1057560203/cborencoder_close_container_checked.o
LOAD build/aws_demos/debug/_ext/1057560203/cborerrorstrings.o
LOAD build/aws_demos/debug/_ext/1057560203/cborparser.o
LOAD build/aws_demos/debug/_ext/1057560203/cborparser_dup_string.o
LOAD build/aws_demos/debug/_ext/1057560203/cborpretty.o
LOAD build/aws_demos/debug/_ext/1057560203/cborpretty_stdio.o
LOAD build/aws_demos/debug/_ext/1057560203/cborvalidation.o
LOAD build/aws_demos/debug/_ext/1193839791/aes_decrypt.o
LOAD build/aws_demos/debug/_ext/1193839791/aes_encrypt.o
LOAD build/aws_demos/debug/_ext/1193839791/cbc_mode.o
LOAD build/aws_demos/debug/_ext/1193839791/ccm_mode.o
LOAD build/aws_demos/debug/_ext/1193839791/cmac_mode.o
LOAD build/aws_demos/debug/_ext/1193839791/ctr_mode.o
LOAD build/aws_demos/debug/_ext/1193839791/ctr_prng.o
LOAD build/aws_demos/debug/_ext/1193839791/ecc.o
LOAD build/aws_demos/debug/_ext/1193839791/ecc_dh.o
LOAD build/aws_demos/debug/_ext/1193839791/ecc_dsa.o
LOAD build/aws_demos/debug/_ext/1193839791/ecc_platform_specific.o
LOAD build/aws_demos/debug/_ext/1193839791/hmac.o
LOAD build/aws_demos/debug/_ext/1193839791/hmac_prng.o
LOAD build/aws_demos/debug/_ext/1193839791/sha256.o
LOAD build/aws_demos/debug/_ext/1193839791/utils.o
LOAD build/aws_demos/debug/_ext/520142351/iot_clock_freertos.o
LOAD build/aws_demos/debug/_ext/520142351/iot_metrics.o
LOAD build/aws_demos/debug/_ext/520142351/iot_network_freertos.o
LOAD build/aws_demos/debug/_ext/520142351/iot_threads_freertos.o
LOAD build/aws_demos/debug/_ext/1901419232/aws_iot_defender_api.o
LOAD build/aws_demos/debug/_ext/1901419232/aws_iot_defender_collector.o
LOAD build/aws_demos/debug/_ext/1901419232/aws_iot_defender_mqtt.o
LOAD build/aws_demos/debug/_ext/1901419232/aws_iot_defender_v1.o
LOAD build/aws_demos/debug/_ext/1647995491/aws_iot_shadow_api.o
LOAD build/aws_demos/debug/_ext/1647995491/aws_iot_shadow_operation.o
LOAD build/aws_demos/debug/_ext/1647995491/aws_iot_shadow_parser.o
LOAD build/aws_demos/debug/_ext/1647995491/aws_iot_shadow_static_memory.o
LOAD build/aws_demos/debug/_ext/1647995491/aws_iot_shadow_subscription.o
LOAD build/aws_demos/debug/_ext/1647995491/aws_shadow.o
LOAD build/aws_demos/debug/_ext/13066905/iot_device_metrics.o
LOAD build/aws_demos/debug/_ext/13066905/iot_init.o
LOAD build/aws_demos/debug/_ext/13066905/iot_static_memory_common.o
LOAD build/aws_demos/debug/_ext/227692215/iot_logging.o
LOAD build/aws_demos/debug/_ext/227692215/iot_logging_task_dynamic_buffers.o
LOAD build/aws_demos/debug/_ext/333408969/iot_taskpool.o
LOAD build/aws_demos/debug/_ext/333408969/iot_taskpool_static_memory.o
LOAD build/aws_demos/debug/_ext/1046953532/iot_https_client.o
LOAD build/aws_demos/debug/_ext/1046953532/iot_https_utils.o
LOAD build/aws_demos/debug/_ext/1739149067/iot_mqtt_agent.o
LOAD build/aws_demos/debug/_ext/1739149067/iot_mqtt_api.o
LOAD build/aws_demos/debug/_ext/1739149067/iot_mqtt_network.o
LOAD build/aws_demos/debug/_ext/1739149067/iot_mqtt_operation.o
LOAD build/aws_demos/debug/_ext/1739149067/iot_mqtt_serialize.o
LOAD build/aws_demos/debug/_ext/1739149067/iot_mqtt_static_memory.o
LOAD build/aws_demos/debug/_ext/1739149067/iot_mqtt_subscription.o
LOAD build/aws_demos/debug/_ext/1739149067/iot_mqtt_validate.o
LOAD build/aws_demos/debug/_ext/255083950/iot_serializer_tinycbor_decoder.o
LOAD build/aws_demos/debug/_ext/255083950/iot_serializer_tinycbor_encoder.o
LOAD build/aws_demos/debug/_ext/2051690653/iot_json_utils.o
LOAD build/aws_demos/debug/_ext/2051690653/iot_serializer_static_memory.o
LOAD build/aws_demos/debug/_ext/255308820/iot_serializer_json_decoder.o
LOAD build/aws_demos/debug/_ext/255308820/iot_serializer_json_encoder.o
LOAD build/aws_demos/debug/_ext/524897113/aws_greengrass_discovery.o
LOAD build/aws_demos/debug/_ext/524897113/aws_helper_secure_connect.o
LOAD build/aws_demos/debug/_ext/350635301/iot_crypto.o
LOAD build/aws_demos/debug/_ext/1682906662/FreeRTOS_ARP.o
LOAD build/aws_demos/debug/_ext/1682906662/FreeRTOS_DHCP.o
LOAD build/aws_demos/debug/_ext/1682906662/FreeRTOS_DNS.o
LOAD build/aws_demos/debug/_ext/1682906662/FreeRTOS_IP.o
LOAD build/aws_demos/debug/_ext/1682906662/FreeRTOS_Sockets.o
LOAD build/aws_demos/debug/_ext/1682906662/FreeRTOS_Stream_Buffer.o
LOAD build/aws_demos/debug/_ext/1682906662/FreeRTOS_TCP_IP.o
LOAD build/aws_demos/debug/_ext/1682906662/FreeRTOS_TCP_WIN.o
LOAD build/aws_demos/debug/_ext/1682906662/FreeRTOS_UDP_IP.o
LOAD build/aws_demos/debug/_ext/2138053595/iot_pkcs11.o
LOAD build/aws_demos/debug/_ext/2039890517/iot_tls.o
LOAD build/aws_demos/debug/_ext/1120274527/iot_pki_utils.o
LOAD build/aws_demos/debug/_ext/1120274527/iot_system_init.o
LOAD build/aws_demos/debug/_ext/1534684544/sys_console.o
LOAD build/aws_demos/debug/_ext/2146650376/hal_i2c_harmony.o
LOAD build/aws_demos/debug/_ext/2146650376/atca_hal.o
LOAD build/aws_demos/debug/_ext/2146650376/hal_freertos.o
LOAD build/aws_demos/debug/_ext/2146650376/hal_i2c_harmony_init.o
LOAD build/aws_demos/debug/_ext/2146650376/hal_cortex_m_delay.o
                0x00000001                __MPLAB_BUILD = 0x1
                0x00000001                __ICD2RAM = 0x1
                0x00000001                __MPLAB_DEBUG = 0x1
                0x00000001                __DEBUG = 0x1
                0x00000200                _min_heap_size = 0x200
                0x000003e8                _min_stack_size = 0x3e8
START GROUP
LOAD c:/program files/microchip/xc32/v2.40/bin/bin/../../lib/gcc/pic32c/6.2.1/../../../../pic32c/lib/v7e-m/fpv4-sp/hard\libpic32c.a
LOAD c:/program files/microchip/xc32/v2.40/bin/bin/../../lib/gcc/pic32c/6.2.1/v7e-m/fpv4-sp/hard\libgcc.a
LOAD c:/program files/microchip/xc32/v2.40/bin/bin/../../lib/gcc/pic32c/6.2.1/../../../../pic32c/lib/v7e-m/fpv4-sp/hard\libg_nano.a
LOAD c:/program files/microchip/xc32/v2.40/bin/bin/../../lib/gcc/pic32c/6.2.1/../../../../pic32c/lib/v7e-m/fpv4-sp/hard\libm_nano.a
LOAD c:/program files/microchip/xc32/v2.40/bin/bin/../../lib/gcc/pic32c/6.2.1/../../../../pic32c/lib/v7e-m/fpv4-sp/hard\libc_nano.a
END GROUP
LOAD c:/program files/microchip/xc32/v2.40/bin/bin/../../lib/gcc/pic32c/6.2.1/v7e-m/fpv4-sp/hard/crtend.o
LOAD c:/program files/microchip/xc32/v2.40/bin/bin/../../lib/gcc/pic32c/6.2.1/v7e-m/fpv4-sp/hard/crtn.o
                0x00100000                __rom_end = (ORIGIN (rom) + LENGTH (rom))
                0x2003ff00                __ram_end = (ORIGIN (ram) + LENGTH (ram))

.config_00804000
                0x00804000        0x4
 *(.config_00804000)
 .config_00804000
                0x00804000        0x4 build/aws_demos/debug/_ext/1534096987/initialization.o

.config_00804004
                0x00804004        0x4
 *(.config_00804004)
 .config_00804004
                0x00804004        0x4 build/aws_demos/debug/_ext/1534096987/initialization.o

.config_00804008
                0x00804008        0x4
 *(.config_00804008)
 .config_00804008
                0x00804008        0x4 build/aws_demos/debug/_ext/1534096987/initialization.o

.vectors        0x00000000      0x264
                0x00000000                . = ALIGN (0x4)
                0x00000000                _sfixed = .
 *(.vectors .vectors.* .vectors_default .vectors_default.*)
 .vectors       0x00000000      0x264 build/aws_demos/debug/_ext/1534096987/interrupts.o
                0x00000000                exception_table
 *(.isr_vector)
 *(.reset*)
 *(.after_vectors)

.text           0x00000264       0x20
                0x00000264                . = ALIGN (0x4)
 *(.glue_7t)
 .glue_7t       0x00000264        0x0 linker stubs
 *(.glue_7)
 .glue_7        0x00000264        0x0 linker stubs
 *(.gnu.linkonce.r.*)
 *(.ARM.extab* .gnu.linkonce.armextab.*)
                0x00000264                . = ALIGN (0x4)
 *(.init)
 .init          0x00000264        0x4 c:/program files/microchip/xc32/v2.40/bin/bin/../../lib/gcc/pic32c/6.2.1/v7e-m/fpv4-sp/hard/crti.o
                0x00000264                _init
 .init          0x00000268        0x8 c:/program files/microchip/xc32/v2.40/bin/bin/../../lib/gcc/pic32c/6.2.1/v7e-m/fpv4-sp/hard/crtn.o
                0x00000270                . = ALIGN (0x4)
                0x00000270                __preinit_array_start = .
 *(.preinit_array)
                0x00000270                __preinit_array_end = .
                0x00000270                . = ALIGN (0x4)
                0x00000270                __init_array_start = .
 *(SORT(.init_array.*))
 *(.init_array)
 .init_array    0x00000270        0x4 c:/program files/microchip/xc32/v2.40/bin/bin/../../lib/gcc/pic32c/6.2.1/v7e-m/fpv4-sp/hard/crtbegin.o
                0x00000274                __init_array_end = .
                0x00000274                . = ALIGN (0x4)
 *crtbegin.o(.ctors)
 *(EXCLUDE_FILE(*crtend.o) .ctors)
 *(SORT(.ctors.*))
 *crtend.o(.ctors)
                0x00000274                . = ALIGN (0x4)
 *(.fini)
 .fini          0x00000274        0x4 c:/program files/microchip/xc32/v2.40/bin/bin/../../lib/gcc/pic32c/6.2.1/v7e-m/fpv4-sp/hard/crti.o
                0x00000274                _fini
 .fini          0x00000278        0x8 c:/program files/microchip/xc32/v2.40/bin/bin/../../lib/gcc/pic32c/6.2.1/v7e-m/fpv4-sp/hard/crtn.o
                0x00000280                . = ALIGN (0x4)
                0x00000280                __fini_array_start = .
 *(.fini_array)
 .fini_array    0x00000280        0x4 c:/program files/microchip/xc32/v2.40/bin/bin/../../lib/gcc/pic32c/6.2.1/v7e-m/fpv4-sp/hard/crtbegin.o
 *(SORT(.fini_array.*))
                0x00000284                __fini_array_end = .
 *crtbegin.o(.dtors)
 *(EXCLUDE_FILE(*crtend.o) .dtors)
 *(SORT(.dtors.*))
 *crtend.o(.dtors)
                0x00000284                . = ALIGN (0x4)
                0x00000284                _efixed = .
                [!provide]                PROVIDE (__exidx_start, .)

.ARM.exidx      0x00000284        0x8
 *(.ARM.exidx* .gnu.linkonce.armexidx.*)
 .ARM.exidx     0x00000284        0x8 c:/program files/microchip/xc32/v2.40/bin/bin/../../lib/gcc/pic32c/6.2.1/v7e-m/fpv4-sp/hard\libgcc.a(_udivmoddi4.o)
                [!provide]                PROVIDE (__exidx_end, .)
                0x0000028c                . = ALIGN (0x4)
                0x0000028c                _etext = .

.bss            0x20000100      0x564
                0x20000100                . = ALIGN (0x4)
                0x20000100                __bss_start__ = .
                0x20000100                _sbss = .
                0x20000100                _szero = .
 *(COMMON)
 COMMON         0x20000100      0x204 build/aws_demos/debug/_ext/2009324866/aws_wifi.o
                0x20000100                g_network_param
                0x20000300                waiting_task
 COMMON         0x20000304       0x34 build/aws_demos/debug/_ext/306685378/atca_basic.o
                0x20000304                g_atcab_device
                0x2000030c                g_atcab_iface
                0x20000334                g_atcab_command
 COMMON         0x20000338       0x80 build/aws_demos/debug/_ext/1326886903/pkcs11_object.o
                0x20000338                pkcs11_object_cache
 COMMON         0x200003b8        0x8 build/aws_demos/debug/_ext/1110296786/plib_tc3.o
                0x200003b8                TC3_CallbackObject
 COMMON         0x200003c0        0x1 build/aws_demos/debug/_ext/1360937237/app.o
                0x200003c0                appData
 *fill*         0x200003c1        0x3 
 COMMON         0x200003c4        0x4 build/aws_demos/debug/_ext/1534096987/tasks.o
                0x200003c4                xAPP_Tasks
 COMMON         0x200003c8       0x30 build/aws_demos/debug/_ext/731420310/plib_sercom2_usart.o
                0x200003c8                sercom2USARTObj
 COMMON         0x200003f8        0x4 build/aws_demos/debug/_ext/1833802790/wdrv_winc.o
                0x200003f8                pfWINCDebugPrintCb
 COMMON         0x200003fc       0xb8 build/aws_demos/debug/_ext/1777946865/socket.o
                0x200003fc                gastrSockets
                0x200004ac                gpfAppSocketCb
                0x200004b0                gpfAppResolveCb
 COMMON         0x200004b4       0x38 build/aws_demos/debug/_ext/731420310/plib_sercom6_usart.o
                0x200004b4                sercom6USARTObj
 COMMON         0x200004ec       0x30 build/aws_demos/debug/_ext/1360937237/main.o
                0x200004ec                cfg_ateccx08a_i2c_default
 COMMON         0x2000051c       0x14 build/aws_demos/debug/_ext/1534096987/initialization.o
                0x2000051c                sysObj
 COMMON         0x20000530       0x40 build/aws_demos/debug/_ext/1843785878/plib_dmac.o
                0x20000530                dmacChannelObj
 COMMON         0x20000570       0x2c build/aws_demos/debug/_ext/1916130672/plib_sercom4_spi.o
                0x20000570                sercom4SPIObj
 COMMON         0x2000059c       0xc0 build/aws_demos/debug/_ext/59476128/plib_eic.o
                0x2000059c                eicCallbackObject
 COMMON         0x2000065c        0x1 build/aws_demos/debug/_ext/1931625852/sys_debug.o
                0x2000065c                gblErrLvl
 *fill*         0x2000065d        0x3 
 COMMON         0x20000660        0x4 c:/program files/microchip/xc32/v2.40/bin/bin/../../lib/gcc/pic32c/6.2.1/../../../../pic32c/lib/v7e-m/fpv4-sp/hard\libg_nano.a(lib_a-reent.o)
                0x20000660                errno
                0x20000664                . = ALIGN (0x4)
                0x20000664                __bss_end__ = .
                0x20000664                _ebss = .
                0x20000664                _ezero = .
                0x20000664                . = ALIGN (0x4)
                0x20000664                _end = .
                0x2003feff                _ram_end_ = ((ORIGIN (ram) + LENGTH (ram)) - 0x1)
OUTPUT(dist/aws_demos/debug/aws_demos.X.debug.elf elf32-littlearm)
LOAD stack
LOAD data_init

.ARM.attributes
                0x00000000       0x30
 .ARM.attributes
                0x00000000       0x22 c:/program files/microchip/xc32/v2.40/bin/bin/../../lib/gcc/pic32c/6.2.1/v7e-m/fpv4-sp/hard/crti.o
 .ARM.attributes
                0x00000022       0x34 c:/program files/microchip/xc32/v2.40/bin/bin/../../lib/gcc/pic32c/6.2.1/v7e-m/fpv4-sp/hard/crtbegin.o
 .ARM.attributes
                0x00000056       0x39 build/aws_demos/debug/_ext/665618993/plib_nvmctrl.o
 .ARM.attributes
                0x0000008f       0x39 build/aws_demos/debug/_ext/1385882503/port.o
 .ARM.attributes
                0x000000c8       0x39 build/aws_demos/debug/_ext/1168480030/heap_4.o
 .ARM.attributes
                0x00000101       0x39 build/aws_demos/debug/_ext/787859085/atca_cert_chain.o
 .ARM.attributes
                0x0000013a       0x39 build/aws_demos/debug/_ext/1972722184/iot_pkcs11_secure_element.o
 .ARM.attributes
                0x00000173       0x39 build/aws_demos/debug/_ext/2009324866/aws_wifi.o
 .ARM.attributes
                0x000001ac       0x39 build/aws_demos/debug/_ext/2009324866/iot_secure_sockets.o
 .ARM.attributes
                0x000001e5       0x39 build/aws_demos/debug/_ext/1456806047/atcacert_client.o
 .ARM.attributes
                0x0000021e       0x39 build/aws_demos/debug/_ext/1456806047/atcacert_date.o
 .ARM.attributes
                0x00000257       0x39 build/aws_demos/debug/_ext/1456806047/atcacert_def.o
 .ARM.attributes
                0x00000290       0x39 build/aws_demos/debug/_ext/1456806047/atcacert_der.o
 .ARM.attributes
                0x000002c9       0x39 build/aws_demos/debug/_ext/1456806047/atcacert_pem.o
 .ARM.attributes
                0x00000302       0x39 build/aws_demos/debug/_ext/1009855837/atca_command.o
 .ARM.attributes
                0x0000033b       0x39 build/aws_demos/debug/_ext/1009855837/atca_device.o
 .ARM.attributes
                0x00000374       0x39 build/aws_demos/debug/_ext/1009855837/atca_execution.o
 .ARM.attributes
                0x000003ad       0x39 build/aws_demos/debug/_ext/1009855837/atca_iface.o
 .ARM.attributes
                0x000003e6       0x39 build/aws_demos/debug/_ext/306685378/atca_basic.o
 .ARM.attributes
                0x0000041f       0x39 build/aws_demos/debug/_ext/306685378/atca_basic_checkmac.o
 .ARM.attributes
                0x00000458       0x39 build/aws_demos/debug/_ext/306685378/atca_basic_ecdh.o
 .ARM.attributes
                0x00000491       0x39 build/aws_demos/debug/_ext/306685378/atca_basic_gendig.o
 .ARM.attributes
                0x000004ca       0x39 build/aws_demos/debug/_ext/306685378/atca_basic_genkey.o
 .ARM.attributes
                0x00000503       0x39 build/aws_demos/debug/_ext/306685378/atca_basic_info.o
 .ARM.attributes
                0x0000053c       0x39 build/aws_demos/debug/_ext/306685378/atca_basic_lock.o
 .ARM.attributes
                0x00000575       0x39 build/aws_demos/debug/_ext/306685378/atca_basic_nonce.o
 .ARM.attributes
                0x000005ae       0x39 build/aws_demos/debug/_ext/306685378/atca_basic_privwrite.o
 .ARM.attributes
                0x000005e7       0x39 build/aws_demos/debug/_ext/306685378/atca_basic_random.o
 .ARM.attributes
                0x00000620       0x39 build/aws_demos/debug/_ext/306685378/atca_basic_read.o
 .ARM.attributes
                0x00000659       0x39 build/aws_demos/debug/_ext/306685378/atca_basic_sign.o
 .ARM.attributes
                0x00000692       0x39 build/aws_demos/debug/_ext/306685378/atca_basic_updateextra.o
 .ARM.attributes
                0x000006cb       0x39 build/aws_demos/debug/_ext/306685378/atca_basic_verify.o
 .ARM.attributes
                0x00000704       0x39 build/aws_demos/debug/_ext/306685378/atca_basic_write.o
 .ARM.attributes
                0x0000073d       0x39 build/aws_demos/debug/_ext/306685378/atca_helpers.o
 .ARM.attributes
                0x00000776       0x39 build/aws_demos/debug/_ext/961827245/atca_crypto_sw_sha1.o
 .ARM.attributes
                0x000007af       0x39 build/aws_demos/debug/_ext/961827245/atca_crypto_sw_sha2.o
 .ARM.attributes
                0x000007e8       0x39 build/aws_demos/debug/_ext/1070826718/sha1_routines.o
 .ARM.attributes
                0x00000821       0x39 build/aws_demos/debug/_ext/1070826718/sha2_routines.o
 .ARM.attributes
                0x0000085a       0x39 build/aws_demos/debug/_ext/544104044/atca_host.o
 .ARM.attributes
                0x00000893       0x39 build/aws_demos/debug/_ext/1326886903/pkcs11_attrib.o
 .ARM.attributes
                0x000008cc       0x39 build/aws_demos/debug/_ext/1326886903/pkcs11_cert.o
 .ARM.attributes
                0x00000905       0x39 build/aws_demos/debug/_ext/1326886903/pkcs11_config.o
 .ARM.attributes
                0x0000093e       0x39 build/aws_demos/debug/_ext/1326886903/pkcs11_digest.o
 .ARM.attributes
                0x00000977       0x39 build/aws_demos/debug/_ext/1326886903/pkcs11_find.o
 .ARM.attributes
                0x000009b0       0x39 build/aws_demos/debug/_ext/1326886903/pkcs11_info.o
 .ARM.attributes
                0x000009e9       0x39 build/aws_demos/debug/_ext/1326886903/pkcs11_init.o
 .ARM.attributes
                0x00000a22       0x39 build/aws_demos/debug/_ext/1326886903/pkcs11_key.o
 .ARM.attributes
                0x00000a5b       0x39 build/aws_demos/debug/_ext/1326886903/pkcs11_main.o
 .ARM.attributes
                0x00000a94       0x39 build/aws_demos/debug/_ext/1326886903/pkcs11_mech.o
 .ARM.attributes
                0x00000acd       0x39 build/aws_demos/debug/_ext/1326886903/pkcs11_object.o
 .ARM.attributes
                0x00000b06       0x39 build/aws_demos/debug/_ext/1326886903/pkcs11_os.o
 .ARM.attributes
                0x00000b3f       0x39 build/aws_demos/debug/_ext/1326886903/pkcs11_session.o
 .ARM.attributes
                0x00000b78       0x39 build/aws_demos/debug/_ext/1326886903/pkcs11_signature.o
 .ARM.attributes
                0x00000bb1       0x39 build/aws_demos/debug/_ext/1326886903/pkcs11_slot.o
 .ARM.attributes
                0x00000bea       0x39 build/aws_demos/debug/_ext/1326886903/pkcs11_token.o
 .ARM.attributes
                0x00000c23       0x39 build/aws_demos/debug/_ext/1326886903/pkcs11_util.o
 .ARM.attributes
                0x00000c5c       0x39 build/aws_demos/debug/_ext/1110296786/plib_tc3.o
 .ARM.attributes
                0x00000c95       0x39 build/aws_demos/debug/_ext/484134862/sys_time.o
 .ARM.attributes
                0x00000cce       0x39 build/aws_demos/debug/_ext/1843304010/plib_trng.o
 .ARM.attributes
                0x00000d07       0x39 build/aws_demos/debug/_ext/1534684544/sys_console_uart.o
 .ARM.attributes
                0x00000d40       0x39 build/aws_demos/debug/_ext/2104392270/drv_spi.o
 .ARM.attributes
                0x00000d79       0x39 build/aws_demos/debug/_ext/2146650376/ATECC608A_0.o
 .ARM.attributes
                0x00000db2       0x39 build/aws_demos/debug/_ext/1762024984/sys_int.o
 .ARM.attributes
                0x00000deb       0x39 build/aws_demos/debug/_ext/959252812/sys_dma.o
 .ARM.attributes
                0x00000e24       0x39 build/aws_demos/debug/_ext/1149029443/osal_freertos.o
 .ARM.attributes
                0x00000e5d       0x39 build/aws_demos/debug/_ext/1360937237/app.o
 .ARM.attributes
                0x00000e96       0x39 build/aws_demos/debug/_ext/1534096987/tasks.o
 .ARM.attributes
                0x00000ecf       0x39 build/aws_demos/debug/_ext/731420310/plib_sercom2_usart.o
 .ARM.attributes
                0x00000f08       0x39 build/aws_demos/debug/_ext/1321577635/plib_evsys.o
 .ARM.attributes
                0x00000f41       0x39 build/aws_demos/debug/_ext/1833802790/wdrv_winc.o
 .ARM.attributes
                0x00000f7a       0x39 build/aws_demos/debug/_ext/1833802790/wdrv_winc_authctx.o
 .ARM.attributes
                0x00000fb3       0x39 build/aws_demos/debug/_ext/1833802790/wdrv_winc_bssctx.o
 .ARM.attributes
                0x00000fec       0x39 build/aws_demos/debug/_ext/1833802790/wdrv_winc_socket.o
 .ARM.attributes
                0x00001025       0x39 build/aws_demos/debug/_ext/1833802790/wdrv_winc_sta.o
 .ARM.attributes
                0x0000105e       0x39 build/aws_demos/debug/_ext/1833802790/wdrv_winc_systime.o
 .ARM.attributes
                0x00001097       0x39 build/aws_demos/debug/_ext/978667550/wdrv_winc_eint.o
 .ARM.attributes
                0x000010d0       0x39 build/aws_demos/debug/_ext/978667550/wdrv_winc_gpio.o
 .ARM.attributes
                0x00001109       0x39 build/aws_demos/debug/_ext/384060547/wdrv_winc_spi.o
 .ARM.attributes
                0x00001142       0x39 build/aws_demos/debug/_ext/1289849308/wdrv_winc_osal.o
 .ARM.attributes
                0x0000117b       0x39 build/aws_demos/debug/_ext/2059254151/nm_common.o
 .ARM.attributes
                0x000011b4       0x39 build/aws_demos/debug/_ext/2090543044/m2m_flash.o
 .ARM.attributes
                0x000011ed       0x39 build/aws_demos/debug/_ext/2090543044/m2m_hif.o
 .ARM.attributes
                0x00001226       0x39 build/aws_demos/debug/_ext/2090543044/m2m_wifi.o
 .ARM.attributes
                0x0000125f       0x39 build/aws_demos/debug/_ext/2090543044/nmasic.o
 .ARM.attributes
                0x00001298       0x39 build/aws_demos/debug/_ext/2090543044/nmbus.o
 .ARM.attributes
                0x000012d1       0x39 build/aws_demos/debug/_ext/2090543044/nmdrv.o
 .ARM.attributes
                0x0000130a       0x39 build/aws_demos/debug/_ext/2090543044/nmflash.o
 .ARM.attributes
                0x00001343       0x39 build/aws_demos/debug/_ext/2090543044/nmspi.o
 .ARM.attributes
                0x0000137c       0x39 build/aws_demos/debug/_ext/1151736449/spi_flash.o
 .ARM.attributes
                0x000013b5       0x39 build/aws_demos/debug/_ext/2090543044/m2m_ota.o
 .ARM.attributes
                0x000013ee       0x39 build/aws_demos/debug/_ext/2090543044/m2m_ssl.o
 .ARM.attributes
                0x00001427       0x39 build/aws_demos/debug/_ext/1777946865/socket.o
 .ARM.attributes
                0x00001460       0x39 build/aws_demos/debug/_ext/230789302/plib_sercom7_i2c_master.o
 .ARM.attributes
                0x00001499       0x39 build/aws_demos/debug/_ext/1991396724/sys_command.o
 .ARM.attributes
                0x000014d2       0x39 build/aws_demos/debug/_ext/731420310/plib_sercom6_usart.o
 .ARM.attributes
                0x0000150b       0x39 build/aws_demos/debug/_ext/1360937237/main.o
 .ARM.attributes
                0x00001544       0x39 build/aws_demos/debug/_ext/1534096987/initialization.o
 .ARM.attributes
                0x0000157d       0x39 build/aws_demos/debug/_ext/1534096987/interrupts.o
 .ARM.attributes
                0x000015b6       0x39 build/aws_demos/debug/_ext/1534096987/exceptions.o
 .ARM.attributes
                0x000015ef       0x39 build/aws_demos/debug/_ext/1263901141/xc32_monitor.o
 .ARM.attributes
                0x00001628       0x39 build/aws_demos/debug/_ext/1843425920/plib_port.o
 .ARM.attributes
                0x00001661       0x39 build/aws_demos/debug/_ext/1323727121/plib_clock.o
 .ARM.attributes
                0x0000169a       0x39 build/aws_demos/debug/_ext/1843479071/plib_nvic.o
 .ARM.attributes
                0x000016d3       0x39 build/aws_demos/debug/_ext/1843785878/plib_dmac.o
 .ARM.attributes
                0x0000170c       0x39 build/aws_demos/debug/_ext/1534096987/startup_xc32.o
 .ARM.attributes
                0x00001745       0x39 build/aws_demos/debug/_ext/1916130672/plib_sercom4_spi.o
 .ARM.attributes
                0x0000177e       0x39 build/aws_demos/debug/_ext/59476128/plib_eic.o
 .ARM.attributes
                0x000017b7       0x39 build/aws_demos/debug/_ext/1931625852/sys_debug.o
 .ARM.attributes
                0x000017f0       0x39 build/aws_demos/debug/_ext/1223942466/aws_demo.o
 .ARM.attributes
                0x00001829       0x39 build/aws_demos/debug/_ext/1223942466/iot_demo_freertos.o
 .ARM.attributes
                0x00001862       0x39 build/aws_demos/debug/_ext/1223942466/iot_demo_runner.o
 .ARM.attributes
                0x0000189b       0x39 build/aws_demos/debug/_ext/198771642/aws_dev_mode_key_provisioning.o
 .ARM.attributes
                0x000018d4       0x39 build/aws_demos/debug/_ext/1441508942/iot_demo_mqtt.o
 .ARM.attributes
                0x0000190d       0x39 build/aws_demos/debug/_ext/2040524622/aws_iot_network_manager.o
 .ARM.attributes
                0x00001946       0x39 build/aws_demos/debug/_ext/811507611/event_groups.o
 .ARM.attributes
                0x0000197f       0x39 build/aws_demos/debug/_ext/811507611/list.o
 .ARM.attributes
                0x000019b8       0x39 build/aws_demos/debug/_ext/811507611/queue.o
 .ARM.attributes
                0x000019f1       0x39 build/aws_demos/debug/_ext/811507611/tasks.o
 .ARM.attributes
                0x00001a2a       0x39 build/aws_demos/debug/_ext/811507611/timers.o
 .ARM.attributes
                0x00001a63       0x39 build/aws_demos/debug/_ext/684768522/asn1parse.o
 .ARM.attributes
                0x00001a9c       0x39 build/aws_demos/debug/_ext/684768522/asn1write.o
 .ARM.attributes
                0x00001ad5       0x39 build/aws_demos/debug/_ext/684768522/base64.o
 .ARM.attributes
                0x00001b0e       0x39 build/aws_demos/debug/_ext/684768522/bignum.o
 .ARM.attributes
                0x00001b47       0x39 build/aws_demos/debug/_ext/684768522/ecdsa.o
 .ARM.attributes
                0x00001b80       0x39 build/aws_demos/debug/_ext/684768522/ecp.o
 .ARM.attributes
                0x00001bb9       0x39 build/aws_demos/debug/_ext/684768522/ecp_curves.o
 .ARM.attributes
                0x00001bf2       0x39 build/aws_demos/debug/_ext/684768522/md.o
 .ARM.attributes
                0x00001c2b       0x39 build/aws_demos/debug/_ext/684768522/md_wrap.o
 .ARM.attributes
                0x00001c64       0x39 build/aws_demos/debug/_ext/684768522/oid.o
 .ARM.attributes
                0x00001c9d       0x39 build/aws_demos/debug/_ext/684768522/pem.o
 .ARM.attributes
                0x00001cd6       0x39 build/aws_demos/debug/_ext/684768522/pk.o
 .ARM.attributes
                0x00001d0f       0x39 build/aws_demos/debug/_ext/684768522/pkparse.o
 .ARM.attributes
                0x00001d48       0x39 build/aws_demos/debug/_ext/684768522/pk_wrap.o
 .ARM.attributes
                0x00001d81       0x39 build/aws_demos/debug/_ext/684768522/platform.o
 .ARM.attributes
                0x00001dba       0x39 build/aws_demos/debug/_ext/684768522/platform_util.o
 .ARM.attributes
                0x00001df3       0x39 build/aws_demos/debug/_ext/684768522/rsa.o
 .ARM.attributes
                0x00001e2c       0x39 build/aws_demos/debug/_ext/684768522/rsa_internal.o
 .ARM.attributes
                0x00001e65       0x39 build/aws_demos/debug/_ext/684768522/sha1.o
 .ARM.attributes
                0x00001e9e       0x39 build/aws_demos/debug/_ext/684768522/sha256.o
 .ARM.attributes
                0x00001ed7       0x39 build/aws_demos/debug/_ext/684768522/threading.o
 .ARM.attributes
                0x00001f10       0x39 build/aws_demos/debug/_ext/684768522/x509.o
 .ARM.attributes
                0x00001f49       0x39 build/aws_demos/debug/_ext/684768522/x509_crt.o
 .ARM.attributes
                0x00001f82       0x39 build/aws_demos/debug/_ext/2077790016/mbedtls_utils.o
 .ARM.attributes
                0x00001fbb       0x39 build/aws_demos/debug/_ext/520142351/iot_clock_freertos.o
 .ARM.attributes
                0x00001ff4       0x39 build/aws_demos/debug/_ext/520142351/iot_network_freertos.o
 .ARM.attributes
                0x0000202d       0x39 build/aws_demos/debug/_ext/520142351/iot_threads_freertos.o
 .ARM.attributes
                0x00002066       0x39 build/aws_demos/debug/_ext/13066905/iot_device_metrics.o
 .ARM.attributes
                0x0000209f       0x39 build/aws_demos/debug/_ext/13066905/iot_init.o
 .ARM.attributes
                0x000020d8       0x39 build/aws_demos/debug/_ext/227692215/iot_logging.o
 .ARM.attributes
                0x00002111       0x39 build/aws_demos/debug/_ext/227692215/iot_logging_task_dynamic_buffers.o
 .ARM.attributes
                0x0000214a       0x39 build/aws_demos/debug/_ext/333408969/iot_taskpool.o
 .ARM.attributes
                0x00002183       0x39 build/aws_demos/debug/_ext/1739149067/iot_mqtt_api.o
 .ARM.attributes
                0x000021bc       0x39 build/aws_demos/debug/_ext/1739149067/iot_mqtt_network.o
 .ARM.attributes
                0x000021f5       0x39 build/aws_demos/debug/_ext/1739149067/iot_mqtt_operation.o
 .ARM.attributes
                0x0000222e       0x39 build/aws_demos/debug/_ext/1739149067/iot_mqtt_serialize.o
 .ARM.attributes
                0x00002267       0x39 build/aws_demos/debug/_ext/1739149067/iot_mqtt_subscription.o
 .ARM.attributes
                0x000022a0       0x39 build/aws_demos/debug/_ext/1739149067/iot_mqtt_validate.o
 .ARM.attributes
                0x000022d9       0x39 build/aws_demos/debug/_ext/350635301/iot_crypto.o
 .ARM.attributes
                0x00002312       0x39 build/aws_demos/debug/_ext/2138053595/iot_pkcs11.o
 .ARM.attributes
                0x0000234b       0x39 build/aws_demos/debug/_ext/1120274527/iot_system_init.o
 .ARM.attributes
                0x00002384       0x39 build/aws_demos/debug/_ext/1534684544/sys_console.o
 .ARM.attributes
                0x000023bd       0x39 build/aws_demos/debug/_ext/2146650376/hal_i2c_harmony.o
 .ARM.attributes
                0x000023f6       0x39 build/aws_demos/debug/_ext/2146650376/atca_hal.o
 .ARM.attributes
                0x0000242f       0x39 build/aws_demos/debug/_ext/2146650376/hal_freertos.o
 .ARM.attributes
                0x00002468       0x39 build/aws_demos/debug/_ext/2146650376/hal_i2c_harmony_init.o
 .ARM.attributes
                0x000024a1       0x39 build/aws_demos/debug/_ext/2146650376/hal_cortex_m_delay.o
 .ARM.attributes
                0x000024da       0x34 c:/program files/microchip/xc32/v2.40/bin/bin/../../lib/gcc/pic32c/6.2.1/../../../../pic32c/lib/v7e-m/fpv4-sp/hard\libpic32c.a(close.o)
 .ARM.attributes
                0x0000250e       0x34 c:/program files/microchip/xc32/v2.40/bin/bin/../../lib/gcc/pic32c/6.2.1/../../../../pic32c/lib/v7e-m/fpv4-sp/hard\libpic32c.a(data_init.o)
 .ARM.attributes
                0x00002542       0x22 c:/program files/microchip/xc32/v2.40/bin/bin/../../lib/gcc/pic32c/6.2.1/v7e-m/fpv4-sp/hard\libgcc.a(_arm_addsubdf3.o)
 .ARM.attributes
                0x00002564       0x22 c:/program files/microchip/xc32/v2.40/bin/bin/../../lib/gcc/pic32c/6.2.1/v7e-m/fpv4-sp/hard\libgcc.a(_arm_muldivdf3.o)
 .ARM.attributes
                0x00002586       0x22 c:/program files/microchip/xc32/v2.40/bin/bin/../../lib/gcc/pic32c/6.2.1/v7e-m/fpv4-sp/hard\libgcc.a(_arm_fixunsdfsi.o)
 .ARM.attributes
                0x000025a8       0x22 c:/program files/microchip/xc32/v2.40/bin/bin/../../lib/gcc/pic32c/6.2.1/v7e-m/fpv4-sp/hard\libgcc.a(_aeabi_uldivmod.o)
 .ARM.attributes
                0x000025ca       0x34 c:/program files/microchip/xc32/v2.40/bin/bin/../../lib/gcc/pic32c/6.2.1/v7e-m/fpv4-sp/hard\libgcc.a(_udivmoddi4.o)
 .ARM.attributes
                0x000025fe       0x22 c:/program files/microchip/xc32/v2.40/bin/bin/../../lib/gcc/pic32c/6.2.1/v7e-m/fpv4-sp/hard\libgcc.a(_dvmd_tls.o)
 .ARM.attributes
                0x00002620       0x34 c:/program files/microchip/xc32/v2.40/bin/bin/../../lib/gcc/pic32c/6.2.1/../../../../pic32c/lib/v7e-m/fpv4-sp/hard\libg_nano.a(lib_a-calloc.o)
 .ARM.attributes
                0x00002654       0x34 c:/program files/microchip/xc32/v2.40/bin/bin/../../lib/gcc/pic32c/6.2.1/../../../../pic32c/lib/v7e-m/fpv4-sp/hard\libg_nano.a(lib_a-gmtime.o)
 .ARM.attributes
                0x00002688       0x34 c:/program files/microchip/xc32/v2.40/bin/bin/../../lib/gcc/pic32c/6.2.1/../../../../pic32c/lib/v7e-m/fpv4-sp/hard\libg_nano.a(lib_a-gmtime_r.o)
 .ARM.attributes
                0x000026bc       0x34 c:/program files/microchip/xc32/v2.40/bin/bin/../../lib/gcc/pic32c/6.2.1/../../../../pic32c/lib/v7e-m/fpv4-sp/hard\libg_nano.a(lib_a-impure.o)
 .ARM.attributes
                0x000026f0       0x34 c:/program files/microchip/xc32/v2.40/bin/bin/../../lib/gcc/pic32c/6.2.1/../../../../pic32c/lib/v7e-m/fpv4-sp/hard\libg_nano.a(lib_a-init.o)
 .ARM.attributes
                0x00002724       0x34 c:/program files/microchip/xc32/v2.40/bin/bin/../../lib/gcc/pic32c/6.2.1/../../../../pic32c/lib/v7e-m/fpv4-sp/hard\libg_nano.a(lib_a-locale.o)
 .ARM.attributes
                0x00002758       0x34 c:/program files/microchip/xc32/v2.40/bin/bin/../../lib/gcc/pic32c/6.2.1/../../../../pic32c/lib/v7e-m/fpv4-sp/hard\libg_nano.a(lib_a-malloc.o)
 .ARM.attributes
                0x0000278c       0x34 c:/program files/microchip/xc32/v2.40/bin/bin/../../lib/gcc/pic32c/6.2.1/../../../../pic32c/lib/v7e-m/fpv4-sp/hard\libg_nano.a(lib_a-mbtowc_r.o)
 .ARM.attributes
                0x000027c0       0x20 c:/program files/microchip/xc32/v2.40/bin/bin/../../lib/gcc/pic32c/6.2.1/../../../../pic32c/lib/v7e-m/fpv4-sp/hard\libg_nano.a(lib_a-memchr.o)
 .ARM.attributes
                0x000027e0       0x34 c:/program files/microchip/xc32/v2.40/bin/bin/../../lib/gcc/pic32c/6.2.1/../../../../pic32c/lib/v7e-m/fpv4-sp/hard\libg_nano.a(lib_a-memcmp.o)
 .ARM.attributes
                0x00002814       0x34 c:/program files/microchip/xc32/v2.40/bin/bin/../../lib/gcc/pic32c/6.2.1/../../../../pic32c/lib/v7e-m/fpv4-sp/hard\libg_nano.a(lib_a-memcpy-stub.o)
 .ARM.attributes
                0x00002848       0x34 c:/program files/microchip/xc32/v2.40/bin/bin/../../lib/gcc/pic32c/6.2.1/../../../../pic32c/lib/v7e-m/fpv4-sp/hard\libg_nano.a(lib_a-memmove.o)
 .ARM.attributes
                0x0000287c       0x34 c:/program files/microchip/xc32/v2.40/bin/bin/../../lib/gcc/pic32c/6.2.1/../../../../pic32c/lib/v7e-m/fpv4-sp/hard\libg_nano.a(lib_a-memset.o)
 .ARM.attributes
                0x000028b0       0x34 c:/program files/microchip/xc32/v2.40/bin/bin/../../lib/gcc/pic32c/6.2.1/../../../../pic32c/lib/v7e-m/fpv4-sp/hard\libg_nano.a(lib_a-mktime.o)
 .ARM.attributes
                0x000028e4       0x34 c:/program files/microchip/xc32/v2.40/bin/bin/../../lib/gcc/pic32c/6.2.1/../../../../pic32c/lib/v7e-m/fpv4-sp/hard\libg_nano.a(lib_a-nano-callocr.o)
 .ARM.attributes
                0x00002918       0x34 c:/program files/microchip/xc32/v2.40/bin/bin/../../lib/gcc/pic32c/6.2.1/../../../../pic32c/lib/v7e-m/fpv4-sp/hard\libg_nano.a(lib_a-nano-freer.o)
 .ARM.attributes
                0x0000294c       0x34 c:/program files/microchip/xc32/v2.40/bin/bin/../../lib/gcc/pic32c/6.2.1/../../../../pic32c/lib/v7e-m/fpv4-sp/hard\libg_nano.a(lib_a-nano-mallocr.o)
 .ARM.attributes
                0x00002980       0x34 c:/program files/microchip/xc32/v2.40/bin/bin/../../lib/gcc/pic32c/6.2.1/../../../../pic32c/lib/v7e-m/fpv4-sp/hard\libg_nano.a(lib_a-nano-vfprintf.o)
 .ARM.attributes
                0x000029b4       0x34 c:/program files/microchip/xc32/v2.40/bin/bin/../../lib/gcc/pic32c/6.2.1/../../../../pic32c/lib/v7e-m/fpv4-sp/hard\libg_nano.a(_lib_a-nano-vfprintf.s.o)
 .ARM.attributes
                0x000029e8       0x34 c:/program files/microchip/xc32/v2.40/bin/bin/../../lib/gcc/pic32c/6.2.1/../../../../pic32c/lib/v7e-m/fpv4-sp/hard\libg_nano.a(lib_a-printf.o)
 .ARM.attributes
                0x00002a1c       0x34 c:/program files/microchip/xc32/v2.40/bin/bin/../../lib/gcc/pic32c/6.2.1/../../../../pic32c/lib/v7e-m/fpv4-sp/hard\libg_nano.a(lib_a-putchar.o)
 .ARM.attributes
                0x00002a50       0x34 c:/program files/microchip/xc32/v2.40/bin/bin/../../lib/gcc/pic32c/6.2.1/../../../../pic32c/lib/v7e-m/fpv4-sp/hard\libg_nano.a(lib_a-putc.o)
 .ARM.attributes
                0x00002a84       0x34 c:/program files/microchip/xc32/v2.40/bin/bin/../../lib/gcc/pic32c/6.2.1/../../../../pic32c/lib/v7e-m/fpv4-sp/hard\libg_nano.a(lib_a-puts.o)
 .ARM.attributes
                0x00002ab8       0x34 c:/program files/microchip/xc32/v2.40/bin/bin/../../lib/gcc/pic32c/6.2.1/../../../../pic32c/lib/v7e-m/fpv4-sp/hard\libg_nano.a(lib_a-rand.o)
 .ARM.attributes
                0x00002aec       0x34 c:/program files/microchip/xc32/v2.40/bin/bin/../../lib/gcc/pic32c/6.2.1/../../../../pic32c/lib/v7e-m/fpv4-sp/hard\libg_nano.a(lib_a-sbrkr.o)
 .ARM.attributes
                0x00002b20       0x34 c:/program files/microchip/xc32/v2.40/bin/bin/../../lib/gcc/pic32c/6.2.1/../../../../pic32c/lib/v7e-m/fpv4-sp/hard\libg_nano.a(lib_a-snprintf.o)
 .ARM.attributes
                0x00002b54       0x34 c:/program files/microchip/xc32/v2.40/bin/bin/../../lib/gcc/pic32c/6.2.1/../../../../pic32c/lib/v7e-m/fpv4-sp/hard\libg_nano.a(lib_a-sprintf.o)
 .ARM.attributes
                0x00002b88       0x34 c:/program files/microchip/xc32/v2.40/bin/bin/../../lib/gcc/pic32c/6.2.1/../../../../pic32c/lib/v7e-m/fpv4-sp/hard\libg_nano.a(lib_a-__ssfputs.o)
 .ARM.attributes
                0x00002bbc       0x34 c:/program files/microchip/xc32/v2.40/bin/bin/../../lib/gcc/pic32c/6.2.1/../../../../pic32c/lib/v7e-m/fpv4-sp/hard\libg_nano.a(lib_a-stdio.o)
 .ARM.attributes
                0x00002bf0       0x34 c:/program files/microchip/xc32/v2.40/bin/bin/../../lib/gcc/pic32c/6.2.1/../../../../pic32c/lib/v7e-m/fpv4-sp/hard\libg_nano.a(lib_a-strcat.o)
 .ARM.attributes
                0x00002c24       0x20 c:/program files/microchip/xc32/v2.40/bin/bin/../../lib/gcc/pic32c/6.2.1/../../../../pic32c/lib/v7e-m/fpv4-sp/hard\libg_nano.a(lib_a-strcmp.o)
 .ARM.attributes
                0x00002c44       0x34 c:/program files/microchip/xc32/v2.40/bin/bin/../../lib/gcc/pic32c/6.2.1/../../../../pic32c/lib/v7e-m/fpv4-sp/hard\libg_nano.a(lib_a-strcpy.o)
 .ARM.attributes
                0x00002c78       0x1b c:/program files/microchip/xc32/v2.40/bin/bin/../../lib/gcc/pic32c/6.2.1/../../../../pic32c/lib/v7e-m/fpv4-sp/hard\libg_nano.a(lib_a-strlen.o)
 .ARM.attributes
                0x00002c93       0x34 c:/program files/microchip/xc32/v2.40/bin/bin/../../lib/gcc/pic32c/6.2.1/../../../../pic32c/lib/v7e-m/fpv4-sp/hard\libg_nano.a(lib_a-strncmp.o)
 .ARM.attributes
                0x00002cc7       0x34 c:/program files/microchip/xc32/v2.40/bin/bin/../../lib/gcc/pic32c/6.2.1/../../../../pic32c/lib/v7e-m/fpv4-sp/hard\libg_nano.a(lib_a-strncpy.o)
 .ARM.attributes
                0x00002cfb       0x34 c:/program files/microchip/xc32/v2.40/bin/bin/../../lib/gcc/pic32c/6.2.1/../../../../pic32c/lib/v7e-m/fpv4-sp/hard\libg_nano.a(lib_a-strstr.o)
 .ARM.attributes
                0x00002d2f       0x34 c:/program files/microchip/xc32/v2.40/bin/bin/../../lib/gcc/pic32c/6.2.1/../../../../pic32c/lib/v7e-m/fpv4-sp/hard\libg_nano.a(lib_a-strtol.o)
 .ARM.attributes
                0x00002d63       0x34 c:/program files/microchip/xc32/v2.40/bin/bin/../../lib/gcc/pic32c/6.2.1/../../../../pic32c/lib/v7e-m/fpv4-sp/hard\libg_nano.a(lib_a-strtoul.o)
 .ARM.attributes
                0x00002d97       0x34 c:/program files/microchip/xc32/v2.40/bin/bin/../../lib/gcc/pic32c/6.2.1/../../../../pic32c/lib/v7e-m/fpv4-sp/hard\libg_nano.a(lib_a-tzcalc_limits.o)
 .ARM.attributes
                0x00002dcb       0x34 c:/program files/microchip/xc32/v2.40/bin/bin/../../lib/gcc/pic32c/6.2.1/../../../../pic32c/lib/v7e-m/fpv4-sp/hard\libg_nano.a(lib_a-tzset.o)
 .ARM.attributes
                0x00002dff       0x34 c:/program files/microchip/xc32/v2.40/bin/bin/../../lib/gcc/pic32c/6.2.1/../../../../pic32c/lib/v7e-m/fpv4-sp/hard\libg_nano.a(lib_a-tzset_r.o)
 .ARM.attributes
                0x00002e33       0x34 c:/program files/microchip/xc32/v2.40/bin/bin/../../lib/gcc/pic32c/6.2.1/../../../../pic32c/lib/v7e-m/fpv4-sp/hard\libg_nano.a(lib_a-tzvars.o)
 .ARM.attributes
                0x00002e67       0x34 c:/program files/microchip/xc32/v2.40/bin/bin/../../lib/gcc/pic32c/6.2.1/../../../../pic32c/lib/v7e-m/fpv4-sp/hard\libg_nano.a(lib_a-vsnprintf.o)
 .ARM.attributes
                0x00002e9b       0x34 c:/program files/microchip/xc32/v2.40/bin/bin/../../lib/gcc/pic32c/6.2.1/../../../../pic32c/lib/v7e-m/fpv4-sp/hard\libg_nano.a(lib_a-wbuf.o)
 .ARM.attributes
                0x00002ecf       0x34 c:/program files/microchip/xc32/v2.40/bin/bin/../../lib/gcc/pic32c/6.2.1/../../../../pic32c/lib/v7e-m/fpv4-sp/hard\libg_nano.a(lib_a-wctomb_r.o)
 .ARM.attributes
                0x00002f03       0x34 c:/program files/microchip/xc32/v2.40/bin/bin/../../lib/gcc/pic32c/6.2.1/../../../../pic32c/lib/v7e-m/fpv4-sp/hard\libg_nano.a(lib_a-writer.o)
 .ARM.attributes
                0x00002f37       0x34 c:/program files/microchip/xc32/v2.40/bin/bin/../../lib/gcc/pic32c/6.2.1/../../../../pic32c/lib/v7e-m/fpv4-sp/hard\libg_nano.a(lib_a-wsetup.o)
 .ARM.attributes
                0x00002f6b       0x34 c:/program files/microchip/xc32/v2.40/bin/bin/../../lib/gcc/pic32c/6.2.1/../../../../pic32c/lib/v7e-m/fpv4-sp/hard\libg_nano.a(lib_a-closer.o)
 .ARM.attributes
                0x00002f9f       0x34 c:/program files/microchip/xc32/v2.40/bin/bin/../../lib/gcc/pic32c/6.2.1/../../../../pic32c/lib/v7e-m/fpv4-sp/hard\libg_nano.a(lib_a-ctype_.o)
 .ARM.attributes
                0x00002fd3       0x34 c:/program files/microchip/xc32/v2.40/bin/bin/../../lib/gcc/pic32c/6.2.1/../../../../pic32c/lib/v7e-m/fpv4-sp/hard\libg_nano.a(lib_a-div.o)
 .ARM.attributes
                0x00003007       0x34 c:/program files/microchip/xc32/v2.40/bin/bin/../../lib/gcc/pic32c/6.2.1/../../../../pic32c/lib/v7e-m/fpv4-sp/hard\libg_nano.a(lib_a-fflush.o)
 .ARM.attributes
                0x0000303b       0x34 c:/program files/microchip/xc32/v2.40/bin/bin/../../lib/gcc/pic32c/6.2.1/../../../../pic32c/lib/v7e-m/fpv4-sp/hard\libg_nano.a(lib_a-findfp.o)
 .ARM.attributes
                0x0000306f       0x34 c:/program files/microchip/xc32/v2.40/bin/bin/../../lib/gcc/pic32c/6.2.1/../../../../pic32c/lib/v7e-m/fpv4-sp/hard\libg_nano.a(lib_a-fputwc.o)
 .ARM.attributes
                0x000030a3       0x34 c:/program files/microchip/xc32/v2.40/bin/bin/../../lib/gcc/pic32c/6.2.1/../../../../pic32c/lib/v7e-m/fpv4-sp/hard\libg_nano.a(lib_a-fwalk.o)
 .ARM.attributes
                0x000030d7       0x34 c:/program files/microchip/xc32/v2.40/bin/bin/../../lib/gcc/pic32c/6.2.1/../../../../pic32c/lib/v7e-m/fpv4-sp/hard\libg_nano.a(lib_a-getenv_r.o)
 .ARM.attributes
                0x0000310b       0x34 c:/program files/microchip/xc32/v2.40/bin/bin/../../lib/gcc/pic32c/6.2.1/../../../../pic32c/lib/v7e-m/fpv4-sp/hard\libg_nano.a(lib_a-gettzinfo.o)
 .ARM.attributes
                0x0000313f       0x34 c:/program files/microchip/xc32/v2.40/bin/bin/../../lib/gcc/pic32c/6.2.1/../../../../pic32c/lib/v7e-m/fpv4-sp/hard\libg_nano.a(lib_a-lseekr.o)
 .ARM.attributes
                0x00003173       0x34 c:/program files/microchip/xc32/v2.40/bin/bin/../../lib/gcc/pic32c/6.2.1/../../../../pic32c/lib/v7e-m/fpv4-sp/hard\libg_nano.a(lib_a-makebuf.o)
 .ARM.attributes
                0x000031a7       0x34 c:/program files/microchip/xc32/v2.40/bin/bin/../../lib/gcc/pic32c/6.2.1/../../../../pic32c/lib/v7e-m/fpv4-sp/hard\libg_nano.a(lib_a-mlock.o)
 .ARM.attributes
                0x000031db       0x34 c:/program files/microchip/xc32/v2.40/bin/bin/../../lib/gcc/pic32c/6.2.1/../../../../pic32c/lib/v7e-m/fpv4-sp/hard\libg_nano.a(lib_a-month_lengths.o)
 .ARM.attributes
                0x0000320f       0x34 c:/program files/microchip/xc32/v2.40/bin/bin/../../lib/gcc/pic32c/6.2.1/../../../../pic32c/lib/v7e-m/fpv4-sp/hard\libg_nano.a(lib_a-nano-svfprintf.o)
 .ARM.attributes
                0x00003243       0x34 c:/program files/microchip/xc32/v2.40/bin/bin/../../lib/gcc/pic32c/6.2.1/../../../../pic32c/lib/v7e-m/fpv4-sp/hard\libg_nano.a(lib_a-nano-vfprintf_i.o)
 .ARM.attributes
                0x00003277       0x34 c:/program files/microchip/xc32/v2.40/bin/bin/../../lib/gcc/pic32c/6.2.1/../../../../pic32c/lib/v7e-m/fpv4-sp/hard\libg_nano.a(_lib_a-nano-vfscanf.cdnopsuxX.o)
 .ARM.attributes
                0x000032ab       0x34 c:/program files/microchip/xc32/v2.40/bin/bin/../../lib/gcc/pic32c/6.2.1/../../../../pic32c/lib/v7e-m/fpv4-sp/hard\libg_nano.a(lib_a-readr.o)
 .ARM.attributes
                0x000032df       0x34 c:/program files/microchip/xc32/v2.40/bin/bin/../../lib/gcc/pic32c/6.2.1/../../../../pic32c/lib/v7e-m/fpv4-sp/hard\libg_nano.a(lib_a-reent.o)
 .ARM.attributes
                0x00003313       0x34 c:/program files/microchip/xc32/v2.40/bin/bin/../../lib/gcc/pic32c/6.2.1/../../../../pic32c/lib/v7e-m/fpv4-sp/hard\libg_nano.a(lib_a-sccl.o)
 .ARM.attributes
                0x00003347       0x34 c:/program files/microchip/xc32/v2.40/bin/bin/../../lib/gcc/pic32c/6.2.1/../../../../pic32c/lib/v7e-m/fpv4-sp/hard\libg_nano.a(lib_a-sscanf.o)
 .ARM.attributes
                0x0000337b       0x34 c:/program files/microchip/xc32/v2.40/bin/bin/../../lib/gcc/pic32c/6.2.1/../../../../pic32c/lib/v7e-m/fpv4-sp/hard\libg_nano.a(lib_a-__ssputs.o)
 .ARM.attributes
                0x000033af       0x34 c:/program files/microchip/xc32/v2.40/bin/bin/../../lib/gcc/pic32c/6.2.1/../../../../pic32c/lib/v7e-m/fpv4-sp/hard\libg_nano.a(lib_a-ungetc.o)
 .ARM.attributes
                0x000033e3       0x34 c:/program files/microchip/xc32/v2.40/bin/bin/../../lib/gcc/pic32c/6.2.1/../../../../pic32c/lib/v7e-m/fpv4-sp/hard\libg_nano.a(lib_a-wcrtomb.o)
 .ARM.attributes
                0x00003417       0x34 c:/program files/microchip/xc32/v2.40/bin/bin/../../lib/gcc/pic32c/6.2.1/../../../../pic32c/lib/v7e-m/fpv4-sp/hard\libg_nano.a(lib_a-environ.o)
 .ARM.attributes
                0x0000344b       0x34 c:/program files/microchip/xc32/v2.40/bin/bin/../../lib/gcc/pic32c/6.2.1/../../../../pic32c/lib/v7e-m/fpv4-sp/hard\libg_nano.a(lib_a-envlock.o)
 .ARM.attributes
                0x0000347f       0x34 c:/program files/microchip/xc32/v2.40/bin/bin/../../lib/gcc/pic32c/6.2.1/../../../../pic32c/lib/v7e-m/fpv4-sp/hard\libg_nano.a(lib_a-fstatr.o)
 .ARM.attributes
                0x000034b3       0x34 c:/program files/microchip/xc32/v2.40/bin/bin/../../lib/gcc/pic32c/6.2.1/../../../../pic32c/lib/v7e-m/fpv4-sp/hard\libg_nano.a(lib_a-isattyr.o)
 .ARM.attributes
                0x000034e7       0x34 c:/program files/microchip/xc32/v2.40/bin/bin/../../lib/gcc/pic32c/6.2.1/../../../../pic32c/lib/v7e-m/fpv4-sp/hard\libg_nano.a(lib_a-nano-reallocr.o)
 .ARM.attributes
                0x0000351b       0x34 c:/program files/microchip/xc32/v2.40/bin/bin/../../lib/gcc/pic32c/6.2.1/../../../../pic32c/lib/v7e-m/fpv4-sp/hard\libg_nano.a(lib_a-nano-svfscanf.o)
 .ARM.attributes
                0x0000354f       0x34 c:/program files/microchip/xc32/v2.40/bin/bin/../../lib/gcc/pic32c/6.2.1/../../../../pic32c/lib/v7e-m/fpv4-sp/hard\libg_nano.a(lib_a-nano-vfscanf_i.o)
 .ARM.attributes
                0x00003583       0x34 c:/program files/microchip/xc32/v2.40/bin/bin/../../lib/gcc/pic32c/6.2.1/../../../../pic32c/lib/v7e-m/fpv4-sp/hard\libg_nano.a(lib_a-nano-msizer.o)
 .ARM.attributes
                0x000035b7       0x34 c:/program files/microchip/xc32/v2.40/bin/bin/../../lib/gcc/pic32c/6.2.1/../../../../pic32c/lib/v7e-m/fpv4-sp/hard\libpic32c.a(_close.o)
 .ARM.attributes
                0x000035eb       0x34 c:/program files/microchip/xc32/v2.40/bin/bin/../../lib/gcc/pic32c/6.2.1/../../../../pic32c/lib/v7e-m/fpv4-sp/hard\libpic32c.a(_fstat.o)
 .ARM.attributes
                0x0000361f       0x34 c:/program files/microchip/xc32/v2.40/bin/bin/../../lib/gcc/pic32c/6.2.1/../../../../pic32c/lib/v7e-m/fpv4-sp/hard\libpic32c.a(_isatty.o)
 .ARM.attributes
                0x00003653       0x34 c:/program files/microchip/xc32/v2.40/bin/bin/../../lib/gcc/pic32c/6.2.1/../../../../pic32c/lib/v7e-m/fpv4-sp/hard\libpic32c.a(_lseek.o)
 .ARM.attributes
                0x00003687       0x34 c:/program files/microchip/xc32/v2.40/bin/bin/../../lib/gcc/pic32c/6.2.1/../../../../pic32c/lib/v7e-m/fpv4-sp/hard\libpic32c.a(_read.o)
 .ARM.attributes
                0x000036bb       0x34 c:/program files/microchip/xc32/v2.40/bin/bin/../../lib/gcc/pic32c/6.2.1/../../../../pic32c/lib/v7e-m/fpv4-sp/hard\libpic32c.a(sbrk.o)
 .ARM.attributes
                0x000036ef       0x34 c:/program files/microchip/xc32/v2.40/bin/bin/../../lib/gcc/pic32c/6.2.1/../../../../pic32c/lib/v7e-m/fpv4-sp/hard\libpic32c.a(_write.o)
 .ARM.attributes
                0x00003723       0x34 c:/program files/microchip/xc32/v2.40/bin/bin/../../lib/gcc/pic32c/6.2.1/../../../../pic32c/lib/v7e-m/fpv4-sp/hard\libpic32c.a(fstat.o)
 .ARM.attributes
                0x00003757       0x34 c:/program files/microchip/xc32/v2.40/bin/bin/../../lib/gcc/pic32c/6.2.1/../../../../pic32c/lib/v7e-m/fpv4-sp/hard\libpic32c.a(isatty.o)
 .ARM.attributes
                0x0000378b       0x34 c:/program files/microchip/xc32/v2.40/bin/bin/../../lib/gcc/pic32c/6.2.1/../../../../pic32c/lib/v7e-m/fpv4-sp/hard\libpic32c.a(lseek.o)
 .ARM.attributes
                0x000037bf       0x34 c:/program files/microchip/xc32/v2.40/bin/bin/../../lib/gcc/pic32c/6.2.1/../../../../pic32c/lib/v7e-m/fpv4-sp/hard\libpic32c.a(read.o)
 .ARM.attributes
                0x000037f3       0x34 c:/program files/microchip/xc32/v2.40/bin/bin/../../lib/gcc/pic32c/6.2.1/../../../../pic32c/lib/v7e-m/fpv4-sp/hard\libpic32c.a(write.o)
 .ARM.attributes
                0x00003827       0x22 c:/program files/microchip/xc32/v2.40/bin/bin/../../lib/gcc/pic32c/6.2.1/v7e-m/fpv4-sp/hard/crtn.o

.comment        0x00000000       0x3c
 .comment       0x00000000       0x3c c:/program files/microchip/xc32/v2.40/bin/bin/../../lib/gcc/pic32c/6.2.1/v7e-m/fpv4-sp/hard/crtbegin.o
                                 0x3d (size before relaxing)
 .comment       0x0000003c       0x3d build/aws_demos/debug/_ext/665618993/plib_nvmctrl.o
 .comment       0x0000003c       0x3d build/aws_demos/debug/_ext/1385882503/port.o
 .comment       0x0000003c       0x3d build/aws_demos/debug/_ext/1168480030/heap_4.o
 .comment       0x0000003c       0x3d build/aws_demos/debug/_ext/787859085/atca_cert_chain.o
 .comment       0x0000003c       0x3d build/aws_demos/debug/_ext/1972722184/iot_pkcs11_secure_element.o
 .comment       0x0000003c       0x3d build/aws_demos/debug/_ext/2009324866/aws_wifi.o
 .comment       0x0000003c       0x3d build/aws_demos/debug/_ext/2009324866/iot_secure_sockets.o
 .comment       0x0000003c       0x3d build/aws_demos/debug/_ext/1456806047/atcacert_client.o
 .comment       0x0000003c       0x3d build/aws_demos/debug/_ext/1456806047/atcacert_date.o
 .comment       0x0000003c       0x3d build/aws_demos/debug/_ext/1456806047/atcacert_def.o
 .comment       0x0000003c       0x3d build/aws_demos/debug/_ext/1456806047/atcacert_der.o
 .comment       0x0000003c       0x3d build/aws_demos/debug/_ext/1456806047/atcacert_pem.o
 .comment       0x0000003c       0x3d build/aws_demos/debug/_ext/1009855837/atca_command.o
 .comment       0x0000003c       0x3d build/aws_demos/debug/_ext/1009855837/atca_device.o
 .comment       0x0000003c       0x3d build/aws_demos/debug/_ext/1009855837/atca_execution.o
 .comment       0x0000003c       0x3d build/aws_demos/debug/_ext/1009855837/atca_iface.o
 .comment       0x0000003c       0x3d build/aws_demos/debug/_ext/306685378/atca_basic.o
 .comment       0x0000003c       0x3d build/aws_demos/debug/_ext/306685378/atca_basic_checkmac.o
 .comment       0x0000003c       0x3d build/aws_demos/debug/_ext/306685378/atca_basic_ecdh.o
 .comment       0x0000003c       0x3d build/aws_demos/debug/_ext/306685378/atca_basic_gendig.o
 .comment       0x0000003c       0x3d build/aws_demos/debug/_ext/306685378/atca_basic_genkey.o
 .comment       0x0000003c       0x3d build/aws_demos/debug/_ext/306685378/atca_basic_info.o
 .comment       0x0000003c       0x3d build/aws_demos/debug/_ext/306685378/atca_basic_lock.o
 .comment       0x0000003c       0x3d build/aws_demos/debug/_ext/306685378/atca_basic_nonce.o
 .comment       0x0000003c       0x3d build/aws_demos/debug/_ext/306685378/atca_basic_privwrite.o
 .comment       0x0000003c       0x3d build/aws_demos/debug/_ext/306685378/atca_basic_random.o
 .comment       0x0000003c       0x3d build/aws_demos/debug/_ext/306685378/atca_basic_read.o
 .comment       0x0000003c       0x3d build/aws_demos/debug/_ext/306685378/atca_basic_sign.o
 .comment       0x0000003c       0x3d build/aws_demos/debug/_ext/306685378/atca_basic_updateextra.o
 .comment       0x0000003c       0x3d build/aws_demos/debug/_ext/306685378/atca_basic_verify.o
 .comment       0x0000003c       0x3d build/aws_demos/debug/_ext/306685378/atca_basic_write.o
 .comment       0x0000003c       0x3d build/aws_demos/debug/_ext/306685378/atca_helpers.o
 .comment       0x0000003c       0x3d build/aws_demos/debug/_ext/961827245/atca_crypto_sw_sha1.o
 .comment       0x0000003c       0x3d build/aws_demos/debug/_ext/961827245/atca_crypto_sw_sha2.o
 .comment       0x0000003c       0x3d build/aws_demos/debug/_ext/1070826718/sha1_routines.o
 .comment       0x0000003c       0x3d build/aws_demos/debug/_ext/1070826718/sha2_routines.o
 .comment       0x0000003c       0x3d build/aws_demos/debug/_ext/544104044/atca_host.o
 .comment       0x0000003c       0x3d build/aws_demos/debug/_ext/1326886903/pkcs11_attrib.o
 .comment       0x0000003c       0x3d build/aws_demos/debug/_ext/1326886903/pkcs11_cert.o
 .comment       0x0000003c       0x3d build/aws_demos/debug/_ext/1326886903/pkcs11_config.o
 .comment       0x0000003c       0x3d build/aws_demos/debug/_ext/1326886903/pkcs11_digest.o
 .comment       0x0000003c       0x3d build/aws_demos/debug/_ext/1326886903/pkcs11_find.o
 .comment       0x0000003c       0x3d build/aws_demos/debug/_ext/1326886903/pkcs11_info.o
 .comment       0x0000003c       0x3d build/aws_demos/debug/_ext/1326886903/pkcs11_init.o
 .comment       0x0000003c       0x3d build/aws_demos/debug/_ext/1326886903/pkcs11_key.o
 .comment       0x0000003c       0x3d build/aws_demos/debug/_ext/1326886903/pkcs11_main.o
 .comment       0x0000003c       0x3d build/aws_demos/debug/_ext/1326886903/pkcs11_mech.o
 .comment       0x0000003c       0x3d build/aws_demos/debug/_ext/1326886903/pkcs11_object.o
 .comment       0x0000003c       0x3d build/aws_demos/debug/_ext/1326886903/pkcs11_os.o
 .comment       0x0000003c       0x3d build/aws_demos/debug/_ext/1326886903/pkcs11_session.o
 .comment       0x0000003c       0x3d build/aws_demos/debug/_ext/1326886903/pkcs11_signature.o
 .comment       0x0000003c       0x3d build/aws_demos/debug/_ext/1326886903/pkcs11_slot.o
 .comment       0x0000003c       0x3d build/aws_demos/debug/_ext/1326886903/pkcs11_token.o
 .comment       0x0000003c       0x3d build/aws_demos/debug/_ext/1326886903/pkcs11_util.o
 .comment       0x0000003c       0x3d build/aws_demos/debug/_ext/1110296786/plib_tc3.o
 .comment       0x0000003c       0x3d build/aws_demos/debug/_ext/484134862/sys_time.o
 .comment       0x0000003c       0x3d build/aws_demos/debug/_ext/1843304010/plib_trng.o
 .comment       0x0000003c       0x3d build/aws_demos/debug/_ext/1534684544/sys_console_uart.o
 .comment       0x0000003c       0x3d build/aws_demos/debug/_ext/2104392270/drv_spi.o
 .comment       0x0000003c       0x3d build/aws_demos/debug/_ext/2146650376/ATECC608A_0.o
 .comment       0x0000003c       0x3d build/aws_demos/debug/_ext/1762024984/sys_int.o
 .comment       0x0000003c       0x3d build/aws_demos/debug/_ext/959252812/sys_dma.o
 .comment       0x0000003c       0x3d build/aws_demos/debug/_ext/1149029443/osal_freertos.o
 .comment       0x0000003c       0x3d build/aws_demos/debug/_ext/1360937237/app.o
 .comment       0x0000003c       0x3d build/aws_demos/debug/_ext/1534096987/tasks.o
 .comment       0x0000003c       0x3d build/aws_demos/debug/_ext/731420310/plib_sercom2_usart.o
 .comment       0x0000003c       0x3d build/aws_demos/debug/_ext/1321577635/plib_evsys.o
 .comment       0x0000003c       0x3d build/aws_demos/debug/_ext/1833802790/wdrv_winc.o
 .comment       0x0000003c       0x3d build/aws_demos/debug/_ext/1833802790/wdrv_winc_authctx.o
 .comment       0x0000003c       0x3d build/aws_demos/debug/_ext/1833802790/wdrv_winc_bssctx.o
 .comment       0x0000003c       0x3d build/aws_demos/debug/_ext/1833802790/wdrv_winc_socket.o
 .comment       0x0000003c       0x3d build/aws_demos/debug/_ext/1833802790/wdrv_winc_sta.o
 .comment       0x0000003c       0x3d build/aws_demos/debug/_ext/1833802790/wdrv_winc_systime.o
 .comment       0x0000003c       0x3d build/aws_demos/debug/_ext/978667550/wdrv_winc_eint.o
 .comment       0x0000003c       0x3d build/aws_demos/debug/_ext/978667550/wdrv_winc_gpio.o
 .comment       0x0000003c       0x3d build/aws_demos/debug/_ext/384060547/wdrv_winc_spi.o
 .comment       0x0000003c       0x3d build/aws_demos/debug/_ext/1289849308/wdrv_winc_osal.o
 .comment       0x0000003c       0x3d build/aws_demos/debug/_ext/2059254151/nm_common.o
 .comment       0x0000003c       0x3d build/aws_demos/debug/_ext/2090543044/m2m_flash.o
 .comment       0x0000003c       0x3d build/aws_demos/debug/_ext/2090543044/m2m_hif.o
 .comment       0x0000003c       0x3d build/aws_demos/debug/_ext/2090543044/m2m_wifi.o
 .comment       0x0000003c       0x3d build/aws_demos/debug/_ext/2090543044/nmasic.o
 .comment       0x0000003c       0x3d build/aws_demos/debug/_ext/2090543044/nmbus.o
 .comment       0x0000003c       0x3d build/aws_demos/debug/_ext/2090543044/nmdrv.o
 .comment       0x0000003c       0x3d build/aws_demos/debug/_ext/2090543044/nmflash.o
 .comment       0x0000003c       0x3d build/aws_demos/debug/_ext/2090543044/nmspi.o
 .comment       0x0000003c       0x3d build/aws_demos/debug/_ext/1151736449/spi_flash.o
 .comment       0x0000003c       0x3d build/aws_demos/debug/_ext/2090543044/m2m_ota.o
 .comment       0x0000003c       0x3d build/aws_demos/debug/_ext/2090543044/m2m_ssl.o
 .comment       0x0000003c       0x3d build/aws_demos/debug/_ext/1777946865/socket.o
 .comment       0x0000003c       0x3d build/aws_demos/debug/_ext/230789302/plib_sercom7_i2c_master.o
 .comment       0x0000003c       0x3d build/aws_demos/debug/_ext/1991396724/sys_command.o
 .comment       0x0000003c       0x3d build/aws_demos/debug/_ext/731420310/plib_sercom6_usart.o
 .comment       0x0000003c       0x3d build/aws_demos/debug/_ext/1360937237/main.o
 .comment       0x0000003c       0x3d build/aws_demos/debug/_ext/1534096987/initialization.o
 .comment       0x0000003c       0x3d build/aws_demos/debug/_ext/1534096987/interrupts.o
 .comment       0x0000003c       0x3d build/aws_demos/debug/_ext/1534096987/exceptions.o
 .comment       0x0000003c       0x3d build/aws_demos/debug/_ext/1263901141/xc32_monitor.o
 .comment       0x0000003c       0x3d build/aws_demos/debug/_ext/1843425920/plib_port.o
 .comment       0x0000003c       0x3d build/aws_demos/debug/_ext/1323727121/plib_clock.o
 .comment       0x0000003c       0x3d build/aws_demos/debug/_ext/1843479071/plib_nvic.o
 .comment       0x0000003c       0x3d build/aws_demos/debug/_ext/1843785878/plib_dmac.o
 .comment       0x0000003c       0x3d build/aws_demos/debug/_ext/1534096987/startup_xc32.o
 .comment       0x0000003c       0x3d build/aws_demos/debug/_ext/1916130672/plib_sercom4_spi.o
 .comment       0x0000003c       0x3d build/aws_demos/debug/_ext/59476128/plib_eic.o
 .comment       0x0000003c       0x3d build/aws_demos/debug/_ext/1931625852/sys_debug.o
 .comment       0x0000003c       0x3d build/aws_demos/debug/_ext/1223942466/aws_demo.o
 .comment       0x0000003c       0x3d build/aws_demos/debug/_ext/1223942466/iot_demo_freertos.o
 .comment       0x0000003c       0x3d build/aws_demos/debug/_ext/1223942466/iot_demo_runner.o
 .comment       0x0000003c       0x3d build/aws_demos/debug/_ext/198771642/aws_dev_mode_key_provisioning.o
 .comment       0x0000003c       0x3d build/aws_demos/debug/_ext/1441508942/iot_demo_mqtt.o
 .comment       0x0000003c       0x3d build/aws_demos/debug/_ext/2040524622/aws_iot_network_manager.o
 .comment       0x0000003c       0x3d build/aws_demos/debug/_ext/811507611/event_groups.o
 .comment       0x0000003c       0x3d build/aws_demos/debug/_ext/811507611/list.o
 .comment       0x0000003c       0x3d build/aws_demos/debug/_ext/811507611/queue.o
 .comment       0x0000003c       0x3d build/aws_demos/debug/_ext/811507611/tasks.o
 .comment       0x0000003c       0x3d build/aws_demos/debug/_ext/811507611/timers.o
 .comment       0x0000003c       0x3d build/aws_demos/debug/_ext/684768522/asn1parse.o
 .comment       0x0000003c       0x3d build/aws_demos/debug/_ext/684768522/asn1write.o
 .comment       0x0000003c       0x3d build/aws_demos/debug/_ext/684768522/base64.o
 .comment       0x0000003c       0x3d build/aws_demos/debug/_ext/684768522/bignum.o
 .comment       0x0000003c       0x3d build/aws_demos/debug/_ext/684768522/ecdsa.o
 .comment       0x0000003c       0x3d build/aws_demos/debug/_ext/684768522/ecp.o
 .comment       0x0000003c       0x3d build/aws_demos/debug/_ext/684768522/ecp_curves.o
 .comment       0x0000003c       0x3d build/aws_demos/debug/_ext/684768522/md.o
 .comment       0x0000003c       0x3d build/aws_demos/debug/_ext/684768522/md_wrap.o
 .comment       0x0000003c       0x3d build/aws_demos/debug/_ext/684768522/oid.o
 .comment       0x0000003c       0x3d build/aws_demos/debug/_ext/684768522/pem.o
 .comment       0x0000003c       0x3d build/aws_demos/debug/_ext/684768522/pk.o
 .comment       0x0000003c       0x3d build/aws_demos/debug/_ext/684768522/pkparse.o
 .comment       0x0000003c       0x3d build/aws_demos/debug/_ext/684768522/pk_wrap.o
 .comment       0x0000003c       0x3d build/aws_demos/debug/_ext/684768522/platform.o
 .comment       0x0000003c       0x3d build/aws_demos/debug/_ext/684768522/platform_util.o
 .comment       0x0000003c       0x3d build/aws_demos/debug/_ext/684768522/rsa.o
 .comment       0x0000003c       0x3d build/aws_demos/debug/_ext/684768522/rsa_internal.o
 .comment       0x0000003c       0x3d build/aws_demos/debug/_ext/684768522/sha1.o
 .comment       0x0000003c       0x3d build/aws_demos/debug/_ext/684768522/sha256.o
 .comment       0x0000003c       0x3d build/aws_demos/debug/_ext/684768522/threading.o
 .comment       0x0000003c       0x3d build/aws_demos/debug/_ext/684768522/x509.o
 .comment       0x0000003c       0x3d build/aws_demos/debug/_ext/684768522/x509_crt.o
 .comment       0x0000003c       0x3d build/aws_demos/debug/_ext/2077790016/mbedtls_utils.o
 .comment       0x0000003c       0x3d build/aws_demos/debug/_ext/520142351/iot_clock_freertos.o
 .comment       0x0000003c       0x3d build/aws_demos/debug/_ext/520142351/iot_network_freertos.o
 .comment       0x0000003c       0x3d build/aws_demos/debug/_ext/520142351/iot_threads_freertos.o
 .comment       0x0000003c       0x3d build/aws_demos/debug/_ext/13066905/iot_device_metrics.o
 .comment       0x0000003c       0x3d build/aws_demos/debug/_ext/13066905/iot_init.o
 .comment       0x0000003c       0x3d build/aws_demos/debug/_ext/227692215/iot_logging.o
 .comment       0x0000003c       0x3d build/aws_demos/debug/_ext/227692215/iot_logging_task_dynamic_buffers.o
 .comment       0x0000003c       0x3d build/aws_demos/debug/_ext/333408969/iot_taskpool.o
 .comment       0x0000003c       0x3d build/aws_demos/debug/_ext/1739149067/iot_mqtt_api.o
 .comment       0x0000003c       0x3d build/aws_demos/debug/_ext/1739149067/iot_mqtt_network.o
 .comment       0x0000003c       0x3d build/aws_demos/debug/_ext/1739149067/iot_mqtt_operation.o
 .comment       0x0000003c       0x3d build/aws_demos/debug/_ext/1739149067/iot_mqtt_serialize.o
 .comment       0x0000003c       0x3d build/aws_demos/debug/_ext/1739149067/iot_mqtt_subscription.o
 .comment       0x0000003c       0x3d build/aws_demos/debug/_ext/1739149067/iot_mqtt_validate.o
 .comment       0x0000003c       0x3d build/aws_demos/debug/_ext/350635301/iot_crypto.o
 .comment       0x0000003c       0x3d build/aws_demos/debug/_ext/2138053595/iot_pkcs11.o
 .comment       0x0000003c       0x3d build/aws_demos/debug/_ext/1120274527/iot_system_init.o
 .comment       0x0000003c       0x3d build/aws_demos/debug/_ext/1534684544/sys_console.o
 .comment       0x0000003c       0x3d build/aws_demos/debug/_ext/2146650376/hal_i2c_harmony.o
 .comment       0x0000003c       0x3d build/aws_demos/debug/_ext/2146650376/atca_hal.o
 .comment       0x0000003c       0x3d build/aws_demos/debug/_ext/2146650376/hal_freertos.o
 .comment       0x0000003c       0x3d build/aws_demos/debug/_ext/2146650376/hal_i2c_harmony_init.o
 .comment       0x0000003c       0x3d build/aws_demos/debug/_ext/2146650376/hal_cortex_m_delay.o
 .comment       0x0000003c       0x3d c:/program files/microchip/xc32/v2.40/bin/bin/../../lib/gcc/pic32c/6.2.1/../../../../pic32c/lib/v7e-m/fpv4-sp/hard\libpic32c.a(close.o)
 .comment       0x0000003c       0x3d c:/program files/microchip/xc32/v2.40/bin/bin/../../lib/gcc/pic32c/6.2.1/../../../../pic32c/lib/v7e-m/fpv4-sp/hard\libpic32c.a(data_init.o)
 .comment       0x0000003c       0x3d c:/program files/microchip/xc32/v2.40/bin/bin/../../lib/gcc/pic32c/6.2.1/v7e-m/fpv4-sp/hard\libgcc.a(_udivmoddi4.o)
 .comment       0x0000003c       0x3d c:/program files/microchip/xc32/v2.40/bin/bin/../../lib/gcc/pic32c/6.2.1/../../../../pic32c/lib/v7e-m/fpv4-sp/hard\libg_nano.a(lib_a-calloc.o)
 .comment       0x0000003c       0x3d c:/program files/microchip/xc32/v2.40/bin/bin/../../lib/gcc/pic32c/6.2.1/../../../../pic32c/lib/v7e-m/fpv4-sp/hard\libg_nano.a(lib_a-gmtime.o)
 .comment       0x0000003c       0x3d c:/program files/microchip/xc32/v2.40/bin/bin/../../lib/gcc/pic32c/6.2.1/../../../../pic32c/lib/v7e-m/fpv4-sp/hard\libg_nano.a(lib_a-gmtime_r.o)
 .comment       0x0000003c       0x3d c:/program files/microchip/xc32/v2.40/bin/bin/../../lib/gcc/pic32c/6.2.1/../../../../pic32c/lib/v7e-m/fpv4-sp/hard\libg_nano.a(lib_a-impure.o)
 .comment       0x0000003c       0x3d c:/program files/microchip/xc32/v2.40/bin/bin/../../lib/gcc/pic32c/6.2.1/../../../../pic32c/lib/v7e-m/fpv4-sp/hard\libg_nano.a(lib_a-init.o)
 .comment       0x0000003c       0x3d c:/program files/microchip/xc32/v2.40/bin/bin/../../lib/gcc/pic32c/6.2.1/../../../../pic32c/lib/v7e-m/fpv4-sp/hard\libg_nano.a(lib_a-locale.o)
 .comment       0x0000003c       0x3d c:/program files/microchip/xc32/v2.40/bin/bin/../../lib/gcc/pic32c/6.2.1/../../../../pic32c/lib/v7e-m/fpv4-sp/hard\libg_nano.a(lib_a-malloc.o)
 .comment       0x0000003c       0x3d c:/program files/microchip/xc32/v2.40/bin/bin/../../lib/gcc/pic32c/6.2.1/../../../../pic32c/lib/v7e-m/fpv4-sp/hard\libg_nano.a(lib_a-mbtowc_r.o)
 .comment       0x0000003c       0x3d c:/program files/microchip/xc32/v2.40/bin/bin/../../lib/gcc/pic32c/6.2.1/../../../../pic32c/lib/v7e-m/fpv4-sp/hard\libg_nano.a(lib_a-memcmp.o)
 .comment       0x0000003c       0x3d c:/program files/microchip/xc32/v2.40/bin/bin/../../lib/gcc/pic32c/6.2.1/../../../../pic32c/lib/v7e-m/fpv4-sp/hard\libg_nano.a(lib_a-memcpy-stub.o)
 .comment       0x0000003c       0x3d c:/program files/microchip/xc32/v2.40/bin/bin/../../lib/gcc/pic32c/6.2.1/../../../../pic32c/lib/v7e-m/fpv4-sp/hard\libg_nano.a(lib_a-memmove.o)
 .comment       0x0000003c       0x3d c:/program files/microchip/xc32/v2.40/bin/bin/../../lib/gcc/pic32c/6.2.1/../../../../pic32c/lib/v7e-m/fpv4-sp/hard\libg_nano.a(lib_a-memset.o)
 .comment       0x0000003c       0x3d c:/program files/microchip/xc32/v2.40/bin/bin/../../lib/gcc/pic32c/6.2.1/../../../../pic32c/lib/v7e-m/fpv4-sp/hard\libg_nano.a(lib_a-mktime.o)
 .comment       0x0000003c       0x3d c:/program files/microchip/xc32/v2.40/bin/bin/../../lib/gcc/pic32c/6.2.1/../../../../pic32c/lib/v7e-m/fpv4-sp/hard\libg_nano.a(lib_a-nano-callocr.o)
 .comment       0x0000003c       0x3d c:/program files/microchip/xc32/v2.40/bin/bin/../../lib/gcc/pic32c/6.2.1/../../../../pic32c/lib/v7e-m/fpv4-sp/hard\libg_nano.a(lib_a-nano-freer.o)
 .comment       0x0000003c       0x3d c:/program files/microchip/xc32/v2.40/bin/bin/../../lib/gcc/pic32c/6.2.1/../../../../pic32c/lib/v7e-m/fpv4-sp/hard\libg_nano.a(lib_a-nano-mallocr.o)
 .comment       0x0000003c       0x3d c:/program files/microchip/xc32/v2.40/bin/bin/../../lib/gcc/pic32c/6.2.1/../../../../pic32c/lib/v7e-m/fpv4-sp/hard\libg_nano.a(lib_a-nano-vfprintf.o)
 .comment       0x0000003c       0x3d c:/program files/microchip/xc32/v2.40/bin/bin/../../lib/gcc/pic32c/6.2.1/../../../../pic32c/lib/v7e-m/fpv4-sp/hard\libg_nano.a(_lib_a-nano-vfprintf.s.o)
 .comment       0x0000003c       0x3d c:/program files/microchip/xc32/v2.40/bin/bin/../../lib/gcc/pic32c/6.2.1/../../../../pic32c/lib/v7e-m/fpv4-sp/hard\libg_nano.a(lib_a-printf.o)
 .comment       0x0000003c       0x3d c:/program files/microchip/xc32/v2.40/bin/bin/../../lib/gcc/pic32c/6.2.1/../../../../pic32c/lib/v7e-m/fpv4-sp/hard\libg_nano.a(lib_a-putchar.o)
 .comment       0x0000003c       0x3d c:/program files/microchip/xc32/v2.40/bin/bin/../../lib/gcc/pic32c/6.2.1/../../../../pic32c/lib/v7e-m/fpv4-sp/hard\libg_nano.a(lib_a-putc.o)
 .comment       0x0000003c       0x3d c:/program files/microchip/xc32/v2.40/bin/bin/../../lib/gcc/pic32c/6.2.1/../../../../pic32c/lib/v7e-m/fpv4-sp/hard\libg_nano.a(lib_a-puts.o)
 .comment       0x0000003c       0x3d c:/program files/microchip/xc32/v2.40/bin/bin/../../lib/gcc/pic32c/6.2.1/../../../../pic32c/lib/v7e-m/fpv4-sp/hard\libg_nano.a(lib_a-rand.o)
 .comment       0x0000003c       0x3d c:/program files/microchip/xc32/v2.40/bin/bin/../../lib/gcc/pic32c/6.2.1/../../../../pic32c/lib/v7e-m/fpv4-sp/hard\libg_nano.a(lib_a-sbrkr.o)
 .comment       0x0000003c       0x3d c:/program files/microchip/xc32/v2.40/bin/bin/../../lib/gcc/pic32c/6.2.1/../../../../pic32c/lib/v7e-m/fpv4-sp/hard\libg_nano.a(lib_a-snprintf.o)
 .comment       0x0000003c       0x3d c:/program files/microchip/xc32/v2.40/bin/bin/../../lib/gcc/pic32c/6.2.1/../../../../pic32c/lib/v7e-m/fpv4-sp/hard\libg_nano.a(lib_a-sprintf.o)
 .comment       0x0000003c       0x3d c:/program files/microchip/xc32/v2.40/bin/bin/../../lib/gcc/pic32c/6.2.1/../../../../pic32c/lib/v7e-m/fpv4-sp/hard\libg_nano.a(lib_a-__ssfputs.o)
 .comment       0x0000003c       0x3d c:/program files/microchip/xc32/v2.40/bin/bin/../../lib/gcc/pic32c/6.2.1/../../../../pic32c/lib/v7e-m/fpv4-sp/hard\libg_nano.a(lib_a-stdio.o)
 .comment       0x0000003c       0x3d c:/program files/microchip/xc32/v2.40/bin/bin/../../lib/gcc/pic32c/6.2.1/../../../../pic32c/lib/v7e-m/fpv4-sp/hard\libg_nano.a(lib_a-strcat.o)
 .comment       0x0000003c       0x3d c:/program files/microchip/xc32/v2.40/bin/bin/../../lib/gcc/pic32c/6.2.1/../../../../pic32c/lib/v7e-m/fpv4-sp/hard\libg_nano.a(lib_a-strcpy.o)
 .comment       0x0000003c       0x3d c:/program files/microchip/xc32/v2.40/bin/bin/../../lib/gcc/pic32c/6.2.1/../../../../pic32c/lib/v7e-m/fpv4-sp/hard\libg_nano.a(lib_a-strncmp.o)
 .comment       0x0000003c       0x3d c:/program files/microchip/xc32/v2.40/bin/bin/../../lib/gcc/pic32c/6.2.1/../../../../pic32c/lib/v7e-m/fpv4-sp/hard\libg_nano.a(lib_a-strncpy.o)
 .comment       0x0000003c       0x3d c:/program files/microchip/xc32/v2.40/bin/bin/../../lib/gcc/pic32c/6.2.1/../../../../pic32c/lib/v7e-m/fpv4-sp/hard\libg_nano.a(lib_a-strstr.o)
 .comment       0x0000003c       0x3d c:/program files/microchip/xc32/v2.40/bin/bin/../../lib/gcc/pic32c/6.2.1/../../../../pic32c/lib/v7e-m/fpv4-sp/hard\libg_nano.a(lib_a-strtol.o)
 .comment       0x0000003c       0x3d c:/program files/microchip/xc32/v2.40/bin/bin/../../lib/gcc/pic32c/6.2.1/../../../../pic32c/lib/v7e-m/fpv4-sp/hard\libg_nano.a(lib_a-strtoul.o)
 .comment       0x0000003c       0x3d c:/program files/microchip/xc32/v2.40/bin/bin/../../lib/gcc/pic32c/6.2.1/../../../../pic32c/lib/v7e-m/fpv4-sp/hard\libg_nano.a(lib_a-tzcalc_limits.o)
 .comment       0x0000003c       0x3d c:/program files/microchip/xc32/v2.40/bin/bin/../../lib/gcc/pic32c/6.2.1/../../../../pic32c/lib/v7e-m/fpv4-sp/hard\libg_nano.a(lib_a-tzset.o)
 .comment       0x0000003c       0x3d c:/program files/microchip/xc32/v2.40/bin/bin/../../lib/gcc/pic32c/6.2.1/../../../../pic32c/lib/v7e-m/fpv4-sp/hard\libg_nano.a(lib_a-tzset_r.o)
 .comment       0x0000003c       0x3d c:/program files/microchip/xc32/v2.40/bin/bin/../../lib/gcc/pic32c/6.2.1/../../../../pic32c/lib/v7e-m/fpv4-sp/hard\libg_nano.a(lib_a-tzvars.o)
 .comment       0x0000003c       0x3d c:/program files/microchip/xc32/v2.40/bin/bin/../../lib/gcc/pic32c/6.2.1/../../../../pic32c/lib/v7e-m/fpv4-sp/hard\libg_nano.a(lib_a-vsnprintf.o)
 .comment       0x0000003c       0x3d c:/program files/microchip/xc32/v2.40/bin/bin/../../lib/gcc/pic32c/6.2.1/../../../../pic32c/lib/v7e-m/fpv4-sp/hard\libg_nano.a(lib_a-wbuf.o)
 .comment       0x0000003c       0x3d c:/program files/microchip/xc32/v2.40/bin/bin/../../lib/gcc/pic32c/6.2.1/../../../../pic32c/lib/v7e-m/fpv4-sp/hard\libg_nano.a(lib_a-wctomb_r.o)
 .comment       0x0000003c       0x3d c:/program files/microchip/xc32/v2.40/bin/bin/../../lib/gcc/pic32c/6.2.1/../../../../pic32c/lib/v7e-m/fpv4-sp/hard\libg_nano.a(lib_a-writer.o)
 .comment       0x0000003c       0x3d c:/program files/microchip/xc32/v2.40/bin/bin/../../lib/gcc/pic32c/6.2.1/../../../../pic32c/lib/v7e-m/fpv4-sp/hard\libg_nano.a(lib_a-wsetup.o)
 .comment       0x0000003c       0x3d c:/program files/microchip/xc32/v2.40/bin/bin/../../lib/gcc/pic32c/6.2.1/../../../../pic32c/lib/v7e-m/fpv4-sp/hard\libg_nano.a(lib_a-closer.o)
 .comment       0x0000003c       0x3d c:/program files/microchip/xc32/v2.40/bin/bin/../../lib/gcc/pic32c/6.2.1/../../../../pic32c/lib/v7e-m/fpv4-sp/hard\libg_nano.a(lib_a-ctype_.o)
 .comment       0x0000003c       0x3d c:/program files/microchip/xc32/v2.40/bin/bin/../../lib/gcc/pic32c/6.2.1/../../../../pic32c/lib/v7e-m/fpv4-sp/hard\libg_nano.a(lib_a-div.o)
 .comment       0x0000003c       0x3d c:/program files/microchip/xc32/v2.40/bin/bin/../../lib/gcc/pic32c/6.2.1/../../../../pic32c/lib/v7e-m/fpv4-sp/hard\libg_nano.a(lib_a-fflush.o)
 .comment       0x0000003c       0x3d c:/program files/microchip/xc32/v2.40/bin/bin/../../lib/gcc/pic32c/6.2.1/../../../../pic32c/lib/v7e-m/fpv4-sp/hard\libg_nano.a(lib_a-findfp.o)
 .comment       0x0000003c       0x3d c:/program files/microchip/xc32/v2.40/bin/bin/../../lib/gcc/pic32c/6.2.1/../../../../pic32c/lib/v7e-m/fpv4-sp/hard\libg_nano.a(lib_a-fputwc.o)
 .comment       0x0000003c       0x3d c:/program files/microchip/xc32/v2.40/bin/bin/../../lib/gcc/pic32c/6.2.1/../../../../pic32c/lib/v7e-m/fpv4-sp/hard\libg_nano.a(lib_a-fwalk.o)
 .comment       0x0000003c       0x3d c:/program files/microchip/xc32/v2.40/bin/bin/../../lib/gcc/pic32c/6.2.1/../../../../pic32c/lib/v7e-m/fpv4-sp/hard\libg_nano.a(lib_a-getenv_r.o)
 .comment       0x0000003c       0x3d c:/program files/microchip/xc32/v2.40/bin/bin/../../lib/gcc/pic32c/6.2.1/../../../../pic32c/lib/v7e-m/fpv4-sp/hard\libg_nano.a(lib_a-gettzinfo.o)
 .comment       0x0000003c       0x3d c:/program files/microchip/xc32/v2.40/bin/bin/../../lib/gcc/pic32c/6.2.1/../../../../pic32c/lib/v7e-m/fpv4-sp/hard\libg_nano.a(lib_a-lseekr.o)
 .comment       0x0000003c       0x3d c:/program files/microchip/xc32/v2.40/bin/bin/../../lib/gcc/pic32c/6.2.1/../../../../pic32c/lib/v7e-m/fpv4-sp/hard\libg_nano.a(lib_a-makebuf.o)
 .comment       0x0000003c       0x3d c:/program files/microchip/xc32/v2.40/bin/bin/../../lib/gcc/pic32c/6.2.1/../../../../pic32c/lib/v7e-m/fpv4-sp/hard\libg_nano.a(lib_a-mlock.o)
 .comment       0x0000003c       0x3d c:/program files/microchip/xc32/v2.40/bin/bin/../../lib/gcc/pic32c/6.2.1/../../../../pic32c/lib/v7e-m/fpv4-sp/hard\libg_nano.a(lib_a-month_lengths.o)
 .comment       0x0000003c       0x3d c:/program files/microchip/xc32/v2.40/bin/bin/../../lib/gcc/pic32c/6.2.1/../../../../pic32c/lib/v7e-m/fpv4-sp/hard\libg_nano.a(lib_a-nano-svfprintf.o)
 .comment       0x0000003c       0x3d c:/program files/microchip/xc32/v2.40/bin/bin/../../lib/gcc/pic32c/6.2.1/../../../../pic32c/lib/v7e-m/fpv4-sp/hard\libg_nano.a(lib_a-nano-vfprintf_i.o)
 .comment       0x0000003c       0x3d c:/program files/microchip/xc32/v2.40/bin/bin/../../lib/gcc/pic32c/6.2.1/../../../../pic32c/lib/v7e-m/fpv4-sp/hard\libg_nano.a(_lib_a-nano-vfscanf.cdnopsuxX.o)
 .comment       0x0000003c       0x3d c:/program files/microchip/xc32/v2.40/bin/bin/../../lib/gcc/pic32c/6.2.1/../../../../pic32c/lib/v7e-m/fpv4-sp/hard\libg_nano.a(lib_a-readr.o)
 .comment       0x0000003c       0x3d c:/program files/microchip/xc32/v2.40/bin/bin/../../lib/gcc/pic32c/6.2.1/../../../../pic32c/lib/v7e-m/fpv4-sp/hard\libg_nano.a(lib_a-reent.o)
 .comment       0x0000003c       0x3d c:/program files/microchip/xc32/v2.40/bin/bin/../../lib/gcc/pic32c/6.2.1/../../../../pic32c/lib/v7e-m/fpv4-sp/hard\libg_nano.a(lib_a-sccl.o)
 .comment       0x0000003c       0x3d c:/program files/microchip/xc32/v2.40/bin/bin/../../lib/gcc/pic32c/6.2.1/../../../../pic32c/lib/v7e-m/fpv4-sp/hard\libg_nano.a(lib_a-sscanf.o)
 .comment       0x0000003c       0x3d c:/program files/microchip/xc32/v2.40/bin/bin/../../lib/gcc/pic32c/6.2.1/../../../../pic32c/lib/v7e-m/fpv4-sp/hard\libg_nano.a(lib_a-__ssputs.o)
 .comment       0x0000003c       0x3d c:/program files/microchip/xc32/v2.40/bin/bin/../../lib/gcc/pic32c/6.2.1/../../../../pic32c/lib/v7e-m/fpv4-sp/hard\libg_nano.a(lib_a-ungetc.o)
 .comment       0x0000003c       0x3d c:/program files/microchip/xc32/v2.40/bin/bin/../../lib/gcc/pic32c/6.2.1/../../../../pic32c/lib/v7e-m/fpv4-sp/hard\libg_nano.a(lib_a-wcrtomb.o)
 .comment       0x0000003c       0x3d c:/program files/microchip/xc32/v2.40/bin/bin/../../lib/gcc/pic32c/6.2.1/../../../../pic32c/lib/v7e-m/fpv4-sp/hard\libg_nano.a(lib_a-environ.o)
 .comment       0x0000003c       0x3d c:/program files/microchip/xc32/v2.40/bin/bin/../../lib/gcc/pic32c/6.2.1/../../../../pic32c/lib/v7e-m/fpv4-sp/hard\libg_nano.a(lib_a-envlock.o)
 .comment       0x0000003c       0x3d c:/program files/microchip/xc32/v2.40/bin/bin/../../lib/gcc/pic32c/6.2.1/../../../../pic32c/lib/v7e-m/fpv4-sp/hard\libg_nano.a(lib_a-fstatr.o)
 .comment       0x0000003c       0x3d c:/program files/microchip/xc32/v2.40/bin/bin/../../lib/gcc/pic32c/6.2.1/../../../../pic32c/lib/v7e-m/fpv4-sp/hard\libg_nano.a(lib_a-isattyr.o)
 .comment       0x0000003c       0x3d c:/program files/microchip/xc32/v2.40/bin/bin/../../lib/gcc/pic32c/6.2.1/../../../../pic32c/lib/v7e-m/fpv4-sp/hard\libg_nano.a(lib_a-nano-reallocr.o)