Archive member included to satisfy reference by file (symbol)

c:/program files (x86)/microchip/xc32/v2.30/bin/bin/../../lib/gcc/pic32c/6.2.1/../../../../pic32c/lib/v7e-m/fpv5/hard\libpic32c.a(data_init.o)
                              build/default/production/_ext/1171490990/startup_xc32.o (__pic32c_data_initialization)
c:/program files (x86)/microchip/xc32/v2.30/bin/bin/../../lib/gcc/pic32c/6.2.1/../../../../pic32c/lib/v7e-m/fpv5/hard\libc.a(lib_a-init.o)
                              build/default/production/_ext/1171490990/startup_xc32.o (__libc_init_array)
c:/program files (x86)/microchip/xc32/v2.30/bin/bin/../../lib/gcc/pic32c/6.2.1/../../../../pic32c/lib/v7e-m/fpv5/hard\libc.a(lib_a-memcmp.o)
                              build/default/production/_ext/1360937237/aws_bootloader.o (memcmp)
c:/program files (x86)/microchip/xc32/v2.30/bin/bin/../../lib/gcc/pic32c/6.2.1/../../../../pic32c/lib/v7e-m/fpv5/hard\libc.a(lib_a-memcpy-stub.o)
                              build/default/production/_ext/60167248/plib_efc.o (memcpy)
c:/program files (x86)/microchip/xc32/v2.30/bin/bin/../../lib/gcc/pic32c/6.2.1/../../../../pic32c/lib/v7e-m/fpv5/hard\libc.a(lib_a-memset.o)
                              build/default/production/_ext/101884895/sys_time.o (memset)
c:/program files (x86)/microchip/xc32/v2.30/bin/bin/../../lib/gcc/pic32c/6.2.1/../../../../pic32c/lib/v7e-m/fpv5/hard\libc.a(lib_a-puts.o)
                              build/default/production/_ext/1360937237/aws_bootloader.o (puts)
c:/program files (x86)/microchip/xc32/v2.30/bin/bin/../../lib/gcc/pic32c/6.2.1/../../../../pic32c/lib/v7e-m/fpv5/hard\libc.a(lib_a-strlen.o)
                              c:/program files (x86)/microchip/xc32/v2.30/bin/bin/../../lib/gcc/pic32c/6.2.1/../../../../pic32c/lib/v7e-m/fpv5/hard\libc.a(lib_a-puts.o) (strlen)
c:/program files (x86)/microchip/xc32/v2.30/bin/bin/../../lib/gcc/pic32c/6.2.1/../../../../pic32c/lib/v7e-m/fpv5/hard\libc.a(lib_a-strncpy.o)
                              build/default/production/_ext/1360937237/aws_bootloader.o (strncpy)
c:/program files (x86)/microchip/xc32/v2.30/bin/bin/../../lib/gcc/pic32c/6.2.1/../../../../pic32c/lib/v7e-m/fpv5/hard\libc.a(printf.cdnopsuxX.o)
                              (_printf_cdnopsuxX)
c:/program files (x86)/microchip/xc32/v2.30/bin/bin/../../lib/gcc/pic32c/6.2.1/../../../../pic32c/lib/v7e-m/fpv5/hard\libc.a(vfprintf.cdnopsuxX.o)
                              c:/program files (x86)/microchip/xc32/v2.30/bin/bin/../../lib/gcc/pic32c/6.2.1/../../../../pic32c/lib/v7e-m/fpv5/hard\libc.a(printf.cdnopsuxX.o) (_vfprintf_cdnopsuxX)
c:/program files (x86)/microchip/xc32/v2.30/bin/bin/../../lib/gcc/pic32c/6.2.1/../../../../pic32c/lib/v7e-m/fpv5/hard\libc.a(lib_a-fflush.o)
                              c:/program files (x86)/microchip/xc32/v2.30/bin/bin/../../lib/gcc/pic32c/6.2.1/../../../../pic32c/lib/v7e-m/fpv5/hard\libc.a(vfprintf.cdnopsuxX.o) (_fflush_r)
c:/program files (x86)/microchip/xc32/v2.30/bin/bin/../../lib/gcc/pic32c/6.2.1/../../../../pic32c/lib/v7e-m/fpv5/hard\libc.a(lib_a-findfp.o)
                              c:/program files (x86)/microchip/xc32/v2.30/bin/bin/../../lib/gcc/pic32c/6.2.1/../../../../pic32c/lib/v7e-m/fpv5/hard\libc.a(lib_a-puts.o) (__sinit)
c:/program files (x86)/microchip/xc32/v2.30/bin/bin/../../lib/gcc/pic32c/6.2.1/../../../../pic32c/lib/v7e-m/fpv5/hard\libc.a(lib_a-freer.o)
                              c:/program files (x86)/microchip/xc32/v2.30/bin/bin/../../lib/gcc/pic32c/6.2.1/../../../../pic32c/lib/v7e-m/fpv5/hard\libc.a(lib_a-fflush.o) (_free_r)
c:/program files (x86)/microchip/xc32/v2.30/bin/bin/../../lib/gcc/pic32c/6.2.1/../../../../pic32c/lib/v7e-m/fpv5/hard\libc.a(lib_a-fvwrite.o)
                              c:/program files (x86)/microchip/xc32/v2.30/bin/bin/../../lib/gcc/pic32c/6.2.1/../../../../pic32c/lib/v7e-m/fpv5/hard\libc.a(lib_a-puts.o) (__sfvwrite_r)
c:/program files (x86)/microchip/xc32/v2.30/bin/bin/../../lib/gcc/pic32c/6.2.1/../../../../pic32c/lib/v7e-m/fpv5/hard\libc.a(lib_a-fwalk.o)
                              c:/program files (x86)/microchip/xc32/v2.30/bin/bin/../../lib/gcc/pic32c/6.2.1/../../../../pic32c/lib/v7e-m/fpv5/hard\libc.a(lib_a-fflush.o) (_fwalk_reent)
c:/program files (x86)/microchip/xc32/v2.30/bin/bin/../../lib/gcc/pic32c/6.2.1/../../../../pic32c/lib/v7e-m/fpv5/hard\libc.a(lib_a-impure.o)
                              c:/program files (x86)/microchip/xc32/v2.30/bin/bin/../../lib/gcc/pic32c/6.2.1/../../../../pic32c/lib/v7e-m/fpv5/hard\libc.a(lib_a-fflush.o) (_global_impure_ptr)
c:/program files (x86)/microchip/xc32/v2.30/bin/bin/../../lib/gcc/pic32c/6.2.1/../../../../pic32c/lib/v7e-m/fpv5/hard\libc.a(lib_a-mallocr.o)
                              c:/program files (x86)/microchip/xc32/v2.30/bin/bin/../../lib/gcc/pic32c/6.2.1/../../../../pic32c/lib/v7e-m/fpv5/hard\libc.a(lib_a-findfp.o) (_malloc_r)
[...]
Memory Configuration

Name             Origin             Length             Attributes
rom              0x00400000         0x00010000         xr
ram              0x20400000         0x00060000         xrw
*default*        0x00000000         0xffffffff

Linker script and memory map

LOAD c:/program files (x86)/microchip/xc32/v2.30/bin/bin/../../lib/gcc/pic32c/6.2.1/v7e-m/fpv5/hard/crti.o
LOAD c:/program files (x86)/microchip/xc32/v2.30/bin/bin/../../lib/gcc/pic32c/6.2.1/v7e-m/fpv5/hard/crtbegin.o
LOAD build/default/production/_ext/60165520/plib_clk.o
LOAD build/default/production/_ext/60167248/plib_efc.o
LOAD build/default/production/_ext/1865468468/plib_nvic.o
LOAD build/default/production/_ext/60177924/plib_pio.o
LOAD build/default/production/_ext/60180192/plib_rtt.o
LOAD build/default/production/_ext/2001315827/plib_usart1.o
LOAD build/default/production/_ext/163028504/xc32_monitor.o
LOAD build/default/production/_ext/1881668453/sys_int.o
LOAD build/default/production/_ext/101884895/sys_time.o
LOAD build/default/production/_ext/1171490990/initialization.o
LOAD build/default/production/_ext/1171490990/interrupts.o
LOAD build/default/production/_ext/1171490990/exceptions.o
LOAD build/default/production/_ext/1171490990/startup_xc32.o
LOAD build/default/production/_ext/1171490990/libc_syscalls.o
LOAD build/default/production/_ext/1171490990/tasks.o
LOAD build/default/production/_ext/1360937237/aws_bootloader.o
LOAD build/default/production/_ext/1360937237/aws_crc.o
LOAD build/default/production/_ext/1360937237/aws_nvm.o
LOAD build/default/production/_ext/1360937237/main.o
LOAD build/default/production/_ext/1360937237/app.o
                0x00000001                __MPLAB_BUILD = 0x1

.vectors        0x00400000      0x168
                0x00400000                . = ALIGN (0x4)
                0x00400000                _sfixed = .
 *(.vectors .vectors.*)
 .vectors       0x00400000      0x168 build/default/production/_ext/1171490990/interrupts.o
                0x00400000                exception_table

.text           0x00400168       0x20
                0x00400168                . = ALIGN (0x4)
 *(.glue_7t)
 .glue_7t       0x00400168        0x0 linker stubs
 *(.glue_7)
 .glue_7        0x00400168        0x0 linker stubs
 *(.gnu.linkonce.r.*)
 *(.ARM.extab* .gnu.linkonce.armextab.*)
                0x00400168                . = ALIGN (0x4)
 *(.init)
 .init          0x00400168        0x4 c:/program files (x86)/microchip/xc32/v2.30/bin/bin/../../lib/gcc/pic32c/6.2.1/v7e-m/fpv5/hard/crti.o
                0x00400168                _init
 .init          0x0040016c        0x8 c:/program files (x86)/microchip/xc32/v2.30/bin/bin/../../lib/gcc/pic32c/6.2.1/v7e-m/fpv5/hard/crtn.o
                0x00400174                . = ALIGN (0x4)
                0x00400174                __preinit_array_start = .
 *(.preinit_array)
                0x00400174                __preinit_array_end = .
                0x00400174                . = ALIGN (0x4)
                0x00400174                __init_array_start = .
 *(SORT(.init_array.*))
 *(.init_array)
 .init_array    0x00400174        0x4 c:/program files (x86)/microchip/xc32/v2.30/bin/bin/../../lib/gcc/pic32c/6.2.1/v7e-m/fpv5/hard/crtbegin.o
                0x00400178                __init_array_end = .
                0x00400178                . = ALIGN (0x4)
 *crtbegin.o(.ctors)
 *(EXCLUDE_FILE(*crtend.o) .ctors)
 *(SORT(.ctors.*))
 *crtend.o(.ctors)
                0x00400178                . = ALIGN (0x4)
 *(.fini)
 .fini          0x00400178        0x4 c:/program files (x86)/microchip/xc32/v2.30/bin/bin/../../lib/gcc/pic32c/6.2.1/v7e-m/fpv5/hard/crti.o
                0x00400178                _fini
 .fini          0x0040017c        0x8 c:/program files (x86)/microchip/xc32/v2.30/bin/bin/../../lib/gcc/pic32c/6.2.1/v7e-m/fpv5/hard/crtn.o
                0x00400184                . = ALIGN (0x4)
                0x00400184                __fini_array_start = .
 *(.fini_array)
 .fini_array    0x00400184        0x4 c:/program files (x86)/microchip/xc32/v2.30/bin/bin/../../lib/gcc/pic32c/6.2.1/v7e-m/fpv5/hard/crtbegin.o
 *(SORT(.fini_array.*))
                0x00400188                __fini_array_end = .
 *crtbegin.o(.dtors)
 *(EXCLUDE_FILE(*crtend.o) .dtors)
 *(SORT(.dtors.*))
 *crtend.o(.dtors)
                0x00400188                . = ALIGN (0x4)
                0x00400188                _efixed = .
                [!provide]                PROVIDE (__exidx_start, .)

.ARM.exidx      0x00400188        0x8
 *(.ARM.exidx* .gnu.linkonce.armexidx.*)
 .ARM.exidx     0x00400188        0x8 c:/program files (x86)/microchip/xc32/v2.30/bin/bin/../../lib/gcc/pic32c/6.2.1/v7e-m/fpv5/hard\libgcc.a(_udivmoddi4.o)
                [!provide]                PROVIDE (__exidx_end, .)
                0x00400190                . = ALIGN (0x4)
                0x00400190                _etext = .

.bss            0x20400000       0x28
                0x20400000                . = ALIGN (0x4)
                0x20400000                __bss_start__ = .
                0x20400000                _sbss = .
                0x20400000                _szero = .
 *(COMMON)
 COMMON         0x20400000        0x8 build/default/production/_ext/60180192/plib_rtt.o
                0x20400000                rtt
 COMMON         0x20400008        0x4 build/default/production/_ext/1171490990/initialization.o
                0x20400008                sysObj
 COMMON         0x2040000c       0x14 build/default/production/_ext/1360937237/aws_bootloader.o
                0x2040000c                aws_launch_dcpt
 COMMON         0x20400020        0x1 build/default/production/_ext/1360937237/app.o
                0x20400020                appData
 *fill*         0x20400021        0x3 
 COMMON         0x20400024        0x4 c:/program files (x86)/microchip/xc32/v2.30/bin/bin/../../lib/gcc/pic32c/6.2.1/../../../../pic32c/lib/v7e-m/fpv5/hard\libc.a(lib_a-reent.o)
                0x20400024                errno
                0x20400028                . = ALIGN (0x4)
                0x20400028                __bss_end__ = .
                0x20400028                _ebss = .
                0x20400028                _ezero = .
                0x20400028                . = ALIGN (0x4)
                0x20400028                _end = .
                0x2045ffff                _ram_end_ = ((ORIGIN (ram) + LENGTH (ram)) - 0x1)
                0x00000200                _min_heap_size = 0x200
                0x000007d0                _min_stack_size = 0x7d0
                0x00400000                ROM_ORIGIN = 0x400000
                0x00010000                ROM_LENGTH = 0x10000
START GROUP
LOAD c:/program files (x86)/microchip/xc32/v2.30/bin/bin/../../lib/gcc/pic32c/6.2.1/../../../../pic32c/lib/v7e-m/fpv5/hard\libpic32c.a
LOAD c:/program files (x86)/microchip/xc32/v2.30/bin/bin/../../lib/gcc/pic32c/6.2.1/v7e-m/fpv5/hard\libgcc.a
LOAD c:/program files (x86)/microchip/xc32/v2.30/bin/bin/../../lib/gcc/pic32c/6.2.1/../../../../pic32c/lib/v7e-m/fpv5/hard\libc.a
LOAD c:/program files (x86)/microchip/xc32/v2.30/bin/bin/../../lib/gcc/pic32c/6.2.1/../../../../pic32c/lib/v7e-m/fpv5/hard\libm.a
END GROUP
LOAD c:/program files (x86)/microchip/xc32/v2.30/bin/bin/../../lib/gcc/pic32c/6.2.1/v7e-m/fpv5/hard/crtend.o
LOAD c:/program files (x86)/microchip/xc32/v2.30/bin/bin/../../lib/gcc/pic32c/6.2.1/v7e-m/fpv5/hard/crtn.o
OUTPUT(dist/default/production/bootloader.X.production.elf elf32-littlearm)
LOAD stack
LOAD data_init

.ARM.attributes
                0x00000000       0x2e
 .ARM.attributes
                0x00000000       0x20 c:/program files (x86)/microchip/xc32/v2.30/bin/bin/../../lib/gcc/pic32c/6.2.1/v7e-m/fpv5/hard/crti.o
 .ARM.attributes
                0x00000020       0x32 c:/program files (x86)/microchip/xc32/v2.30/bin/bin/../../lib/gcc/pic32c/6.2.1/v7e-m/fpv5/hard/crtbegin.o
 .ARM.attributes
                0x00000052       0x37 build/default/production/_ext/60165520/plib_clk.o
 .ARM.attributes
                0x00000089       0x37 build/default/production/_ext/60167248/plib_efc.o
 .ARM.attributes
                0x000000c0       0x37 build/default/production/_ext/1865468468/plib_nvic.o
 .ARM.attributes
                0x000000f7       0x37 build/default/production/_ext/60177924/plib_pio.o
 .ARM.attributes
                0x0000012e       0x37 build/default/production/_ext/60180192/plib_rtt.o
 .ARM.attributes
                0x00000165       0x37 build/default/production/_ext/2001315827/plib_usart1.o
 .ARM.attributes
                0x0000019c       0x37 build/default/production/_ext/163028504/xc32_monitor.o
 .ARM.attributes
                0x000001d3       0x37 build/default/production/_ext/1881668453/sys_int.o
 .ARM.attributes
                0x0000020a       0x37 build/default/production/_ext/101884895/sys_time.o
 .ARM.attributes
                0x00000241       0x37 build/default/production/_ext/1171490990/initialization.o
 .ARM.attributes
                0x00000278       0x37 build/default/production/_ext/1171490990/interrupts.o
 .ARM.attributes
                0x000002af       0x37 build/default/production/_ext/1171490990/exceptions.o
 .ARM.attributes
                0x000002e6       0x37 build/default/production/_ext/1171490990/startup_xc32.o
 .ARM.attributes
                0x0000031d       0x37 build/default/production/_ext/1171490990/tasks.o
 .ARM.attributes
                0x00000354       0x37 build/default/production/_ext/1360937237/aws_bootloader.o
 .ARM.attributes
                0x0000038b       0x37 build/default/production/_ext/1360937237/aws_crc.o
 .ARM.attributes
                0x000003c2       0x37 build/default/production/_ext/1360937237/aws_nvm.o
 .ARM.attributes
                0x000003f9       0x37 build/default/production/_ext/1360937237/main.o
 .ARM.attributes
                0x00000430       0x37 build/default/production/_ext/1360937237/app.o
 .ARM.attributes
                0x00000467       0x32 c:/program files (x86)/microchip/xc32/v2.30/bin/bin/../../lib/gcc/pic32c/6.2.1/../../../../pic32c/lib/v7e-m/fpv5/hard\libpic32c.a(data_init.o)
 .ARM.attributes
                0x00000499       0x32 c:/program files (x86)/microchip/xc32/v2.30/bin/bin/../../lib/gcc/pic32c/6.2.1/../../../../pic32c/lib/v7e-m/fpv5/hard\libc.a(lib_a-init.o)
 .ARM.attributes
                0x000004cb       0x32 c:/program files (x86)/microchip/xc32/v2.30/bin/bin/../../lib/gcc/pic32c/6.2.1/../../../../pic32c/lib/v7e-m/fpv5/hard\libc.a(lib_a-memcmp.o)
 .ARM.attributes
                0x000004fd       0x32 c:/program files (x86)/microchip/xc32/v2.30/bin/bin/../../lib/gcc/pic32c/6.2.1/../../../../pic32c/lib/v7e-m/fpv5/hard\libc.a(lib_a-memcpy-stub.o)
 .ARM.attributes
                0x0000052f       0x32 c:/program files (x86)/microchip/xc32/v2.30/bin/bin/../../lib/gcc/pic32c/6.2.1/../../../../pic32c/lib/v7e-m/fpv5/hard\libc.a(lib_a-memset.o)
 .ARM.attributes
                0x00000561       0x32 c:/program files (x86)/microchip/xc32/v2.30/bin/bin/../../lib/gcc/pic32c/6.2.1/../../../../pic32c/lib/v7e-m/fpv5/hard\libc.a(lib_a-puts.o)
 .ARM.attributes
                0x00000593       0x19 c:/program files (x86)/microchip/xc32/v2.30/bin/bin/../../lib/gcc/pic32c/6.2.1/../../../../pic32c/lib/v7e-m/fpv5/hard\libc.a(lib_a-strlen.o)
 .ARM.attributes
                0x000005ac       0x32 c:/program files (x86)/microchip/xc32/v2.30/bin/bin/../../lib/gcc/pic32c/6.2.1/../../../../pic32c/lib/v7e-m/fpv5/hard\libc.a(lib_a-strncpy.o)
 .ARM.attributes
                0x000005de       0x32 c:/program files (x86)/microchip/xc32/v2.30/bin/bin/../../lib/gcc/pic32c/6.2.1/../../../../pic32c/lib/v7e-m/fpv5/hard\libc.a(printf.cdnopsuxX.o)
 .ARM.attributes
                0x00000610       0x32 c:/program files (x86)/microchip/xc32/v2.30/bin/bin/../../lib/gcc/pic32c/6.2.1/../../../../pic32c/lib/v7e-m/fpv5/hard\libc.a(vfprintf.cdnopsuxX.o)
 .ARM.attributes
                0x00000642       0x32 c:/program files (x86)/microchip/xc32/v2.30/bin/bin/../../lib/gcc/pic32c/6.2.1/../../../../pic32c/lib/v7e-m/fpv5/hard\libc.a(lib_a-fflush.o)
 .ARM.attributes
                0x00000674       0x32 c:/program files (x86)/microchip/xc32/v2.30/bin/bin/../../lib/gcc/pic32c/6.2.1/../../../../pic32c/lib/v7e-m/fpv5/hard\libc.a(lib_a-findfp.o)
 .ARM.attributes
                0x000006a6       0x32 c:/program files (x86)/microchip/xc32/v2.30/bin/bin/../../lib/gcc/pic32c/6.2.1/../../../../pic32c/lib/v7e-m/fpv5/hard\libc.a(lib_a-freer.o)
 .ARM.attributes
                0x000006d8       0x32 c:/program files (x86)/microchip/xc32/v2.30/bin/bin/../../lib/gcc/pic32c/6.2.1/../../../../pic32c/lib/v7e-m/fpv5/hard\libc.a(lib_a-fvwrite.o)
 .ARM.attributes
                0x0000070a       0x32 c:/program files (x86)/microchip/xc32/v2.30/bin/bin/../../lib/gcc/pic32c/6.2.1/../../../../pic32c/lib/v7e-m/fpv5/hard\libc.a(lib_a-fwalk.o)
 .ARM.attributes
                0x0000073c       0x32 c:/program files (x86)/microchip/xc32/v2.30/bin/bin/../../lib/gcc/pic32c/6.2.1/../../../../pic32c/lib/v7e-m/fpv5/hard\libc.a(lib_a-impure.o)
 .ARM.attributes
                0x0000076e       0x32 c:/program files (x86)/microchip/xc32/v2.30/bin/bin/../../lib/gcc/pic32c/6.2.1/../../../../pic32c/lib/v7e-m/fpv5/hard\libc.a(lib_a-mallocr.o)
 .ARM.attributes
                0x000007a0       0x1e c:/program files (x86)/microchip/xc32/v2.30/bin/bin/../../lib/gcc/pic32c/6.2.1/../../../../pic32c/lib/v7e-m/fpv5/hard\libc.a(lib_a-memchr.o)
 .ARM.attributes
                0x000007be       0x32 c:/program files (x86)/microchip/xc32/v2.30/bin/bin/../../lib/gcc/pic32c/6.2.1/../../../../pic32c/lib/v7e-m/fpv5/hard\libc.a(lib_a-memmove.o)
 .ARM.attributes
                0x000007f0       0x32 c:/program files (x86)/microchip/xc32/v2.30/bin/bin/../../lib/gcc/pic32c/6.2.1/../../../../pic32c/lib/v7e-m/fpv5/hard\libc.a(lib_a-mlock.o)
 .ARM.attributes
                0x00000822       0x32 c:/program files (x86)/microchip/xc32/v2.30/bin/bin/../../lib/gcc/pic32c/6.2.1/../../../../pic32c/lib/v7e-m/fpv5/hard\libc.a(lib_a-reallocr.o)
 .ARM.attributes
                0x00000854       0x32 c:/program files (x86)/microchip/xc32/v2.30/bin/bin/../../lib/gcc/pic32c/6.2.1/../../../../pic32c/lib/v7e-m/fpv5/hard\libc.a(lib_a-sbrkr.o)
 .ARM.attributes
                0x00000886       0x32 c:/program files (x86)/microchip/xc32/v2.30/bin/bin/../../lib/gcc/pic32c/6.2.1/../../../../pic32c/lib/v7e-m/fpv5/hard\libc.a(lib_a-stdio.o)
 .ARM.attributes
                0x000008b8       0x32 c:/program files (x86)/microchip/xc32/v2.30/bin/bin/../../lib/gcc/pic32c/6.2.1/../../../../pic32c/lib/v7e-m/fpv5/hard\libc.a(lib_a-vfiprintf.o)
 .ARM.attributes
                0x000008ea       0x32 c:/program files (x86)/microchip/xc32/v2.30/bin/bin/../../lib/gcc/pic32c/6.2.1/../../../../pic32c/lib/v7e-m/fpv5/hard\libc.a(lib_a-writer.o)
 .ARM.attributes
                0x0000091c       0x32 c:/program files (x86)/microchip/xc32/v2.30/bin/bin/../../lib/gcc/pic32c/6.2.1/../../../../pic32c/lib/v7e-m/fpv5/hard\libc.a(lib_a-wsetup.o)
 .ARM.attributes
                0x0000094e       0x32 c:/program files (x86)/microchip/xc32/v2.30/bin/bin/../../lib/gcc/pic32c/6.2.1/../../../../pic32c/lib/v7e-m/fpv5/hard\libc.a(lib_a-closer.o)
 .ARM.attributes
                0x00000980       0x32 c:/program files (x86)/microchip/xc32/v2.30/bin/bin/../../lib/gcc/pic32c/6.2.1/../../../../pic32c/lib/v7e-m/fpv5/hard\libc.a(lib_a-fclose.o)
 .ARM.attributes
                0x000009b2       0x32 c:/program files (x86)/microchip/xc32/v2.30/bin/bin/../../lib/gcc/pic32c/6.2.1/../../../../pic32c/lib/v7e-m/fpv5/hard\libc.a(lib_a-fputwc.o)
 .ARM.attributes
                0x000009e4       0x32 c:/program files (x86)/microchip/xc32/v2.30/bin/bin/../../lib/gcc/pic32c/6.2.1/../../../../pic32c/lib/v7e-m/fpv5/hard\libc.a(lib_a-locale.o)
 .ARM.attributes
                0x00000a16       0x32 c:/program files (x86)/microchip/xc32/v2.30/bin/bin/../../lib/gcc/pic32c/6.2.1/../../../../pic32c/lib/v7e-m/fpv5/hard\libc.a(lib_a-lseekr.o)
 .ARM.attributes
                0x00000a48       0x32 c:/program files (x86)/microchip/xc32/v2.30/bin/bin/../../lib/gcc/pic32c/6.2.1/../../../../pic32c/lib/v7e-m/fpv5/hard\libc.a(lib_a-makebuf.o)
 .ARM.attributes
                0x00000a7a       0x32 c:/program files (x86)/microchip/xc32/v2.30/bin/bin/../../lib/gcc/pic32c/6.2.1/../../../../pic32c/lib/v7e-m/fpv5/hard\libc.a(lib_a-mbtowc_r.o)
 .ARM.attributes
                0x00000aac       0x32 c:/program files (x86)/microchip/xc32/v2.30/bin/bin/../../lib/gcc/pic32c/6.2.1/../../../../pic32c/lib/v7e-m/fpv5/hard\libc.a(lib_a-readr.o)
 .ARM.attributes
                0x00000ade       0x32 c:/program files (x86)/microchip/xc32/v2.30/bin/bin/../../lib/gcc/pic32c/6.2.1/../../../../pic32c/lib/v7e-m/fpv5/hard\libc.a(lib_a-reent.o)
 .ARM.attributes
                0x00000b10       0x32 c:/program files (x86)/microchip/xc32/v2.30/bin/bin/../../lib/gcc/pic32c/6.2.1/../../../../pic32c/lib/v7e-m/fpv5/hard\libc.a(lib_a-wbuf.o)
 .ARM.attributes
                0x00000b42       0x32 c:/program files (x86)/microchip/xc32/v2.30/bin/bin/../../lib/gcc/pic32c/6.2.1/../../../../pic32c/lib/v7e-m/fpv5/hard\libc.a(lib_a-wcrtomb.o)
 .ARM.attributes
                0x00000b74       0x32 c:/program files (x86)/microchip/xc32/v2.30/bin/bin/../../lib/gcc/pic32c/6.2.1/../../../../pic32c/lib/v7e-m/fpv5/hard\libc.a(lib_a-wctomb_r.o)
 .ARM.attributes
                0x00000ba6       0x32 c:/program files (x86)/microchip/xc32/v2.30/bin/bin/../../lib/gcc/pic32c/6.2.1/../../../../pic32c/lib/v7e-m/fpv5/hard\libc.a(lib_a-ctype_.o)
 .ARM.attributes
                0x00000bd8       0x32 c:/program files (x86)/microchip/xc32/v2.30/bin/bin/../../lib/gcc/pic32c/6.2.1/../../../../pic32c/lib/v7e-m/fpv5/hard\libc.a(lib_a-fstatr.o)
 .ARM.attributes
                0x00000c0a       0x32 c:/program files (x86)/microchip/xc32/v2.30/bin/bin/../../lib/gcc/pic32c/6.2.1/../../../../pic32c/lib/v7e-m/fpv5/hard\libc.a(lib_a-isattyr.o)
 .ARM.attributes
                0x00000c3c       0x32 c:/program files (x86)/microchip/xc32/v2.30/bin/bin/../../lib/gcc/pic32c/6.2.1/../../../../pic32c/lib/v7e-m/fpv5/hard\libpic32c.a(_close.o)
 .ARM.attributes
                0x00000c6e       0x32 c:/program files (x86)/microchip/xc32/v2.30/bin/bin/../../lib/gcc/pic32c/6.2.1/../../../../pic32c/lib/v7e-m/fpv5/hard\libpic32c.a(_fstat.o)
 .ARM.attributes
                0x00000ca0       0x32 c:/program files (x86)/microchip/xc32/v2.30/bin/bin/../../lib/gcc/pic32c/6.2.1/../../../../pic32c/lib/v7e-m/fpv5/hard\libpic32c.a(_isatty.o)
 .ARM.attributes
                0x00000cd2       0x32 c:/program files (x86)/microchip/xc32/v2.30/bin/bin/../../lib/gcc/pic32c/6.2.1/../../../../pic32c/lib/v7e-m/fpv5/hard\libpic32c.a(_lseek.o)
 .ARM.attributes
                0x00000d04       0x32 c:/program files (x86)/microchip/xc32/v2.30/bin/bin/../../lib/gcc/pic32c/6.2.1/../../../../pic32c/lib/v7e-m/fpv5/hard\libpic32c.a(_read.o)
 .ARM.attributes
                0x00000d36       0x32 c:/program files (x86)/microchip/xc32/v2.30/bin/bin/../../lib/gcc/pic32c/6.2.1/../../../../pic32c/lib/v7e-m/fpv5/hard\libpic32c.a(sbrk.o)
 .ARM.attributes
                0x00000d68       0x32 c:/program files (x86)/microchip/xc32/v2.30/bin/bin/../../lib/gcc/pic32c/6.2.1/../../../../pic32c/lib/v7e-m/fpv5/hard\libpic32c.a(_write.o)
 .ARM.attributes
                0x00000d9a       0x32 c:/program files (x86)/microchip/xc32/v2.30/bin/bin/../../lib/gcc/pic32c/6.2.1/../../../../pic32c/lib/v7e-m/fpv5/hard\libpic32c.a(close.o)
 .ARM.attributes
                0x00000dcc       0x32 c:/program files (x86)/microchip/xc32/v2.30/bin/bin/../../lib/gcc/pic32c/6.2.1/../../../../pic32c/lib/v7e-m/fpv5/hard\libpic32c.a(fstat.o)
 .ARM.attributes
                0x00000dfe       0x32 c:/program files (x86)/microchip/xc32/v2.30/bin/bin/../../lib/gcc/pic32c/6.2.1/../../../../pic32c/lib/v7e-m/fpv5/hard\libpic32c.a(isatty.o)
 .ARM.attributes
                0x00000e30       0x32 c:/program files (x86)/microchip/xc32/v2.30/bin/bin/../../lib/gcc/pic32c/6.2.1/../../../../pic32c/lib/v7e-m/fpv5/hard\libpic32c.a(lseek.o)
 .ARM.attributes
                0x00000e62       0x32 c:/program files (x86)/microchip/xc32/v2.30/bin/bin/../../lib/gcc/pic32c/6.2.1/../../../../pic32c/lib/v7e-m/fpv5/hard\libpic32c.a(read.o)
 .ARM.attributes
                0x00000e94       0x32 c:/program files (x86)/microchip/xc32/v2.30/bin/bin/../../lib/gcc/pic32c/6.2.1/../../../../pic32c/lib/v7e-m/fpv5/hard\libpic32c.a(write.o)
 .ARM.attributes
                0x00000ec6       0x20 c:/program files (x86)/microchip/xc32/v2.30/bin/bin/../../lib/gcc/pic32c/6.2.1/v7e-m/fpv5/hard\libgcc.a(_aeabi_uldivmod.o)
 .ARM.attributes
                0x00000ee6       0x32 c:/program files (x86)/microchip/xc32/v2.30/bin/bin/../../lib/gcc/pic32c/6.2.1/v7e-m/fpv5/hard\libgcc.a(_udivmoddi4.o)
 .ARM.attributes
                0x00000f18       0x20 c:/program files (x86)/microchip/xc32/v2.30/bin/bin/../../lib/gcc/pic32c/6.2.1/v7e-m/fpv5/hard\libgcc.a(_dvmd_tls.o)
 .ARM.attributes
                0x00000f38       0x20 c:/program files (x86)/microchip/xc32/v2.30/bin/bin/../../lib/gcc/pic32c/6.2.1/v7e-m/fpv5/hard/crtn.o

.comment        0x00000000       0x3c
 .comment       0x00000000       0x3c c:/program files (x86)/microchip/xc32/v2.30/bin/bin/../../lib/gcc/pic32c/6.2.1/v7e-m/fpv5/hard/crtbegin.o
                                 0x3d (size before relaxing)
 .comment       0x0000003c       0x3d build/default/production/_ext/60165520/plib_clk.o
 .comment       0x0000003c       0x3d build/default/production/_ext/60167248/plib_efc.o
 .comment       0x0000003c       0x3d build/default/production/_ext/1865468468/plib_nvic.o
 .comment       0x0000003c       0x3d build/default/production/_ext/60177924/plib_pio.o
 .comment       0x0000003c       0x3d build/default/production/_ext/60180192/plib_rtt.o
 .comment       0x0000003c       0x3d build/default/production/_ext/2001315827/plib_usart1.o
 .comment       0x0000003c       0x3d build/default/production/_ext/163028504/xc32_monitor.o
 .comment       0x0000003c       0x3d build/default/production/_ext/1881668453/sys_int.o
 .comment       0x0000003c       0x3d build/default/production/_ext/101884895/sys_time.o
 .comment       0x0000003c       0x3d build/default/production/_ext/1171490990/initialization.o
 .comment       0x0000003c       0x3d build/default/production/_ext/1171490990/interrupts.o
 .comment       0x0000003c       0x3d build/default/production/_ext/1171490990/exceptions.o
 .comment       0x0000003c       0x3d build/default/production/_ext/1171490990/startup_xc32.o
 .comment       0x0000003c       0x3d build/default/production/_ext/1171490990/tasks.o
 .comment       0x0000003c       0x3d build/default/production/_ext/1360937237/aws_bootloader.o
 .comment       0x0000003c       0x3d build/default/production/_ext/1360937237/aws_crc.o
 .comment       0x0000003c       0x3d build/default/production/_ext/1360937237/aws_nvm.o
 .comment       0x0000003c       0x3d build/default/production/_ext/1360937237/main.o
 .comment       0x0000003c       0x3d build/default/production/_ext/1360937237/app.o
 .comment       0x0000003c       0x3d c:/program files (x86)/microchip/xc32/v2.30/bin/bin/../../lib/gcc/pic32c/6.2.1/../../../../pic32c/lib/v7e-m/fpv5/hard\libpic32c.a(data_init.o)
 .comment       0x0000003c       0x3d c:/program files (x86)/microchip/xc32/v2.30/bin/bin/../../lib/gcc/pic32c/6.2.1/../../../../pic32c/lib/v7e-m/fpv5/hard\libc.a(lib_a-init.o)
 .comment       0x0000003c       0x3d c:/program files (x86)/microchip/xc32/v2.30/bin/bin/../../lib/gcc/pic32c/6.2.1/../../../../pic32c/lib/v7e-m/fpv5/hard\libc.a(lib_a-memcmp.o)
 .comment       0x0000003c       0x3d c:/program files (x86)/microchip/xc32/v2.30/bin/bin/../../lib/gcc/pic32c/6.2.1/../../../../pic32c/lib/v7e-m/fpv5/hard\libc.a(lib_a-memcpy-stub.o)
 .comment       0x0000003c       0x3d c:/program files (x86)/microchip/xc32/v2.30/bin/bin/../../lib/gcc/pic32c/6.2.1/../../../../pic32c/lib/v7e-m/fpv5/hard\libc.a(lib_a-memset.o)
 .comment       0x0000003c       0x3d c:/program files (x86)/microchip/xc32/v2.30/bin/bin/../../lib/gcc/pic32c/6.2.1/../../../../pic32c/lib/v7e-m/fpv5/hard\libc.a(lib_a-puts.o)
 .comment       0x0000003c       0x3d c:/program files (x86)/microchip/xc32/v2.30/bin/bin/../../lib/gcc/pic32c/6.2.1/../../../../pic32c/lib/v7e-m/fpv5/hard\libc.a(lib_a-strncpy.o)
 .comment       0x0000003c       0x3d c:/program files (x86)/microchip/xc32/v2.30/bin/bin/../../lib/gcc/pic32c/6.2.1/../../../../pic32c/lib/v7e-m/fpv5/hard\libc.a(printf.cdnopsuxX.o)
 .comment       0x0000003c       0x3d c:/program files (x86)/microchip/xc32/v2.30/bin/bin/../../lib/gcc/pic32c/6.2.1/../../../../pic32c/lib/v7e-m/fpv5/hard\libc.a(vfprintf.cdnopsuxX.o)
 .comment       0x0000003c       0x3d c:/program files (x86)/microchip/xc32/v2.30/bin/bin/../../lib/gcc/pic32c/6.2.1/../../../../pic32c/lib/v7e-m/fpv5/hard\libc.a(lib_a-fflush.o)
 .comment       0x0000003c       0x3d c:/program files (x86)/microchip/xc32/v2.30/bin/bin/../../lib/gcc/pic32c/6.2.1/../../../../pic32c/lib/v7e-m/fpv5/hard\libc.a(lib_a-findfp.o)
 .comment       0x0000003c       0x3d c:/program files (x86)/microchip/xc32/v2.30/bin/bin/../../lib/gcc/pic32c/6.2.1/../../../../pic32c/lib/v7e-m/fpv5/hard\libc.a(lib_a-freer.o)
 .comment       0x0000003c       0x3d c:/program files (x86)/microchip/xc32/v2.30/bin/bin/../../lib/gcc/pic32c/6.2.1/../../../../pic32c/lib/v7e-m/fpv5/hard\libc.a(lib_a-fvwrite.o)
 .comment       0x0000003c       0x3d c:/program files (x86)/microchip/xc32/v2.30/bin/bin/../../lib/gcc/pic32c/6.2.1/../../../../pic32c/lib/v7e-m/fpv5/hard\libc.a(lib_a-fwalk.o)
 .comment       0x0000003c       0x3d c:/program files (x86)/microchip/xc32/v2.30/bin/bin/../../lib/gcc/pic32c/6.2.1/../../../../pic32c/lib/v7e-m/fpv5/hard\libc.a(lib_a-impure.o)
 .comment       0x0000003c       0x3d c:/program files (x86)/microchip/xc32/v2.30/bin/bin/../../lib/gcc/pic32c/6.2.1/../../../../pic32c/lib/v7e-m/fpv5/hard\libc.a(lib_a-mallocr.o)
 .comment       0x0000003c       0x3d c:/program files (x86)/microchip/xc32/v2.30/bin/bin/../../lib/gcc/pic32c/6.2.1/../../../../pic32c/lib/v7e-m/fpv5/hard\libc.a(lib_a-memmove.o)
 .comment       0x0000003c       0x3d c:/program files (x86)/microchip/xc32/v2.30/bin/bin/../../lib/gcc/pic32c/6.2.1/../../../../pic32c/lib/v7e-m/fpv5/hard\libc.a(lib_a-mlock.o)
 .comment       0x0000003c       0x3d c:/program files (x86)/microchip/xc32/v2.30/bin/bin/../../lib/gcc/pic32c/6.2.1/../../../../pic32c/lib/v7e-m/fpv5/hard\libc.a(lib_a-reallocr.o)
 .comment       0x0000003c       0x3d c:/program files (x86)/microchip/xc32/v2.30/bin/bin/../../lib/gcc/pic32c/6.2.1/../../../../pic32c/lib/v7e-m/fpv5/hard\libc.a(lib_a-sbrkr.o)
 .comment       0x0000003c       0x3d c:/program files (x86)/microchip/xc32/v2.30/bin/bin/../../lib/gcc/pic32c/6.2.1/../../../../pic32c/lib/v7e-m/fpv5/hard\libc.a(lib_a-stdio.o)
 .comment       0x0000003c       0x3d c:/program files (x86)/microchip/xc32/v2.30/bin/bin/../../lib/gcc/pic32c/6.2.1/../../../../pic32c/lib/v7e-m/fpv5/hard\libc.a(lib_a-vfiprintf.o)
 .comment       0x0000003c       0x3d c:/program files (x86)/microchip/xc32/v2.30/bin/bin/../../lib/gcc/pic32c/6.2.1/../../../../pic32c/lib/v7e-m/fpv5/hard\libc.a(lib_a-writer.o)
 .comment       0x0000003c       0x3d c:/program files (x86)/microchip/xc32/v2.30/bin/bin/../../lib/gcc/pic32c/6.2.1/../../../../pic32c/lib/v7e-m/fpv5/hard\libc.a(lib_a-wsetup.o)
 .comment       0x0000003c       0x3d c:/program files (x86)/microchip/xc32/v2.30/bin/bin/../../lib/gcc/pic32c/6.2.1/../../../../pic32c/lib/v7e-m/fpv5/hard\libc.a(lib_a-closer.o)
 .comment       0x0000003c       0x3d c:/program files (x86)/microchip/xc32/v2.30/bin/bin/../../lib/gcc/pic32c/6.2.1/../../../../pic32c/lib/v7e-m/fpv5/hard\libc.a(lib_a-fclose.o)
 .comment       0x0000003c       0x3d c:/program files (x86)/microchip/xc32/v2.30/bin/bin/../../lib/gcc/pic32c/6.2.1/../../../../pic32c/lib/v7e-m/fpv5/hard\libc.a(lib_a-fputwc.o)
 .comment       0x0000003c       0x3d c:/program files (x86)/microchip/xc32/v2.30/bin/bin/../../lib/gcc/pic32c/6.2.1/../../../../pic32c/lib/v7e-m/fpv5/hard\libc.a(lib_a-locale.o)
 .comment       0x0000003c       0x3d c:/program files (x86)/microchip/xc32/v2.30/bin/bin/../../lib/gcc/pic32c/6.2.1/../../../../pic32c/lib/v7e-m/fpv5/hard\libc.a(lib_a-lseekr.o)
 .comment       0x0000003c       0x3d c:/program files (x86)/microchip/xc32/v2.30/bin/bin/../../lib/gcc/pic32c/6.2.1/../../../../pic32c/lib/v7e-m/fpv5/hard\libc.a(lib_a-makebuf.o)
 .comment       0x0000003c       0x3d c:/program files (x86)/microchip/xc32/v2.30/bin/bin/../../lib/gcc/pic32c/6.2.1/../../../../pic32c/lib/v7e-m/fpv5/hard\libc.a(lib_a-mbtowc_r.o)
 .comment       0x0000003c       0x3d c:/program files (x86)/microchip/xc32/v2.30/bin/bin/../../lib/gcc/pic32c/6.2.1/../../../../pic32c/lib/v7e-m/fpv5/hard\libc.a(lib_a-readr.o)
 .comment       0x0000003c       0x3d c:/program files (x86)/microchip/xc32/v2.30/bin/bin/../../lib/gcc/pic32c/6.2.1/../../../../pic32c/lib/v7e-m/fpv5/hard\libc.a(lib_a-reent.o)
 .comment       0x0000003c       0x3d c:/program files (x86)/microchip/xc32/v2.30/bin/bin/../../lib/gcc/pic32c/6.2.1/../../../../pic32c/lib/v7e-m/fpv5/hard\libc.a(lib_a-wbuf.o)
 .comment       0x0000003c       0x3d c:/program files (x86)/microchip/xc32/v2.30/bin/bin/../../lib/gcc/pic32c/6.2.1/../../../../pic32c/lib/v7e-m/fpv5/hard\libc.a(lib_a-wcrtomb.o)
 .comment       0x0000003c       0x3d c:/program files (x86)/microchip/xc32/v2.30/bin/bin/../../lib/gcc/pic32c/6.2.1/../../../../pic32c/lib/v7e-m/fpv5/hard\libc.a(lib_a-wctomb_r.o)
 .comment       0x0000003c       0x3d c:/program files (x86)/microchip/xc32/v2.30/bin/bin/../../lib/gcc/pic32c/6.2.1/../../../../pic32c/lib/v7e-m/fpv5/hard\libc.a(lib_a-ctype_.o)
 .comment       0x0000003c       0x3d c:/program files (x86)/microchip/xc32/v2.30/bin/bin/../../lib/gcc/pic32c/6.2.1/../../../../pic32c/lib/v7e-m/fpv5/hard\libc.a(lib_a-fstatr.o)
 .comment       0x0000003c       0x3d c:/program files (x86)/microchip/xc32/v2.30/bin/bin/../../lib/gcc/pic32c/6.2.1/../../../../pic32c/lib/v7e-m/fpv5/hard\libc.a(lib_a-isattyr.o)
 .comment       0x0000003c       0x3d c:/program files (x86)/microchip/xc32/v2.30/bin/bin/../../lib/gcc/pic32c/6.2.1/../../../../pic32c/lib/v7e-m/fpv5/hard\libpic32c.a(_close.o)
 .comment       0x0000003c       0x3d c:/program files (x86)/microchip/xc32/v2.30/bin/bin/../../lib/gcc/pic32c/6.2.1/../../../../pic32c/lib/v7e-m/fpv5/hard\libpic32c.a(_fstat.o)
 .comment       0x0000003c       0x3d c:/program files (x86)/microchip/xc32/v2.30/bin/bin/../../lib/gcc/pic32c/6.2.1/../../../../pic32c/lib/v7e-m/fpv5/hard\libpic32c.a(_isatty.o)
 .comment       0x0000003c       0x3d c:/program files (x86)/microchip/xc32/v2.30/bin/bin/../../lib/gcc/pic32c/6.2.1/../../../../pic32c/lib/v7e-m/fpv5/hard\libpic32c.a(_lseek.o)
 .comment       0x0000003c       0x3d c:/program files (x86)/microchip/xc32/v2.30/bin/bin/../../lib/gcc/pic32c/6.2.1/../../../../pic32c/lib/v7e-m/fpv5/hard\libpic32c.a(_read.o)
 .comment       0x0000003c       0x3d c:/program files (x86)/microchip/xc32/v2.30/bin/bin/../../lib/gcc/pic32c/6.2.1/../../../../pic32c/lib/v7e-m/fpv5/hard\libpic32c.a(sbrk.o)
 .comment       0x0000003c       0x3d c:/program files (x86)/microchip/xc32/v2.30/bin/bin/../../lib/gcc/pic32c/6.2.1/../../../../pic32c/lib/v7e-m/fpv5/hard\libpic32c.a(_write.o)
 .comment       0x0000003c       0x3d c:/program files (x86)/microchip/xc32/v2.30/bin/bin/../../lib/gcc/pic32c/6.2.1/../../../../pic32c/lib/v7e-m/fpv5/hard\libpic32c.a(close.o)
 .comment       0x0000003c       0x3d c:/program files (x86)/microchip/xc32/v2.30/bin/bin/../../lib/gcc/pic32c/6.2.1/../../../../pic32c/lib/v7e-m/fpv5/hard\libpic32c.a(fstat.o)
 .comment       0x0000003c       0x3d c:/program files (x86)/microchip/xc32/v2.30/bin/bin/../../lib/gcc/pic32c/6.2.1/../../../../pic32c/lib/v7e-m/fpv5/hard\libpic32c.a(isatty.o)
 .comment       0x0000003c       0x3d c:/program files (x86)/microchip/xc32/v2.30/bin/bin/../../lib/gcc/pic32c/6.2.1/../../../../pic32c/lib/v7e-m/fpv5/hard\libpic32c.a(lseek.o)
 .comment       0x0000003c       0x3d c:/program files (x86)/microchip/xc32/v2.30/bin/bin/../../lib/gcc/pic32c/6.2.1/../../../../pic32c/lib/v7e-m/fpv5/hard\libpic32c.a(read.o)
 .comment       0x0000003c       0x3d c:/program files (x86)/microchip/xc32/v2.30/bin/bin/../../lib/gcc/pic32c/6.2.1/../../../../pic32c/lib/v7e-m/fpv5/hard\libpic32c.a(write.o)
 .comment       0x0000003c       0x3d c:/program files (x86)/microchip/xc32/v2.30/bin/bin/../../lib/gcc/pic32c/6.2.1/v7e-m/fpv5/hard\libgcc.a(_udivmoddi4.o)

.debug_info     0x00000000    0x4632b
 .debug_info    0x00000000      0x85b build/default/production/_ext/60165520/plib_clk.o
 .debug_info    0x0000085b     0x1299 build/default/production/_ext/60167248/plib_efc.o
 .debug_info    0x00001af4      0xef5 build/default/production/_ext/1865468468/plib_nvic.o
 .debug_info    0x000029e9      0xefa build/default/production/_ext/60177924/plib_pio.o
 .debug_info    0x000038e3      0x763 build/default/production/_ext/60180192/plib_rtt.o
 .debug_info    0x00004046      0xca3 build/default/production/_ext/2001315827/plib_usart1.o
 .debug_info    0x00004ce9      0xf77 build/default/production/_ext/163028504/xc32_monitor.o
 .debug_info    0x00005c60      0xcaf build/default/production/_ext/1881668453/sys_int.o
 .debug_info    0x0000690f     0x2ebb build/default/production/_ext/101884895/sys_time.o
 .debug_info    0x000097ca     0x17b8 build/default/production/_ext/1171490990/initialization.o
 .debug_info    0x0000af82     0x193d build/default/production/_ext/1171490990/interrupts.o
 .debug_info    0x0000c8bf      0xfb5 build/default/production/_ext/1171490990/exceptions.o
 .debug_info    0x0000d874     0x1688 build/default/production/_ext/1171490990/startup_xc32.o
 .debug_info    0x0000eefc      0xee5 build/default/production/_ext/1171490990/tasks.o
 .debug_info    0x0000fde1     0x2245 build/default/production/_ext/1360937237/aws_bootloader.o
 .debug_info    0x00012026      0xf4d build/default/production/_ext/1360937237/aws_crc.o
 .debug_info    0x00012f73     0x1501 build/default/production/_ext/1360937237/aws_nvm.o
 .debug_info    0x00014474      0xed4 build/default/production/_ext/1360937237/main.o
 .debug_info    0x00015348      0xf6e build/default/production/_ext/1360937237/app.o
 .debug_info    0x000162b6      0x296 c:/program files (x86)/microchip/xc32/v2.30/bin/bin/../../lib/gcc/pic32c/6.2.1/../../../../pic32c/lib/v7e-m/fpv5/hard\libpic32c.a(data_init.o)
 .debug_info    0x0001654c      0x40b c:/program files (x86)/microchip/xc32/v2.30/bin/bin/../../lib/gcc/pic32c/6.2.1/../../../../pic32c/lib/v7e-m/fpv5/hard\libc.a(lib_a-init.o)
 .debug_info    0x00016957      0xe03 c:/program files (x86)/microchip/xc32/v2.30/bin/bin/../../lib/gcc/pic32c/6.2.1/../../../../pic32c/lib/v7e-m/fpv5/hard\libc.a(lib_a-memcmp.o)
 .debug_info    0x0001775a      0xe22 c:/program files (x86)/microchip/xc32/v2.30/bin/bin/../../lib/gcc/pic32c/6.2.1/../../../../pic32c/lib/v7e-m/fpv5/hard\libc.a(lib_a-memcpy-stub.o)
 .debug_info    0x0001857c     0x1560 c:/program files (x86)/microchip/xc32/v2.30/bin/bin/../../lib/gcc/pic32c/6.2.1/../../../../pic32c/lib/v7e-m/fpv5/hard\libc.a(lib_a-memset.o)
 .debug_info    0x00019adc     0x1293 c:/program files (x86)/microchip/xc32/v2.30/bin/bin/../../lib/gcc/pic32c/6.2.1/../../../../pic32c/lib/v7e-m/fpv5/hard\libc.a(lib_a-puts.o)
 .debug_info    0x0001ad6f      0x122 c:/program files (x86)/microchip/xc32/v2.30/bin/bin/../../lib/gcc/pic32c/6.2.1/../../../../pic32c/lib/v7e-m/fpv5/hard\libc.a(lib_a-strlen.o)
 .debug_info    0x0001ae91      0xe06 c:/program files (x86)/microchip/xc32/v2.30/bin/bin/../../lib/gcc/pic32c/6.2.1/../../../../pic32c/lib/v7e-m/fpv5/hard\libc.a(lib_a-strncpy.o)
 .debug_info    0x0001bc97      0xebb c:/program files (x86)/microchip/xc32/v2.30/bin/bin/../../lib/gcc/pic32c/6.2.1/../../../../pic32c/lib/v7e-m/fpv5/hard\libc.a(printf.cdnopsuxX.o)
 .debug_info    0x0001cb52     0x2103 c:/program files (x86)/microchip/xc32/v2.30/bin/bin/../../lib/gcc/pic32c/6.2.1/../../../../pic32c/lib/v7e-m/fpv5/hard\libc.a(vfprintf.cdnopsuxX.o)
 .debug_info    0x0001ec55     0x1317 c:/program files (x86)/microchip/xc32/v2.30/bin/bin/../../lib/gcc/pic32c/6.2.1/../../../../pic32c/lib/v7e-m/fpv5/hard\libc.a(lib_a-fflush.o)
 .debug_info    0x0001ff6c     0x1484 c:/program files (x86)/microchip/xc32/v2.30/bin/bin/../../lib/gcc/pic32c/6.2.1/../../../../pic32c/lib/v7e-m/fpv5/hard\libc.a(lib_a-findfp.o)
 .debug_info    0x000213f0     0x136e c:/program files (x86)/microchip/xc32/v2.30/bin/bin/../../lib/gcc/pic32c/6.2.1/../../../../pic32c/lib/v7e-m/fpv5/hard\libc.a(lib_a-freer.o)
 .debug_info    0x0002275e     0x14b5 c:/program files (x86)/microchip/xc32/v2.30/bin/bin/../../lib/gcc/pic32c/6.2.1/../../../../pic32c/lib/v7e-m/fpv5/hard\libc.a(lib_a-fvwrite.o)
 .debug_info    0x00023c13     0x1215 c:/program files (x86)/microchip/xc32/v2.30/bin/bin/../../lib/gcc/pic32c/6.2.1/../../../../pic32c/lib/v7e-m/fpv5/hard\libc.a(lib_a-fwalk.o)
 .debug_info    0x00024e28      0xda9 c:/program files (x86)/microchip/xc32/v2.30/bin/bin/../../lib/gcc/pic32c/6.2.1/../../../../pic32c/lib/v7e-m/fpv5/hard\libc.a(lib_a-impure.o)
 .debug_info    0x00025bd1     0x14bb c:/program files (x86)/microchip/xc32/v2.30/bin/bin/../../lib/gcc/pic32c/6.2.1/../../../../pic32c/lib/v7e-m/fpv5/hard\libc.a(lib_a-mallocr.o)
 .debug_info    0x0002708c      0x118 c:/program files (x86)/microchip/xc32/v2.30/bin/bin/../../lib/gcc/pic32c/6.2.1/../../../../pic32c/lib/v7e-m/fpv5/hard\libc.a(lib_a-memchr.o)
 .debug_info    0x000271a4     0x1590 c:/program files (x86)/microchip/xc32/v2.30/bin/bin/../../lib/gcc/pic32c/6.2.1/../../../../pic32c/lib/v7e-m/fpv5/hard\libc.a(lib_a-memmove.o)
 .debug_info    0x00028734      0xde6 c:/program files (x86)/microchip/xc32/v2.30/bin/bin/../../lib/gcc/pic32c/6.2.1/../../../../pic32c/lib/v7e-m/fpv5/hard\libc.a(lib_a-mlock.o)
 .debug_info    0x0002951a     0x14a3 c:/program files (x86)/microchip/xc32/v2.30/bin/bin/../../lib/gcc/pic32c/6.2.1/../../../../pic32c/lib/v7e-m/fpv5/hard\libc.a(lib_a-reallocr.o)
 .debug_info    0x0002a9bd      0xe99 c:/program files (x86)/microchip/xc32/v2.30/bin/bin/../../lib/gcc/pic32c/6.2.1/../../../../pic32c/lib/v7e-m/fpv5/hard\libc.a(lib_a-sbrkr.o)
 .debug_info    0x0002b856     0x13d4 c:/program files (x86)/microchip/xc32/v2.30/bin/bin/../../lib/gcc/pic32c/6.2.1/../../../../pic32c/lib/v7e-m/fpv5/hard\libc.a(lib_a-stdio.o)
 .debug_info    0x0002cc2a     0x2316 c:/program files (x86)/microchip/xc32/v2.30/bin/bin/../../lib/gcc/pic32c/6.2.1/../../../../pic32c/lib/v7e-m/fpv5/hard\libc.a(lib_a-vfiprintf.o)
 .debug_info    0x0002ef40      0xeb8 c:/program files (x86)/microchip/xc32/v2.30/bin/bin/../../lib/gcc/pic32c/6.2.1/../../../../pic32c/lib/v7e-m/fpv5/hard\libc.a(lib_a-writer.o)
 .debug_info    0x0002fdf8     0x119f c:/program files (x86)/microchip/xc32/v2.30/bin/bin/../../lib/gcc/pic32c/6.2.1/../../../../pic32c/lib/v7e-m/fpv5/hard\libc.a(lib_a-wsetup.o)
 .debug_info    0x00030f97      0xe67 c:/program files (x86)/microchip/xc32/v2.30/bin/bin/../../lib/gcc/pic32c/6.2.1/../../../../pic32c/lib/v7e-m/fpv5/hard\libc.a(lib_a-closer.o)
 .debug_info    0x00031dfe     0x123e c:/program files (x86)/microchip/xc32/v2.30/bin/bin/../../lib/gcc/pic32c/6.2.1/../../../../pic32c/lib/v7e-m/fpv5/hard\libc.a(lib_a-fclose.o)
 .debug_info    0x0003303c     0x135b c:/program files (x86)/microchip/xc32/v2.30/bin/bin/../../lib/gcc/pic32c/6.2.1/../../../../pic32c/lib/v7e-m/fpv5/hard\libc.a(lib_a-fputwc.o)
 .debug_info    0x00034397     0x1850 c:/program files (x86)/microchip/xc32/v2.30/bin/bin/../../lib/gcc/pic32c/6.2.1/../../../../pic32c/lib/v7e-m/fpv5/hard\libc.a(lib_a-locale.o)
 .debug_info    0x00035be7      0xe9f c:/program files (x86)/microchip/xc32/v2.30/bin/bin/../../lib/gcc/pic32c/6.2.1/../../../../pic32c/lib/v7e-m/fpv5/hard\libc.a(lib_a-lseekr.o)
 .debug_info    0x00036a86     0x155e c:/program files (x86)/microchip/xc32/v2.30/bin/bin/../../lib/gcc/pic32c/6.2.1/../../../../pic32c/lib/v7e-m/fpv5/hard\libc.a(lib_a-makebuf.o)
 .debug_info    0x00037fe4     0x1734 c:/program files (x86)/microchip/xc32/v2.30/bin/bin/../../lib/gcc/pic32c/6.2.1/../../../../pic32c/lib/v7e-m/fpv5/hard\libc.a(lib_a-mbtowc_r.o)
 .debug_info    0x00039718      0xeb6 c:/program files (x86)/microchip/xc32/v2.30/bin/bin/../../lib/gcc/pic32c/6.2.1/../../../../pic32c/lib/v7e-m/fpv5/hard\libc.a(lib_a-readr.o)
 .debug_info    0x0003a5ce      0xf4d c:/program files (x86)/microchip/xc32/v2.30/bin/bin/../../lib/gcc/pic32c/6.2.1/../../../../pic32c/lib/v7e-m/fpv5/hard\libc.a(lib_a-reent.o)
 .debug_info    0x0003b51b     0x122f c:/program files (x86)/microchip/xc32/v2.30/bin/bin/../../lib/gcc/pic32c/6.2.1/../../../../pic32c/lib/v7e-m/fpv5/hard\libc.a(lib_a-wbuf.o)
 .debug_info    0x0003c74a     0x1710 c:/program files (x86)/microchip/xc32/v2.30/bin/bin/../../lib/gcc/pic32c/6.2.1/../../../../pic32c/lib/v7e-m/fpv5/hard\libc.a(lib_a-wcrtomb.o)
 .debug_info    0x0003de5a     0x16ff c:/program files (x86)/microchip/xc32/v2.30/bin/bin/../../lib/gcc/pic32c/6.2.1/../../../../pic32c/lib/v7e-m/fpv5/hard\libc.a(lib_a-wctomb_r.o)
 .debug_info    0x0003f559     0x1531 c:/program files (x86)/microchip/xc32/v2.30/bin/bin/../../lib/gcc/pic32c/6.2.1/../../../../pic32c/lib/v7e-m/fpv5/hard\libc.a(lib_a-ctype_.o)
 .debug_info    0x00040a8a     0x1162 c:/program files (x86)/microchip/xc32/v2.30/bin/bin/../../lib/gcc/pic32c/6.2.1/../../../../pic32c/lib/v7e-m/fpv5/hard\libc.a(lib_a-fstatr.o)
 .debug_info    0x00041bec      0xe74 c:/program files (x86)/microchip/xc32/v2.30/bin/bin/../../lib/gcc/pic32c/6.2.1/../../../../pic32c/lib/v7e-m/fpv5/hard\libc.a(lib_a-isattyr.o)
 .debug_info    0x00042a60      0x27c c:/program files (x86)/microchip/xc32/v2.30/bin/bin/../../lib/gcc/pic32c/6.2.1/../../../../pic32c/lib/v7e-m/fpv5/hard\libpic32c.a(_close.o)
 .debug_info    0x00042cdc      0x27c c:/program files (x86)/microchip/xc32/v2.30/bin/bin/../../lib/gcc/pic32c/6.2.1/../../../../pic32c/lib/v7e-m/fpv5/hard\libpic32c.a(_fstat.o)
 .debug_info    0x00042f58      0x27e c:/program files (x86)/microchip/xc32/v2.30/bin/bin/../../lib/gcc/pic32c/6.2.1/../../../../pic32c/lib/v7e-m/fpv5/hard\libpic32c.a(_isatty.o)
 .debug_info    0x000431d6      0x27c c:/program files (x86)/microchip/xc32/v2.30/bin/bin/../../lib/gcc/pic32c/6.2.1/../../../../pic32c/lib/v7e-m/fpv5/hard\libpic32c.a(_lseek.o)
 .debug_info    0x00043452      0x27a c:/program files (x86)/microchip/xc32/v2.30/bin/bin/../../lib/gcc/pic32c/6.2.1/../../../../pic32c/lib/v7e-m/fpv5/hard\libpic32c.a(_read.o)
 .debug_info    0x000436cc      0x27a c:/program files (x86)/microchip/xc32/v2.30/bin/bin/../../lib/gcc/pic32c/6.2.1/../../../../pic32c/lib/v7e-m/fpv5/hard\libpic32c.a(sbrk.o)
 .debug_info    0x00043946      0x27c c:/program files (x86)/microchip/xc32/v2.30/bin/bin/../../lib/gcc/pic32c/6.2.1/../../../../pic32c/lib/v7e-m/fpv5/hard\libpic32c.a(_write.o)
 .debug_info    0x00043bc2      0x27b c:/program files (x86)/microchip/xc32/v2.30/bin/bin/../../lib/gcc/pic32c/6.2.1/../../../../pic32c/lib/v7e-m/fpv5/hard\libpic32c.a(close.o)
 .debug_info    0x00043e3d      0x27b c:/program files (x86)/microchip/xc32/v2.30/bin/bin/../../lib/gcc/pic32c/6.2.1/../../../../pic32c/lib/v7e-m/fpv5/hard\libpic32c.a(fstat.o)
 .debug_info    0x000440b8      0x27d c:/program files (x86)/microchip/xc32/v2.30/bin/bin/../../lib/gcc/pic32c/6.2.1/../../../../pic32c/lib/v7e-m/fpv5/hard\libpic32c.a(isatty.o)
 .debug_info    0x00044335      0x27b c:/program files (x86)/microchip/xc32/v2.30/bin/bin/../../lib/gcc/pic32c/6.2.1/../../../../pic32c/lib/v7e-m/fpv5/hard\libpic32c.a(lseek.o)
 .debug_info    0x000445b0      0x27a c:/program files (x86)/microchip/xc32/v2.30/bin/bin/../../lib/gcc/pic32c/6.2.1/../../../../pic32c/lib/v7e-m/fpv5/hard\libpic32c.a(read.o)
 .debug_info    0x0004482a      0x27c c:/program files (x86)/microchip/xc32/v2.30/bin/bin/../../lib/gcc/pic32c/6.2.1/../../../../pic32c/lib/v7e-m/fpv5/hard\libpic32c.a(write.o)
 .debug_info    0x00044aa6       0xfa c:/program files (x86)/microchip/xc32/v2.30/bin/bin/../../lib/gcc/pic32c/6.2.1/v7e-m/fpv5/hard\libgcc.a(_aeabi_uldivmod.o)
 .debug_info    0x00044ba0     0x168d c:/program files (x86)/microchip/xc32/v2.30/bin/bin/../../lib/gcc/pic32c/6.2.1/v7e-m/fpv5/hard\libgcc.a(_udivmoddi4.o)
 .debug_info    0x0004622d       0xfe c:/program files (x86)/microchip/xc32/v2.30/bin/bin/../../lib/gcc/pic32c/6.2.1/v7e-m/fpv5/hard\libgcc.a(_dvmd_tls.o)

.debug_abbrev   0x00000000     0x7aa8
 .debug_abbrev  0x00000000       0xb6 build/default/production/_ext/60165520/plib_clk.o
 .debug_abbrev  0x000000b6      0x280 build/default/production/_ext/60167248/plib_efc.o
 .debug_abbrev  0x00000336      0x140 build/default/production/_ext/1865468468/plib_nvic.o
 .debug_abbrev  0x00000476      0x151 build/default/production/_ext/60177924/plib_pio.o
 .debug_abbrev  0x000005c7      0x14d build/default/production/_ext/60180192/plib_rtt.o
 .debug_abbrev  0x00000714      0x1a5 build/default/production/_ext/2001315827/plib_usart1.o
 .debug_abbrev  0x000008b9      0x1d0 build/default/production/_ext/163028504/xc32_monitor.o
 .debug_abbrev  0x00000a89      0x206 build/default/production/_ext/1881668453/sys_int.o
 .debug_abbrev  0x00000c8f      0x3f8 build/default/production/_ext/101884895/sys_time.o
 .debug_abbrev  0x00001087      0x204 build/default/production/_ext/1171490990/initialization.o
 .debug_abbrev  0x0000128b      0x1a7 build/default/production/_ext/1171490990/interrupts.o
 .debug_abbrev  0x00001432      0x196 build/default/production/_ext/1171490990/exceptions.o
 .debug_abbrev  0x000015c8      0x270 build/default/production/_ext/1171490990/startup_xc32.o
 .debug_abbrev  0x00001838      0x196 build/default/production/_ext/1171490990/tasks.o
 .debug_abbrev  0x000019ce      0x3b0 build/default/production/_ext/1360937237/aws_bootloader.o
 .debug_abbrev  0x00001d7e      0x1e1 build/default/production/_ext/1360937237/aws_crc.o
 .debug_abbrev  0x00001f5f      0x286 build/default/production/_ext/1360937237/aws_nvm.o
 .debug_abbrev  0x000021e5      0x198 build/default/production/_ext/1360937237/main.o
 .debug_abbrev  0x0000237d      0x1ed build/default/production/_ext/1360937237/app.o
 .debug_abbrev  0x0000256a       0x2a c:/program files (x86)/microchip/xc32/v2.30/bin/bin/../../lib/gcc/pic32c/6.2.1/../../../../pic32c/lib/v7e-m/fpv5/hard\libpic32c.a(data_init.o)
 .debug_abbrev  0x00002594       0xa3 c:/program files (x86)/microchip/xc32/v2.30/bin/bin/../../lib/gcc/pic32c/6.2.1/../../../../pic32c/lib/v7e-m/fpv5/hard\libc.a(lib_a-init.o)
 .debug_abbrev  0x00002637      0x1a3 c:/program files (x86)/microchip/xc32/v2.30/bin/bin/../../lib/gcc/pic32c/6.2.1/../../../../pic32c/lib/v7e-m/fpv5/hard\libc.a(lib_a-memcmp.o)
 .debug_abbrev  0x000027da      0x1c1 c:/program files (x86)/microchip/xc32/v2.30/bin/bin/../../lib/gcc/pic32c/6.2.1/../../../../pic32c/lib/v7e-m/fpv5/hard\libc.a(lib_a-memcpy-stub.o)
 .debug_abbrev  0x0000299b      0x1b5 c:/program files (x86)/microchip/xc32/v2.30/bin/bin/../../lib/gcc/pic32c/6.2.1/../../../../pic32c/lib/v7e-m/fpv5/hard\libc.a(lib_a-memset.o)
 .debug_abbrev  0x00002b50      0x265 c:/program files (x86)/microchip/xc32/v2.30/bin/bin/../../lib/gcc/pic32c/6.2.1/../../../../pic32c/lib/v7e-m/fpv5/hard\libc.a(lib_a-puts.o)
 .debug_abbrev  0x00002db5       0x14 c:/program files (x86)/microchip/xc32/v2.30/bin/bin/../../lib/gcc/pic32c/6.2.1/../../../../pic32c/lib/v7e-m/fpv5/hard\libc.a(lib_a-strlen.o)
 .debug_abbrev  0x00002dc9      0x1ab c:/program files (x86)/microchip/xc32/v2.30/bin/bin/../../lib/gcc/pic32c/6.2.1/../../../../pic32c/lib/v7e-m/fpv5/hard\libc.a(lib_a-strncpy.o)
 .debug_abbrev  0x00002f74      0x1db c:/program files (x86)/microchip/xc32/v2.30/bin/bin/../../lib/gcc/pic32c/6.2.1/../../../../pic32c/lib/v7e-m/fpv5/hard\libc.a(printf.cdnopsuxX.o)
 .debug_abbrev  0x0000314f      0x2e6 c:/program files (x86)/microchip/xc32/v2.30/bin/bin/../../lib/gcc/pic32c/6.2.1/../../../../pic32c/lib/v7e-m/fpv5/hard\libc.a(vfprintf.cdnopsuxX.o)
 .debug_abbrev  0x00003435      0x2ee c:/program files (x86)/microchip/xc32/v2.30/bin/bin/../../lib/gcc/pic32c/6.2.1/../../../../pic32c/lib/v7e-m/fpv5/hard\libc.a(lib_a-fflush.o)
 .debug_abbrev  0x00003723      0x2f1 c:/program files (x86)/microchip/xc32/v2.30/bin/bin/../../lib/gcc/pic32c/6.2.1/../../../../pic32c/lib/v7e-m/fpv5/hard\libc.a(lib_a-findfp.o)
 .debug_abbrev  0x00003a14      0x24d c:/program files (x86)/microchip/xc32/v2.30/bin/bin/../../lib/gcc/pic32c/6.2.1/../../../../pic32c/lib/v7e-m/fpv5/hard\libc.a(lib_a-freer.o)
 .debug_abbrev  0x00003c61      0x263 c:/program files (x86)/microchip/xc32/v2.30/bin/bin/../../lib/gcc/pic32c/6.2.1/../../../../pic32c/lib/v7e-m/fpv5/hard\libc.a(lib_a-fvwrite.o)
 .debug_abbrev  0x00003ec4      0x1f2 c:/program files (x86)/microchip/xc32/v2.30/bin/bin/../../lib/gcc/pic32c/6.2.1/../../../../pic32c/lib/v7e-m/fpv5/hard\libc.a(lib_a-fwalk.o)
 .debug_abbrev  0x000040b6      0x176 c:/program files (x86)/microchip/xc32/v2.30/bin/bin/../../lib/gcc/pic32c/6.2.1/../../../../pic32c/lib/v7e-m/fpv5/hard\libc.a(lib_a-impure.o)
 .debug_abbrev  0x0000422c      0x29b c:/program files (x86)/microchip/xc32/v2.30/bin/bin/../../lib/gcc/pic32c/6.2.1/../../../../pic32c/lib/v7e-m/fpv5/hard\libc.a(lib_a-mallocr.o)
 .debug_abbrev  0x000044c7       0x14 c:/program files (x86)/microchip/xc32/v2.30/bin/bin/../../lib/gcc/pic32c/6.2.1/../../../../pic32c/lib/v7e-m/fpv5/hard\libc.a(lib_a-memchr.o)
 .debug_abbrev  0x000044db      0x1ba c:/program files (x86)/microchip/xc32/v2.30/bin/bin/../../lib/gcc/pic32c/6.2.1/../../../../pic32c/lib/v7e-m/fpv5/hard\libc.a(lib_a-memmove.o)
 .debug_abbrev  0x00004695      0x1aa c:/program files (x86)/microchip/xc32/v2.30/bin/bin/../../lib/gcc/pic32c/6.2.1/../../../../pic32c/lib/v7e-m/fpv5/hard\libc.a(lib_a-mlock.o)
 .debug_abbrev  0x0000483f      0x27c c:/program files (x86)/microchip/xc32/v2.30/bin/bin/../../lib/gcc/pic32c/6.2.1/../../../../pic32c/lib/v7e-m/fpv5/hard\libc.a(lib_a-reallocr.o)
 .debug_abbrev  0x00004abb      0x1ed c:/program files (x86)/microchip/xc32/v2.30/bin/bin/../../lib/gcc/pic32c/6.2.1/../../../../pic32c/lib/v7e-m/fpv5/hard\libc.a(lib_a-sbrkr.o)
 .debug_abbrev  0x00004ca8      0x284 c:/program files (x86)/microchip/xc32/v2.30/bin/bin/../../lib/gcc/pic32c/6.2.1/../../../../pic32c/lib/v7e-m/fpv5/hard\libc.a(lib_a-stdio.o)
 .debug_abbrev  0x00004f2c      0x374 c:/program files (x86)/microchip/xc32/v2.30/bin/bin/../../lib/gcc/pic32c/6.2.1/../../../../pic32c/lib/v7e-m/fpv5/hard\libc.a(lib_a-vfiprintf.o)
 .debug_abbrev  0x000052a0      0x1dd c:/program files (x86)/microchip/xc32/v2.30/bin/bin/../../lib/gcc/pic32c/6.2.1/../../../../pic32c/lib/v7e-m/fpv5/hard\libc.a(lib_a-writer.o)
 .debug_abbrev  0x0000547d      0x23c c:/program files (x86)/microchip/xc32/v2.30/bin/bin/../../lib/gcc/pic32c/6.2.1/../../../../pic32c/lib/v7e-m/fpv5/hard\libc.a(lib_a-wsetup.o)
 .debug_abbrev  0x000056b9      0x1d8 c:/program files (x86)/microchip/xc32/v2.30/bin/bin/../../lib/gcc/pic32c/6.2.1/../../../../pic32c/lib/v7e-m/fpv5/hard\libc.a(lib_a-closer.o)
 .debug_abbrev  0x00005891      0x2a0 c:/program files (x86)/microchip/xc32/v2.30/bin/bin/../../lib/gcc/pic32c/6.2.1/../../../../pic32c/lib/v7e-m/fpv5/hard\libc.a(lib_a-fclose.o)
 .debug_abbrev  0x00005b31      0x2c6 c:/program files (x86)/microchip/xc32/v2.30/bin/bin/../../lib/gcc/pic32c/6.2.1/../../../../pic32c/lib/v7e-m/fpv5/hard\libc.a(lib_a-fputwc.o)
 .debug_abbrev  0x00005df7      0x29b c:/program files (x86)/microchip/xc32/v2.30/bin/bin/../../lib/gcc/pic32c/6.2.1/../../../../pic32c/lib/v7e-m/fpv5/hard\libc.a(lib_a-locale.o)
 .debug_abbrev  0x00006092      0x1d8 c:/program files (x86)/microchip/xc32/v2.30/bin/bin/../../lib/gcc/pic32c/6.2.1/../../../../pic32c/lib/v7e-m/fpv5/hard\libc.a(lib_a-lseekr.o)
 .debug_abbrev  0x0000626a      0x2ad c:/program files (x86)/microchip/xc32/v2.30/bin/bin/../../lib/gcc/pic32c/6.2.1/../../../../pic32c/lib/v7e-m/fpv5/hard\libc.a(lib_a-makebuf.o)
 .debug_abbrev  0x00006517      0x203 c:/program files (x86)/microchip/xc32/v2.30/bin/bin/../../lib/gcc/pic32c/6.2.1/../../../../pic32c/lib/v7e-m/fpv5/hard\libc.a(lib_a-mbtowc_r.o)
 .debug_abbrev  0x0000671a      0x1d8 c:/program files (x86)/microchip/xc32/v2.30/bin/bin/../../lib/gcc/pic32c/6.2.1/../../../../pic32c/lib/v7e-m/fpv5/hard\libc.a(lib_a-readr.o)
 .debug_abbrev  0x000068f2      0x258 c:/program files (x86)/microchip/xc32/v2.30/bin/bin/../../lib/gcc/pic32c/6.2.1/../../../../pic32c/lib/v7e-m/fpv5/hard\libc.a(lib_a-reent.o)
 .debug_abbrev  0x00006b4a      0x25d c:/program files (x86)/microchip/xc32/v2.30/bin/bin/../../lib/gcc/pic32c/6.2.1/../../../../pic32c/lib/v7e-m/fpv5/hard\libc.a(lib_a-wbuf.o)
 .debug_abbrev  0x00006da7      0x221 c:/program files (x86)/microchip/xc32/v2.30/bin/bin/../../lib/gcc/pic32c/6.2.1/../../../../pic32c/lib/v7e-m/fpv5/hard\libc.a(lib_a-wcrtomb.o)
 .debug_abbrev  0x00006fc8      0x21f c:/program files (x86)/microchip/xc32/v2.30/bin/bin/../../lib/gcc/pic32c/6.2.1/../../../../pic32c/lib/v7e-m/fpv5/hard\libc.a(lib_a-wctomb_r.o)
 .debug_abbrev  0x000071e7      0x176 c:/program files (x86)/microchip/xc32/v2.30/bin/bin/../../lib/gcc/pic32c/6.2.1/../../../../pic32c/lib/v7e-m/fpv5/hard\libc.a(lib_a-ctype_.o)
 .debug_abbrev  0x0000735d      0x1d8 c:/program files (x86)/microchip/xc32/v2.30/bin/bin/../../lib/gcc/pic32c/6.2.1/../../../../pic32c/lib/v7e-m/fpv5/hard\libc.a(lib_a-fstatr.o)
 .debug_abbrev  0x00007535      0x1d8 c:/program files (x86)/microchip/xc32/v2.30/bin/bin/../../lib/gcc/pic32c/6.2.1/../../../../pic32c/lib/v7e-m/fpv5/hard\libc.a(lib_a-isattyr.o)
 .debug_abbrev  0x0000770d       0x27 c:/program files (x86)/microchip/xc32/v2.30/bin/bin/../../lib/gcc/pic32c/6.2.1/../../../../pic32c/lib/v7e-m/fpv5/hard\libpic32c.a(_close.o)
 .debug_abbrev  0x00007734       0x27 c:/program files (x86)/microchip/xc32/v2.30/bin/bin/../../lib/gcc/pic32c/6.2.1/../../../../pic32c/lib/v7e-m/fpv5/hard\libpic32c.a(_fstat.o)
 .debug_abbrev  0x0000775b       0x27 c:/program files (x86)/microchip/xc32/v2.30/bin/bin/../../lib/gcc/pic32c/6.2.1/../../../../pic32c/lib/v7e-m/fpv5/hard\libpic32c.a(_isatty.o)
 .debug_abbrev  0x00007782       0x27 c:/program files (x86)/microchip/xc32/v2.30/bin/bin/../../lib/gcc/pic32c/6.2.1/../../../../pic32c/lib/v7e-m/fpv5/hard\libpic32c.a(_lseek.o)
 .debug_abbrev  0x000077a9       0x27 c:/program files (x86)/microchip/xc32/v2.30/bin/bin/../../lib/gcc/pic32c/6.2.1/../../../../pic32c/lib/v7e-m/fpv5/hard\libpic32c.a(_read.o)
 .debug_abbrev  0x000077d0       0x2a c:/program files (x86)/microchip/xc32/v2.30/bin/bin/../../lib/gcc/pic32c/6.2.1/../../../../pic32c/lib/v7e-m/fpv5/hard\libpic32c.a(sbrk.o)
 .debug_abbrev  0x000077fa       0x27 c:/program files (x86)/microchip/xc32/v2.30/bin/bin/../../lib/gcc/pic32c/6.2.1/../../../../pic32c/lib/v7e-m/fpv5/hard\libpic32c.a(_write.o)
 .debug_abbrev  0x00007821       0x2a c:/program files (x86)/microchip/xc32/v2.30/bin/bin/../../lib/gcc/pic32c/6.2.1/../../../../pic32c/lib/v7e-m/fpv5/hard\libpic32c.a(close.o)
 .debug_abbrev  0x0000784b       0x2a c:/program files (x86)/microchip/xc32/v2.30/bin/bin/../../lib/gcc/pic32c/6.2.1/../../../../pic32c/lib/v7e-m/fpv5/hard\libpic32c.a(fstat.o)
 .debug_abbrev  0x00007875       0x2a c:/program files (x86)/microchip/xc32/v2.30/bin/bin/../../lib/gcc/pic32c/6.2.1/../../../../pic32c/lib/v7e-m/fpv5/hard\libpic32c.a(isatty.o)
 .debug_abbrev  0x0000789f       0x2a c:/program files (x86)/microchip/xc32/v2.30/bin/bin/../../lib/gcc/pic32c/6.2.1/../../../../pic32c/lib/v7e-m/fpv5/hard\libpic32c.a(lseek.o)
 .debug_abbrev  0x000078c9       0x2a c:/program files (x86)/microchip/xc32/v2.30/bin/bin/../../lib/gcc/pic32c/6.2.1/../../../../pic32c/lib/v7e-m/fpv5/hard\libpic32c.a(read.o)
 .debug_abbrev  0x000078f3       0x2a c:/program files (x86)/microchip/xc32/v2.30/bin/bin/../../lib/gcc/pic32c/6.2.1/../../../../pic32c/lib/v7e-m/fpv5/hard\libpic32c.a(write.o)
 .debug_abbrev  0x0000791d       0x14 c:/program files (x86)/microchip/xc32/v2.30/bin/bin/../../lib/gcc/pic32c/6.2.1/v7e-m/fpv5/hard\libgcc.a(_aeabi_uldivmod.o)
 .debug_abbrev  0x00007931      0x163 c:/program files (x86)/microchip/xc32/v2.30/bin/bin/../../lib/gcc/pic32c/6.2.1/v7e-m/fpv5/hard\libgcc.a(_udivmoddi4.o)
 .debug_abbrev  0x00007a94       0x14 c:/program files (x86)/microchip/xc32/v2.30/bin/bin/../../lib/gcc/pic32c/6.2.1/v7e-m/fpv5/hard\libgcc.a(_dvmd_tls.o)

.debug_loc      0x00000000     0xa109
 .debug_loc     0x00000000       0xb4 build/default/production/_ext/60165520/plib_clk.o
 .debug_loc     0x000000b4      0x2e8 build/default/production/_ext/60167248/plib_efc.o
 .debug_loc     0x0000039c      0x140 build/default/production/_ext/1865468468/plib_nvic.o
 .debug_loc     0x000004dc      0x324 build/default/production/_ext/60177924/plib_pio.o
 .debug_loc     0x00000800      0x3a0 build/default/production/_ext/60180192/plib_rtt.o
 .debug_loc     0x00000ba0      0x364 build/default/production/_ext/2001315827/plib_usart1.o
 .debug_loc     0x00000f04       0xa0 build/default/production/_ext/163028504/xc32_monitor.o
 .debug_loc     0x00000fa4      0x2b0 build/default/production/_ext/1881668453/sys_int.o
 .debug_loc     0x00001254      0xe0c build/default/production/_ext/101884895/sys_time.o
 .debug_loc     0x00002060       0x50 build/default/production/_ext/1171490990/initialization.o
 .debug_loc     0x000020b0      0x108 build/default/production/_ext/1171490990/exceptions.o
 .debug_loc     0x000021b8       0xd8 build/default/production/_ext/1171490990/startup_xc32.o
 .debug_loc     0x00002290       0x2c build/default/production/_ext/1171490990/tasks.o
 .debug_loc     0x000022bc      0x61a build/default/production/_ext/1360937237/aws_bootloader.o
 .debug_loc     0x000028d6      0x128 build/default/production/_ext/1360937237/aws_crc.o
 .debug_loc     0x000029fe      0x330 build/default/production/_ext/1360937237/aws_nvm.o
 .debug_loc     0x00002d2e       0x2c build/default/production/_ext/1360937237/main.o
 .debug_loc     0x00002d5a       0x94 build/default/production/_ext/1360937237/app.o
 .debug_loc     0x00002dee       0x74 c:/program files (x86)/microchip/xc32/v2.30/bin/bin/../../lib/gcc/pic32c/6.2.1/../../../../pic32c/lib/v7e-m/fpv5/hard\libc.a(lib_a-init.o)
 .debug_loc     0x00002e62      0x14e c:/program files (x86)/microchip/xc32/v2.30/bin/bin/../../lib/gcc/pic32c/6.2.1/../../../../pic32c/lib/v7e-m/fpv5/hard\libc.a(lib_a-memcmp.o)
 .debug_loc     0x00002fb0       0xb2 c:/program files (x86)/microchip/xc32/v2.30/bin/bin/../../lib/gcc/pic32c/6.2.1/../../../../pic32c/lib/v7e-m/fpv5/hard\libc.a(lib_a-memcpy-stub.o)
 .debug_loc     0x00003062       0x4c c:/program files (x86)/microchip/xc32/v2.30/bin/bin/../../lib/gcc/pic32c/6.2.1/../../../../pic32c/lib/v7e-m/fpv5/hard\libc.a(lib_a-memset.o)
 .debug_loc     0x000030ae      0x11c c:/program files (x86)/microchip/xc32/v2.30/bin/bin/../../lib/gcc/pic32c/6.2.1/../../../../pic32c/lib/v7e-m/fpv5/hard\libc.a(lib_a-puts.o)
 .debug_loc     0x000031ca      0x116 c:/program files (x86)/microchip/xc32/v2.30/bin/bin/../../lib/gcc/pic32c/6.2.1/../../../../pic32c/lib/v7e-m/fpv5/hard\libc.a(lib_a-strncpy.o)
 .debug_loc     0x000032e0       0x50 c:/program files (x86)/microchip/xc32/v2.30/bin/bin/../../lib/gcc/pic32c/6.2.1/../../../../pic32c/lib/v7e-m/fpv5/hard\libc.a(printf.cdnopsuxX.o)
 .debug_loc     0x00003330     0x1060 c:/program files (x86)/microchip/xc32/v2.30/bin/bin/../../lib/gcc/pic32c/6.2.1/../../../../pic32c/lib/v7e-m/fpv5/hard\libc.a(vfprintf.cdnopsuxX.o)
 .debug_loc     0x00004390      0x2da c:/program files (x86)/microchip/xc32/v2.30/bin/bin/../../lib/gcc/pic32c/6.2.1/../../../../pic32c/lib/v7e-m/fpv5/hard\libc.a(lib_a-fflush.o)
 .debug_loc     0x0000466a      0x228 c:/program files (x86)/microchip/xc32/v2.30/bin/bin/../../lib/gcc/pic32c/6.2.1/../../../../pic32c/lib/v7e-m/fpv5/hard\libc.a(lib_a-findfp.o)
 .debug_loc     0x00004892      0x42d c:/program files (x86)/microchip/xc32/v2.30/bin/bin/../../lib/gcc/pic32c/6.2.1/../../../../pic32c/lib/v7e-m/fpv5/hard\libc.a(lib_a-freer.o)
 .debug_loc     0x00004cbf      0x5a5 c:/program files (x86)/microchip/xc32/v2.30/bin/bin/../../lib/gcc/pic32c/6.2.1/../../../../pic32c/lib/v7e-m/fpv5/hard\libc.a(lib_a-fvwrite.o)
 .debug_loc     0x00005264      0x139 c:/program files (x86)/microchip/xc32/v2.30/bin/bin/../../lib/gcc/pic32c/6.2.1/../../../../pic32c/lib/v7e-m/fpv5/hard\libc.a(lib_a-fwalk.o)
 .debug_loc     0x0000539d      0x875 c:/program files (x86)/microchip/xc32/v2.30/bin/bin/../../lib/gcc/pic32c/6.2.1/../../../../pic32c/lib/v7e-m/fpv5/hard\libc.a(lib_a-mallocr.o)
 .debug_loc     0x00005c12      0x12a c:/program files (x86)/microchip/xc32/v2.30/bin/bin/../../lib/gcc/pic32c/6.2.1/../../../../pic32c/lib/v7e-m/fpv5/hard\libc.a(lib_a-memmove.o)
 .debug_loc     0x00005d3c      0xad7 c:/program files (x86)/microchip/xc32/v2.30/bin/bin/../../lib/gcc/pic32c/6.2.1/../../../../pic32c/lib/v7e-m/fpv5/hard\libc.a(lib_a-reallocr.o)
 .debug_loc     0x00006813       0x6d c:/program files (x86)/microchip/xc32/v2.30/bin/bin/../../lib/gcc/pic32c/6.2.1/../../../../pic32c/lib/v7e-m/fpv5/hard\libc.a(lib_a-sbrkr.o)
 .debug_loc     0x00006880      0x2ef c:/program files (x86)/microchip/xc32/v2.30/bin/bin/../../lib/gcc/pic32c/6.2.1/../../../../pic32c/lib/v7e-m/fpv5/hard\libc.a(lib_a-stdio.o)
 .debug_loc     0x00006b6f     0x1605 c:/program files (x86)/microchip/xc32/v2.30/bin/bin/../../lib/gcc/pic32c/6.2.1/../../../../pic32c/lib/v7e-m/fpv5/hard\libc.a(lib_a-vfiprintf.o)
 .debug_loc     0x00008174       0xc5 c:/program files (x86)/microchip/xc32/v2.30/bin/bin/../../lib/gcc/pic32c/6.2.1/../../../../pic32c/lib/v7e-m/fpv5/hard\libc.a(lib_a-writer.o)
 .debug_loc     0x00008239       0x6f c:/program files (x86)/microchip/xc32/v2.30/bin/bin/../../lib/gcc/pic32c/6.2.1/../../../../pic32c/lib/v7e-m/fpv5/hard\libc.a(lib_a-wsetup.o)
 .debug_loc     0x000082a8       0x6d c:/program files (x86)/microchip/xc32/v2.30/bin/bin/../../lib/gcc/pic32c/6.2.1/../../../../pic32c/lib/v7e-m/fpv5/hard\libc.a(lib_a-closer.o)
 .debug_loc     0x00008315      0x116 c:/program files (x86)/microchip/xc32/v2.30/bin/bin/../../lib/gcc/pic32c/6.2.1/../../../../pic32c/lib/v7e-m/fpv5/hard\libc.a(lib_a-fclose.o)
 .debug_loc     0x0000842b      0x279 c:/program files (x86)/microchip/xc32/v2.30/bin/bin/../../lib/gcc/pic32c/6.2.1/../../../../pic32c/lib/v7e-m/fpv5/hard\libc.a(lib_a-fputwc.o)
 .debug_loc     0x000086a4      0x17b c:/program files (x86)/microchip/xc32/v2.30/bin/bin/../../lib/gcc/pic32c/6.2.1/../../../../pic32c/lib/v7e-m/fpv5/hard\libc.a(lib_a-locale.o)
 .debug_loc     0x0000881f       0xc5 c:/program files (x86)/microchip/xc32/v2.30/bin/bin/../../lib/gcc/pic32c/6.2.1/../../../../pic32c/lib/v7e-m/fpv5/hard\libc.a(lib_a-lseekr.o)
 .debug_loc     0x000088e4      0x254 c:/program files (x86)/microchip/xc32/v2.30/bin/bin/../../lib/gcc/pic32c/6.2.1/../../../../pic32c/lib/v7e-m/fpv5/hard\libc.a(lib_a-makebuf.o)
 .debug_loc     0x00008b38      0x229 c:/program files (x86)/microchip/xc32/v2.30/bin/bin/../../lib/gcc/pic32c/6.2.1/../../../../pic32c/lib/v7e-m/fpv5/hard\libc.a(lib_a-mbtowc_r.o)
 .debug_loc     0x00008d61       0xc5 c:/program files (x86)/microchip/xc32/v2.30/bin/bin/../../lib/gcc/pic32c/6.2.1/../../../../pic32c/lib/v7e-m/fpv5/hard\libc.a(lib_a-readr.o)
 .debug_loc     0x00008e26      0x18f c:/program files (x86)/microchip/xc32/v2.30/bin/bin/../../lib/gcc/pic32c/6.2.1/../../../../pic32c/lib/v7e-m/fpv5/hard\libc.a(lib_a-reent.o)
 .debug_loc     0x00008fb5      0x133 c:/program files (x86)/microchip/xc32/v2.30/bin/bin/../../lib/gcc/pic32c/6.2.1/../../../../pic32c/lib/v7e-m/fpv5/hard\libc.a(lib_a-wbuf.o)
 .debug_loc     0x000090e8      0x1a8 c:/program files (x86)/microchip/xc32/v2.30/bin/bin/../../lib/gcc/pic32c/6.2.1/../../../../pic32c/lib/v7e-m/fpv5/hard\libc.a(lib_a-wcrtomb.o)
 .debug_loc     0x00009290      0x116 c:/program files (x86)/microchip/xc32/v2.30/bin/bin/../../lib/gcc/pic32c/6.2.1/../../../../pic32c/lib/v7e-m/fpv5/hard\libc.a(lib_a-wctomb_r.o)
 .debug_loc     0x000093a6       0x99 c:/program files (x86)/microchip/xc32/v2.30/bin/bin/../../lib/gcc/pic32c/6.2.1/../../../../pic32c/lib/v7e-m/fpv5/hard\libc.a(lib_a-fstatr.o)
 .debug_loc     0x0000943f       0x6d c:/program files (x86)/microchip/xc32/v2.30/bin/bin/../../lib/gcc/pic32c/6.2.1/../../../../pic32c/lib/v7e-m/fpv5/hard\libc.a(lib_a-isattyr.o)
 .debug_loc     0x000094ac       0x14 c:/program files (x86)/microchip/xc32/v2.30/bin/bin/../../lib/gcc/pic32c/6.2.1/../../../../pic32c/lib/v7e-m/fpv5/hard\libpic32c.a(read.o)
 .debug_loc     0x000094c0       0x14 c:/program files (x86)/microchip/xc32/v2.30/bin/bin/../../lib/gcc/pic32c/6.2.1/../../../../pic32c/lib/v7e-m/fpv5/hard\libpic32c.a(write.o)
 .debug_loc     0x000094d4      0xc35 c:/program files (x86)/microchip/xc32/v2.30/bin/bin/../../lib/gcc/pic32c/6.2.1/v7e-m/fpv5/hard\libgcc.a(_udivmoddi4.o)

.debug_aranges  0x00000000      0xe90
 .debug_aranges
                0x00000000       0x30 build/default/production/_ext/60165520/plib_clk.o
 .debug_aranges
                0x00000030       0x60 build/default/production/_ext/60167248/plib_efc.o
 .debug_aranges
                0x00000090       0x38 build/default/production/_ext/1865468468/plib_nvic.o
 .debug_aranges
                0x000000c8       0x60 build/default/production/_ext/60177924/plib_pio.o
 .debug_aranges
                0x00000128       0x70 build/default/production/_ext/60180192/plib_rtt.o
 .debug_aranges
                0x00000198       0x70 build/default/production/_ext/2001315827/plib_usart1.o
 .debug_aranges
                0x00000208       0x28 build/default/production/_ext/163028504/xc32_monitor.o
 .debug_aranges
                0x00000230       0x58 build/default/production/_ext/1881668453/sys_int.o
 .debug_aranges
                0x00000288      0x170 build/default/production/_ext/101884895/sys_time.o
 .debug_aranges
                0x000003f8       0x20 build/default/production/_ext/1171490990/initialization.o
 .debug_aranges
                0x00000418       0x20 build/default/production/_ext/1171490990/interrupts.o
 .debug_aranges
                0x00000438       0x48 build/default/production/_ext/1171490990/exceptions.o
 .debug_aranges
                0x00000480       0x38 build/default/production/_ext/1171490990/startup_xc32.o
 .debug_aranges
                0x000004b8       0x20 build/default/production/_ext/1171490990/tasks.o
 .debug_aranges
                0x000004d8       0xc0 build/default/production/_ext/1360937237/aws_bootloader.o
 .debug_aranges
                0x00000598       0x38 build/default/production/_ext/1360937237/aws_crc.o
 .debug_aranges
                0x000005d0       0x68 build/default/production/_ext/1360937237/aws_nvm.o
 .debug_aranges
                0x00000638       0x20 build/default/production/_ext/1360937237/main.o
 .debug_aranges
                0x00000658       0x28 build/default/production/_ext/1360937237/app.o
 .debug_aranges
                0x00000680       0x20 c:/program files (x86)/microchip/xc32/v2.30/bin/bin/../../lib/gcc/pic32c/6.2.1/../../../../pic32c/lib/v7e-m/fpv5/hard\libpic32c.a(data_init.o)
 .debug_aranges
                0x000006a0       0x20 c:/program files (x86)/microchip/xc32/v2.30/bin/bin/../../lib/gcc/pic32c/6.2.1/../../../../pic32c/lib/v7e-m/fpv5/hard\libc.a(lib_a-init.o)
 .debug_aranges
                0x000006c0       0x20 c:/program files (x86)/microchip/xc32/v2.30/bin/bin/../../lib/gcc/pic32c/6.2.1/../../../../pic32c/lib/v7e-m/fpv5/hard\libc.a(lib_a-memcmp.o)
 .debug_aranges
                0x000006e0       0x20 c:/program files (x86)/microchip/xc32/v2.30/bin/bin/../../lib/gcc/pic32c/6.2.1/../../../../pic32c/lib/v7e-m/fpv5/hard\libc.a(lib_a-memcpy-stub.o)
 .debug_aranges
                0x00000700       0x20 c:/program files (x86)/microchip/xc32/v2.30/bin/bin/../../lib/gcc/pic32c/6.2.1/../../../../pic32c/lib/v7e-m/fpv5/hard\libc.a(lib_a-memset.o)
 .debug_aranges
                0x00000720       0x28 c:/program files (x86)/microchip/xc32/v2.30/bin/bin/../../lib/gcc/pic32c/6.2.1/../../../../pic32c/lib/v7e-m/fpv5/hard\libc.a(lib_a-puts.o)
 .debug_aranges
                0x00000748       0x20 c:/program files (x86)/microchip/xc32/v2.30/bin/bin/../../lib/gcc/pic32c/6.2.1/../../../../pic32c/lib/v7e-m/fpv5/hard\libc.a(lib_a-strlen.o)
 .debug_aranges
                0x00000768       0x20 c:/program files (x86)/microchip/xc32/v2.30/bin/bin/../../lib/gcc/pic32c/6.2.1/../../../../pic32c/lib/v7e-m/fpv5/hard\libc.a(lib_a-strncpy.o)
 .debug_aranges
                0x00000788       0x20 c:/program files (x86)/microchip/xc32/v2.30/bin/bin/../../lib/gcc/pic32c/6.2.1/../../../../pic32c/lib/v7e-m/fpv5/hard\libc.a(printf.cdnopsuxX.o)
 .debug_aranges
                0x000007a8       0x30 c:/program files (x86)/microchip/xc32/v2.30/bin/bin/../../lib/gcc/pic32c/6.2.1/../../../../pic32c/lib/v7e-m/fpv5/hard\libc.a(vfprintf.cdnopsuxX.o)
 .debug_aranges
                0x000007d8       0x30 c:/program files (x86)/microchip/xc32/v2.30/bin/bin/../../lib/gcc/pic32c/6.2.1/../../../../pic32c/lib/v7e-m/fpv5/hard\libc.a(lib_a-fflush.o)
 .debug_aranges
                0x00000808       0x48 c:/program files (x86)/microchip/xc32/v2.30/bin/bin/../../lib/gcc/pic32c/6.2.1/../../../../pic32c/lib/v7e-m/fpv5/hard\libc.a(lib_a-findfp.o)
 .debug_aranges
                0x00000850       0x28 c:/program files (x86)/microchip/xc32/v2.30/bin/bin/../../lib/gcc/pic32c/6.2.1/../../../../pic32c/lib/v7e-m/fpv5/hard\libc.a(lib_a-freer.o)
 .debug_aranges
                0x00000878       0x20 c:/program files (x86)/microchip/xc32/v2.30/bin/bin/../../lib/gcc/pic32c/6.2.1/../../../../pic32c/lib/v7e-m/fpv5/hard\libc.a(lib_a-fvwrite.o)
 .debug_aranges
                0x00000898       0x28 c:/program files (x86)/microchip/xc32/v2.30/bin/bin/../../lib/gcc/pic32c/6.2.1/../../../../pic32c/lib/v7e-m/fpv5/hard\libc.a(lib_a-fwalk.o)
 .debug_aranges
                0x000008c0       0x18 c:/program files (x86)/microchip/xc32/v2.30/bin/bin/../../lib/gcc/pic32c/6.2.1/../../../../pic32c/lib/v7e-m/fpv5/hard\libc.a(lib_a-impure.o)
 .debug_aranges
                0x000008d8       0x20 c:/program files (x86)/microchip/xc32/v2.30/bin/bin/../../lib/gcc/pic32c/6.2.1/../../../../pic32c/lib/v7e-m/fpv5/hard\libc.a(lib_a-mallocr.o)
 .debug_aranges
                0x000008f8       0x20 c:/program files (x86)/microchip/xc32/v2.30/bin/bin/../../lib/gcc/pic32c/6.2.1/../../../../pic32c/lib/v7e-m/fpv5/hard\libc.a(lib_a-memchr.o)
 .debug_aranges
                0x00000918       0x20 c:/program files (x86)/microchip/xc32/v2.30/bin/bin/../../lib/gcc/pic32c/6.2.1/../../../../pic32c/lib/v7e-m/fpv5/hard\libc.a(lib_a-memmove.o)
 .debug_aranges
                0x00000938       0x20 c:/program files (x86)/microchip/xc32/v2.30/bin/bin/../../lib/gcc/pic32c/6.2.1/../../../../pic32c/lib/v7e-m/fpv5/hard\libc.a(lib_a-mlock.o)
 .debug_aranges
                0x00000958       0x20 c:/program files (x86)/microchip/xc32/v2.30/bin/bin/../../lib/gcc/pic32c/6.2.1/../../../../pic32c/lib/v7e-m/fpv5/hard\libc.a(lib_a-reallocr.o)
 .debug_aranges
                0x00000978       0x20 c:/program files (x86)/microchip/xc32/v2.30/bin/bin/../../lib/gcc/pic32c/6.2.1/../../../../pic32c/lib/v7e-m/fpv5/hard\libc.a(lib_a-sbrkr.o)
 .debug_aranges
                0x00000998       0x40 c:/program files (x86)/microchip/xc32/v2.30/bin/bin/../../lib/gcc/pic32c/6.2.1/../../../../pic32c/lib/v7e-m/fpv5/hard\libc.a(lib_a-stdio.o)
 .debug_aranges
                0x000009d8       0x38 c:/program files (x86)/microchip/xc32/v2.30/bin/bin/../../lib/gcc/pic32c/6.2.1/../../../../pic32c/lib/v7e-m/fpv5/hard\libc.a(lib_a-vfiprintf.o)
 .debug_aranges
                0x00000a10       0x20 c:/program files (x86)/microchip/xc32/v2.30/bin/bin/../../lib/gcc/pic32c/6.2.1/../../../../pic32c/lib/v7e-m/fpv5/hard\libc.a(lib_a-writer.o)
 .debug_aranges
                0x00000a30       0x20 c:/program files (x86)/microchip/xc32/v2.30/bin/bin/../../lib/gcc/pic32c/6.2.1/../../../../pic32c/lib/v7e-m/fpv5/hard\libc.a(lib_a-wsetup.o)
 .debug_aranges
                0x00000a50       0x20 c:/program files (x86)/microchip/xc32/v2.30/bin/bin/../../lib/gcc/pic32c/6.2.1/../../../../pic32c/lib/v7e-m/fpv5/hard\libc.a(lib_a-closer.o)
 .debug_aranges
                0x00000a70       0x28 c:/program files (x86)/microchip/xc32/v2.30/bin/bin/../../lib/gcc/pic32c/6.2.1/../../../../pic32c/lib/v7e-m/fpv5/hard\libc.a(lib_a-fclose.o)
 .debug_aranges
                0x00000a98       0x30 c:/program files (x86)/microchip/xc32/v2.30/bin/bin/../../lib/gcc/pic32c/6.2.1/../../../../pic32c/lib/v7e-m/fpv5/hard\libc.a(lib_a-fputwc.o)
 .debug_aranges
                0x00000ac8       0x40 c:/program files (x86)/microchip/xc32/v2.30/bin/bin/../../lib/gcc/pic32c/6.2.1/../../../../pic32c/lib/v7e-m/fpv5/hard\libc.a(lib_a-locale.o)
 .debug_aranges
                0x00000b08       0x20 c:/program files (x86)/microchip/xc32/v2.30/bin/bin/../../lib/gcc/pic32c/6.2.1/../../../../pic32c/lib/v7e-m/fpv5/hard\libc.a(lib_a-lseekr.o)
 .debug_aranges
                0x00000b28       0x28 c:/program files (x86)/microchip/xc32/v2.30/bin/bin/../../lib/gcc/pic32c/6.2.1/../../../../pic32c/lib/v7e-m/fpv5/hard\libc.a(lib_a-makebuf.o)
 .debug_aranges
                0x00000b50       0x28 c:/program files (x86)/microchip/xc32/v2.30/bin/bin/../../lib/gcc/pic32c/6.2.1/../../../../pic32c/lib/v7e-m/fpv5/hard\libc.a(lib_a-mbtowc_r.o)
 .debug_aranges
                0x00000b78       0x20 c:/program files (x86)/microchip/xc32/v2.30/bin/bin/../../lib/gcc/pic32c/6.2.1/../../../../pic32c/lib/v7e-m/fpv5/hard\libc.a(lib_a-readr.o)
 .debug_aranges
                0x00000b98       0x28 c:/program files (x86)/microchip/xc32/v2.30/bin/bin/../../lib/gcc/pic32c/6.2.1/../../../../pic32c/lib/v7e-m/fpv5/hard\libc.a(lib_a-reent.o)
 .debug_aranges
                0x00000bc0       0x28 c:/program files (x86)/microchip/xc32/v2.30/bin/bin/../../lib/gcc/pic32c/6.2.1/../../../../pic32c/lib/v7e-m/fpv5/hard\libc.a(lib_a-wbuf.o)
 .debug_aranges
                0x00000be8       0x28 c:/program files (x86)/microchip/xc32/v2.30/bin/bin/../../lib/gcc/pic32c/6.2.1/../../../../pic32c/lib/v7e-m/fpv5/hard\libc.a(lib_a-wcrtomb.o)
 .debug_aranges
                0x00000c10       0x28 c:/program files (x86)/microchip/xc32/v2.30/bin/bin/../../lib/gcc/pic32c/6.2.1/../../../../pic32c/lib/v7e-m/fpv5/hard\libc.a(lib_a-wctomb_r.o)
 .debug_aranges
                0x00000c38       0x18 c:/program files (x86)/microchip/xc32/v2.30/bin/bin/../../lib/gcc/pic32c/6.2.1/../../../../pic32c/lib/v7e-m/fpv5/hard\libc.a(lib_a-ctype_.o)
 .debug_aranges
                0x00000c50       0x20 c:/program files (x86)/microchip/xc32/v2.30/bin/bin/../../lib/gcc/pic32c/6.2.1/../../../../pic32c/lib/v7e-m/fpv5/hard\libc.a(lib_a-fstatr.o)
 .debug_aranges
                0x00000c70       0x20 c:/program files (x86)/microchip/xc32/v2.30/bin/bin/../../lib/gcc/pic32c/6.2.1/../../../../pic32c/lib/v7e-m/fpv5/hard\libc.a(lib_a-isattyr.o)
 .debug_aranges
                0x00000c90       0x20 c:/program files (x86)/microchip/xc32/v2.30/bin/bin/../../lib/gcc/pic32c/6.2.1/../../../../pic32c/lib/v7e-m/fpv5/hard\libpic32c.a(_close.o)
 .debug_aranges
                0x00000cb0       0x20 c:/program files (x86)/microchip/xc32/v2.30/bin/bin/../../lib/gcc/pic32c/6.2.1/../../../../pic32c/lib/v7e-m/fpv5/hard\libpic32c.a(_fstat.o)
 .debug_aranges
                0x00000cd0       0x20 c:/program files (x86)/microchip/xc32/v2.30/bin/bin/../../lib/gcc/pic32c/6.2.1/../../../../pic32c/lib/v7e-m/fpv5/hard\libpic32c.a(_isatty.o)
 .debug_aranges
                0x00000cf0       0x20 c:/program files (x86)/microchip/xc32/v2.30/bin/bin/../../lib/gcc/pic32c/6.2.1/../../../../pic32c/lib/v7e-m/fpv5/hard\libpic32c.a(_lseek.o)
 .debug_aranges
                0x00000d10       0x20 c:/program files (x86)/microchip/xc32/v2.30/bin/bin/../../lib/gcc/pic32c/6.2.1/../../../../pic32c/lib/v7e-m/fpv5/hard\libpic32c.a(_read.o)
 .debug_aranges
                0x00000d30       0x20 c:/program files (x86)/microchip/xc32/v2.30/bin/bin/../../lib/gcc/pic32c/6.2.1/../../../../pic32c/lib/v7e-m/fpv5/hard\libpic32c.a(sbrk.o)
 .debug_aranges
                0x00000d50       0x20 c:/program files (x86)/microchip/xc32/v2.30/bin/bin/../../lib/gcc/pic32c/6.2.1/../../../../pic32c/lib/v7e-m/fpv5/hard\libpic32c.a(_write.o)
 .debug_aranges
                0x00000d70       0x20 c:/program files (x86)/microchip/xc32/v2.30/bin/bin/../../lib/gcc/pic32c/6.2.1/../../../../pic32c/lib/v7e-m/fpv5/hard\libpic32c.a(close.o)
 .debug_aranges
                0x00000d90       0x20 c:/program files (x86)/microchip/xc32/v2.30/bin/bin/../../lib/gcc/pic32c/6.2.1/../../../../pic32c/lib/v7e-m/fpv5/hard\libpic32c.a(fstat.o)
 .debug_aranges
                0x00000db0       0x20 c:/program files (x86)/microchip/xc32/v2.30/bin/bin/../../lib/gcc/pic32c/6.2.1/../../../../pic32c/lib/v7e-m/fpv5/hard\libpic32c.a(isatty.o)
 .debug_aranges
                0x00000dd0       0x20 c:/program files (x86)/microchip/xc32/v2.30/bin/bin/../../lib/gcc/pic32c/6.2.1/../../../../pic32c/lib/v7e-m/fpv5/hard\libpic32c.a(lseek.o)
 .debug_aranges
                0x00000df0       0x20 c:/program files (x86)/microchip/xc32/v2.30/bin/bin/../../lib/gcc/pic32c/6.2.1/../../../../pic32c/lib/v7e-m/fpv5/hard\libpic32c.a(read.o)
 .debug_aranges
                0x00000e10       0x20 c:/program files (x86)/microchip/xc32/v2.30/bin/bin/../../lib/gcc/pic32c/6.2.1/../../../../pic32c/lib/v7e-m/fpv5/hard\libpic32c.a(write.o)
 .debug_aranges
                0x00000e30       0x20 c:/program files (x86)/microchip/xc32/v2.30/bin/bin/../../lib/gcc/pic32c/6.2.1/v7e-m/fpv5/hard\libgcc.a(_aeabi_uldivmod.o)
 .debug_aranges
                0x00000e50       0x20 c:/program files (x86)/microchip/xc32/v2.30/bin/bin/../../lib/gcc/pic32c/6.2.1/v7e-m/fpv5/hard\libgcc.a(_udivmoddi4.o)
 .debug_aranges
                0x00000e70       0x20 c:/program files (x86)/microchip/xc32/v2.30/bin/bin/../../lib/gcc/pic32c/6.2.1/v7e-m/fpv5/hard\libgcc.a(_dvmd_tls.o)

.debug_ranges   0x00000000      0xbf8
 .debug_ranges  0x00000000       0x20 build/default/production/_ext/60165520/plib_clk.o
 .debug_ranges  0x00000020       0x50 build/default/production/_ext/60167248/plib_efc.o
 .debug_ranges  0x00000070       0x28 build/default/production/_ext/1865468468/plib_nvic.o
 .debug_ranges  0x00000098       0x50 build/default/production/_ext/60177924/plib_pio.o
 .debug_ranges  0x000000e8       0x60 build/default/production/_ext/60180192/plib_rtt.o
 .debug_ranges  0x00000148       0x60 build/default/production/_ext/2001315827/plib_usart1.o
 .debug_ranges  0x000001a8       0x18 build/default/production/_ext/163028504/xc32_monitor.o
 .debug_ranges  0x000001c0       0x48 build/default/production/_ext/1881668453/sys_int.o
 .debug_ranges  0x00000208      0x160 build/default/production/_ext/101884895/sys_time.o
 .debug_ranges  0x00000368       0x10 build/default/production/_ext/1171490990/initialization.o
 .debug_ranges  0x00000378       0x10 build/default/production/_ext/1171490990/interrupts.o
 .debug_ranges  0x00000388       0x38 build/default/production/_ext/1171490990/exceptions.o
 .debug_ranges  0x000003c0       0x28 build/default/production/_ext/1171490990/startup_xc32.o
 .debug_ranges  0x000003e8       0x10 build/default/production/_ext/1171490990/tasks.o
 .debug_ranges  0x000003f8       0xb0 build/default/production/_ext/1360937237/aws_bootloader.o
 .debug_ranges  0x000004a8       0x28 build/default/production/_ext/1360937237/aws_crc.o
 .debug_ranges  0x000004d0       0x58 build/default/production/_ext/1360937237/aws_nvm.o
 .debug_ranges  0x00000528       0x10 build/default/production/_ext/1360937237/main.o
 .debug_ranges  0x00000538       0x30 build/default/production/_ext/1360937237/app.o
 .debug_ranges  0x00000568       0x10 c:/program files (x86)/microchip/xc32/v2.30/bin/bin/../../lib/gcc/pic32c/6.2.1/../../../../pic32c/lib/v7e-m/fpv5/hard\libpic32c.a(data_init.o)
 .debug_ranges  0x00000578       0x10 c:/program files (x86)/microchip/xc32/v2.30/bin/bin/../../lib/gcc/pic32c/6.2.1/../../../../pic32c/lib/v7e-m/fpv5/hard\libc.a(lib_a-init.o)
 .debug_ranges  0x00000588       0x10 c:/program files (x86)/microchip/xc32/v2.30/bin/bin/../../lib/gcc/pic32c/6.2.1/../../../../pic32c/lib/v7e-m/fpv5/hard\libc.a(lib_a-memcmp.o)
 .debug_ranges  0x00000598       0x10 c:/program files (x86)/microchip/xc32/v2.30/bin/bin/../../lib/gcc/pic32c/6.2.1/../../../../pic32c/lib/v7e-m/fpv5/hard\libc.a(lib_a-memcpy-stub.o)
 .debug_ranges  0x000005a8       0x10 c:/program files (x86)/microchip/xc32/v2.30/bin/bin/../../lib/gcc/pic32c/6.2.1/../../../../pic32c/lib/v7e-m/fpv5/hard\libc.a(lib_a-memset.o)
 .debug_ranges  0x000005b8       0x30 c:/program files (x86)/microchip/xc32/v2.30/bin/bin/../../lib/gcc/pic32c/6.2.1/../../../../pic32c/lib/v7e-m/fpv5/hard\libc.a(lib_a-puts.o)
 .debug_ranges  0x000005e8       0x10 c:/program files (x86)/microchip/xc32/v2.30/bin/bin/../../lib/gcc/pic32c/6.2.1/../../../../pic32c/lib/v7e-m/fpv5/hard\libc.a(lib_a-strncpy.o)
 .debug_ranges  0x000005f8       0x10 c:/program files (x86)/microchip/xc32/v2.30/bin/bin/../../lib/gcc/pic32c/6.2.1/../../../../pic32c/lib/v7e-m/fpv5/hard\libc.a(printf.cdnopsuxX.o)
 .debug_ranges  0x00000608       0x20 c:/program files (x86)/microchip/xc32/v2.30/bin/bin/../../lib/gcc/pic32c/6.2.1/../../../../pic32c/lib/v7e-m/fpv5/hard\libc.a(vfprintf.cdnopsuxX.o)
 .debug_ranges  0x00000628       0x50 c:/program files (x86)/microchip/xc32/v2.30/bin/bin/../../lib/gcc/pic32c/6.2.1/../../../../pic32c/lib/v7e-m/fpv5/hard\libc.a(lib_a-fflush.o)
 .debug_ranges  0x00000678       0x38 c:/program files (x86)/microchip/xc32/v2.30/bin/bin/../../lib/gcc/pic32c/6.2.1/../../../../pic32c/lib/v7e-m/fpv5/hard\libc.a(lib_a-findfp.o)
 .debug_ranges  0x000006b0       0x18 c:/program files (x86)/microchip/xc32/v2.30/bin/bin/../../lib/gcc/pic32c/6.2.1/../../../../pic32c/lib/v7e-m/fpv5/hard\libc.a(lib_a-freer.o)
 .debug_ranges  0x000006c8       0x30 c:/program files (x86)/microchip/xc32/v2.30/bin/bin/../../lib/gcc/pic32c/6.2.1/../../../../pic32c/lib/v7e-m/fpv5/hard\libc.a(lib_a-fvwrite.o)
 .debug_ranges  0x000006f8       0x18 c:/program files (x86)/microchip/xc32/v2.30/bin/bin/../../lib/gcc/pic32c/6.2.1/../../../../pic32c/lib/v7e-m/fpv5/hard\libc.a(lib_a-fwalk.o)
 .debug_ranges  0x00000710       0x28 c:/program files (x86)/microchip/xc32/v2.30/bin/bin/../../lib/gcc/pic32c/6.2.1/../../../../pic32c/lib/v7e-m/fpv5/hard\libc.a(lib_a-mallocr.o)
 .debug_ranges  0x00000738       0x10 c:/program files (x86)/microchip/xc32/v2.30/bin/bin/../../lib/gcc/pic32c/6.2.1/../../../../pic32c/lib/v7e-m/fpv5/hard\libc.a(lib_a-memmove.o)
 .debug_ranges  0x00000748       0x10 c:/program files (x86)/microchip/xc32/v2.30/bin/bin/../../lib/gcc/pic32c/6.2.1/../../../../pic32c/lib/v7e-m/fpv5/hard\libc.a(lib_a-mlock.o)
 .debug_ranges  0x00000758       0xa0 c:/program files (x86)/microchip/xc32/v2.30/bin/bin/../../lib/gcc/pic32c/6.2.1/../../../../pic32c/lib/v7e-m/fpv5/hard\libc.a(lib_a-reallocr.o)
 .debug_ranges  0x000007f8       0x10 c:/program files (x86)/microchip/xc32/v2.30/bin/bin/../../lib/gcc/pic32c/6.2.1/../../../../pic32c/lib/v7e-m/fpv5/hard\libc.a(lib_a-sbrkr.o)
 .debug_ranges  0x00000808       0x30 c:/program files (x86)/microchip/xc32/v2.30/bin/bin/../../lib/gcc/pic32c/6.2.1/../../../../pic32c/lib/v7e-m/fpv5/hard\libc.a(lib_a-stdio.o)
 .debug_ranges  0x00000838       0x58 c:/program files (x86)/microchip/xc32/v2.30/bin/bin/../../lib/gcc/pic32c/6.2.1/../../../../pic32c/lib/v7e-m/fpv5/hard\libc.a(lib_a-vfiprintf.o)
 .debug_ranges  0x00000890       0x10 c:/program files (x86)/microchip/xc32/v2.30/bin/bin/../../lib/gcc/pic32c/6.2.1/../../../../pic32c/lib/v7e-m/fpv5/hard\libc.a(lib_a-writer.o)
 .debug_ranges  0x000008a0       0x30 c:/program files (x86)/microchip/xc32/v2.30/bin/bin/../../lib/gcc/pic32c/6.2.1/../../../../pic32c/lib/v7e-m/fpv5/hard\libc.a(lib_a-wsetup.o)
 .debug_ranges  0x000008d0       0x10 c:/program files (x86)/microchip/xc32/v2.30/bin/bin/../../lib/gcc/pic32c/6.2.1/../../../../pic32c/lib/v7e-m/fpv5/hard\libc.a(lib_a-closer.o)
 .debug_ranges  0x000008e0       0x18 c:/program files (x86)/microchip/xc32/v2.30/bin/bin/../../lib/gcc/pic32c/6.2.1/../../../../pic32c/lib/v7e-m/fpv5/hard\libc.a(lib_a-fclose.o)
 .debug_ranges  0x000008f8       0x40 c:/program files (x86)/microchip/xc32/v2.30/bin/bin/../../lib/gcc/pic32c/6.2.1/../../../../pic32c/lib/v7e-m/fpv5/hard\libc.a(lib_a-fputwc.o)
 .debug_ranges  0x00000938       0x30 c:/program files (x86)/microchip/xc32/v2.30/bin/bin/../../lib/gcc/pic32c/6.2.1/../../../../pic32c/lib/v7e-m/fpv5/hard\libc.a(lib_a-locale.o)
 .debug_ranges  0x00000968       0x10 c:/program files (x86)/microchip/xc32/v2.30/bin/bin/../../lib/gcc/pic32c/6.2.1/../../../../pic32c/lib/v7e-m/fpv5/hard\libc.a(lib_a-lseekr.o)
 .debug_ranges  0x00000978       0x30 c:/program files (x86)/microchip/xc32/v2.30/bin/bin/../../lib/gcc/pic32c/6.2.1/../../../../pic32c/lib/v7e-m/fpv5/hard\libc.a(lib_a-makebuf.o)
 .debug_ranges  0x000009a8       0x18 c:/program files (x86)/microchip/xc32/v2.30/bin/bin/../../lib/gcc/pic32c/6.2.1/../../../../pic32c/lib/v7e-m/fpv5/hard\libc.a(lib_a-mbtowc_r.o)
 .debug_ranges  0x000009c0       0x10 c:/program files (x86)/microchip/xc32/v2.30/bin/bin/../../lib/gcc/pic32c/6.2.1/../../../../pic32c/lib/v7e-m/fpv5/hard\libc.a(lib_a-readr.o)
 .debug_ranges  0x000009d0       0x48 c:/program files (x86)/microchip/xc32/v2.30/bin/bin/../../lib/gcc/pic32c/6.2.1/../../../../pic32c/lib/v7e-m/fpv5/hard\libc.a(lib_a-reent.o)
 .debug_ranges  0x00000a18       0x18 c:/program files (x86)/microchip/xc32/v2.30/bin/bin/../../lib/gcc/pic32c/6.2.1/../../../../pic32c/lib/v7e-m/fpv5/hard\libc.a(lib_a-wbuf.o)
 .debug_ranges  0x00000a30       0x18 c:/program files (x86)/microchip/xc32/v2.30/bin/bin/../../lib/gcc/pic32c/6.2.1/../../../../pic32c/lib/v7e-m/fpv5/hard\libc.a(lib_a-wcrtomb.o)
 .debug_ranges  0x00000a48       0x18 c:/program files (x86)/microchip/xc32/v2.30/bin/bin/../../lib/gcc/pic32c/6.2.1/../../../../pic32c/lib/v7e-m/fpv5/hard\libc.a(lib_a-wctomb_r.o)
 .debug_ranges  0x00000a60       0x10 c:/program files (x86)/microchip/xc32/v2.30/bin/bin/../../lib/gcc/pic32c/6.2.1/../../../../pic32c/lib/v7e-m/fpv5/hard\libc.a(lib_a-fstatr.o)
 .debug_ranges  0x00000a70       0x10 c:/program files (x86)/microchip/xc32/v2.30/bin/bin/../../lib/gcc/pic32c/6.2.1/../../../../pic32c/lib/v7e-m/fpv5/hard\libc.a(lib_a-isattyr.o)
 .debug_ranges  0x00000a80       0x10 c:/program files (x86)/microchip/xc32/v2.30/bin/bin/../../lib/gcc/pic32c/6.2.1/../../../../pic32c/lib/v7e-m/fpv5/hard\libpic32c.a(_close.o)
 .debug_ranges  0x00000a90       0x10 c:/program files (x86)/microchip/xc32/v2.30/bin/bin/../../lib/gcc/pic32c/6.2.1/../../../../pic32c/lib/v7e-m/fpv5/hard\libpic32c.a(_fstat.o)
 .debug_ranges  0x00000aa0       0x10 c:/program files (x86)/microchip/xc32/v2.30/bin/bin/../../lib/gcc/pic32c/6.2.1/../../../../pic32c/lib/v7e-m/fpv5/hard\libpic32c.a(_isatty.o)
 .debug_ranges  0x00000ab0       0x10 c:/program files (x86)/microchip/xc32/v2.30/bin/bin/../../lib/gcc/pic32c/6.2.1/../../../../pic32c/lib/v7e-m/fpv5/hard\libpic32c.a(_lseek.o)
 .debug_ranges  0x00000ac0       0x10 c:/program files (x86)/microchip/xc32/v2.30/bin/bin/../../lib/gcc/pic32c/6.2.1/../../../../pic32c/lib/v7e-m/fpv5/hard\libpic32c.a(_read.o)
 .debug_ranges  0x00000ad0       0x10 c:/program files (x86)/microchip/xc32/v2.30/bin/bin/../../lib/gcc/pic32c/6.2.1/../../../../pic32c/lib/v7e-m/fpv5/hard\libpic32c.a(sbrk.o)
 .debug_ranges  0x00000ae0       0x10 c:/program files (x86)/microchip/xc32/v2.30/bin/bin/../../lib/gcc/pic32c/6.2.1/../../../../pic32c/lib/v7e-m/fpv5/hard\libpic32c.a(_write.o)
 .debug_ranges  0x00000af0       0x10 c:/program files (x86)/microchip/xc32/v2.30/bin/bin/../../lib/gcc/pic32c/6.2.1/../../../../pic32c/lib/v7e-m/fpv5/hard\libpic32c.a(close.o)
 .debug_ranges  0x00000b00       0x10 c:/program files (x86)/microchip/xc32/v2.30/bin/bin/../../lib/gcc/pic32c/6.2.1/../../../../pic32c/lib/v7e-m/fpv5/hard\libpic32c.a(fstat.o)
 .debug_ranges  0x00000b10       0x10 c:/program files (x86)/microchip/xc32/v2.30/bin/bin/../../lib/gcc/pic32c/6.2.1/../../../../pic32c/lib/v7e-m/fpv5/hard\libpic32c.a(isatty.o)
 .debug_ranges  0x00000b20       0x10 c:/program files (x86)/microchip/xc32/v2.30/bin/bin/../../lib/gcc/pic32c/6.2.1/../../../../pic32c/lib/v7e-m/fpv5/hard\libpic32c.a(lseek.o)
 .debug_ranges  0x00000b30       0x10 c:/program files (x86)/microchip/xc32/v2.30/bin/bin/../../lib/gcc/pic32c/6.2.1/../../../../pic32c/lib/v7e-m/fpv5/hard\libpic32c.a(read.o)
 .debug_ranges  0x00000b40       0x10 c:/program files (x86)/microchip/xc32/v2.30/bin/bin/../../lib/gcc/pic32c/6.2.1/../../../../pic32c/lib/v7e-m/fpv5/hard\libpic32c.a(write.o)
 .debug_ranges  0x00000b50       0xa8 c:/program files (x86)/microchip/xc32/v2.30/bin/bin/../../lib/gcc/pic32c/6.2.1/v7e-m/fpv5/hard\libgcc.a(_udivmoddi4.o)

.debug_line     0x00000000     0xa79d
 .debug_line    0x00000000      0x1a0 build/default/production/_ext/60165520/plib_clk.o
 .debug_line    0x000001a0      0x2b4 build/default/production/_ext/60167248/plib_efc.o
 .debug_line    0x00000454      0x1cf build/default/production/_ext/1865468468/plib_nvic.o
 .debug_line    0x00000623      0x243 build/default/production/_ext/60177924/plib_pio.o
 .debug_line    0x00000866      0x254 build/default/production/_ext/60180192/plib_rtt.o
 .debug_line    0x00000aba      0x2db build/default/production/_ext/2001315827/plib_usart1.o
 .debug_line    0x00000d95      0x25f build/default/production/_ext/163028504/xc32_monitor.o
 .debug_line    0x00000ff4      0x291 build/default/production/_ext/1881668453/sys_int.o
 .debug_line    0x00001285      0x802 build/default/production/_ext/101884895/sys_time.o
 .debug_line    0x00001a87      0x31b build/default/production/_ext/1171490990/initialization.o
 .debug_line    0x00001da2      0x258 build/default/production/_ext/1171490990/interrupts.o
 .debug_line    0x00001ffa      0x27d build/default/production/_ext/1171490990/exceptions.o
 .debug_line    0x00002277      0x318 build/default/production/_ext/1171490990/startup_xc32.o
 .debug_line    0x0000258f      0x227 build/default/production/_ext/1171490990/tasks.o
 .debug_line    0x000027b6      0x538 build/default/production/_ext/1360937237/aws_bootloader.o
 .debug_line    0x00002cee      0x1db build/default/production/_ext/1360937237/aws_crc.o
 .debug_line    0x00002ec9      0x306 build/default/production/_ext/1360937237/aws_nvm.o
 .debug_line    0x000031cf      0x22a build/default/production/_ext/1360937237/main.o
 .debug_line    0x000033f9      0x17a build/default/production/_ext/1360937237/app.o
 .debug_line    0x00003573       0xd8 c:/program files (x86)/microchip/xc32/v2.30/bin/bin/../../lib/gcc/pic32c/6.2.1/../../../../pic32c/lib/v7e-m/fpv5/hard\libpic32c.a(data_init.o)
 .debug_line    0x0000364b      0x11d c:/program files (x86)/microchip/xc32/v2.30/bin/bin/../../lib/gcc/pic32c/6.2.1/../../../../pic32c/lib/v7e-m/fpv5/hard\libc.a(lib_a-init.o)
 .debug_line    0x00003768      0x20a c:/program files (x86)/microchip/xc32/v2.30/bin/bin/../../lib/gcc/pic32c/6.2.1/../../../../pic32c/lib/v7e-m/fpv5/hard\libc.a(lib_a-memcmp.o)
 .debug_line    0x00003972      0x218 c:/program files (x86)/microchip/xc32/v2.30/bin/bin/../../lib/gcc/pic32c/6.2.1/../../../../pic32c/lib/v7e-m/fpv5/hard\libc.a(lib_a-memcpy-stub.o)
 .debug_line    0x00003b8a      0x2ae c:/program files (x86)/microchip/xc32/v2.30/bin/bin/../../lib/gcc/pic32c/6.2.1/../../../../pic32c/lib/v7e-m/fpv5/hard\libc.a(lib_a-memset.o)
 .debug_line    0x00003e38      0x265 c:/program files (x86)/microchip/xc32/v2.30/bin/bin/../../lib/gcc/pic32c/6.2.1/../../../../pic32c/lib/v7e-m/fpv5/hard\libc.a(lib_a-puts.o)
 .debug_line    0x0000409d       0xb1 c:/program files (x86)/microchip/xc32/v2.30/bin/bin/../../lib/gcc/pic32c/6.2.1/../../../../pic32c/lib/v7e-m/fpv5/hard\libc.a(lib_a-strlen.o)
 .debug_line    0x0000414e      0x20e c:/program files (x86)/microchip/xc32/v2.30/bin/bin/../../lib/gcc/pic32c/6.2.1/../../../../pic32c/lib/v7e-m/fpv5/hard\libc.a(lib_a-strncpy.o)
 .debug_line    0x0000435c      0x1c8 c:/program files (x86)/microchip/xc32/v2.30/bin/bin/../../lib/gcc/pic32c/6.2.1/../../../../pic32c/lib/v7e-m/fpv5/hard\libc.a(printf.cdnopsuxX.o)
 .debug_line    0x00004524      0x65d c:/program files (x86)/microchip/xc32/v2.30/bin/bin/../../lib/gcc/pic32c/6.2.1/../../../../pic32c/lib/v7e-m/fpv5/hard\libc.a(vfprintf.cdnopsuxX.o)
 .debug_line    0x00004b81      0x2cb c:/program files (x86)/microchip/xc32/v2.30/bin/bin/../../lib/gcc/pic32c/6.2.1/../../../../pic32c/lib/v7e-m/fpv5/hard\libc.a(lib_a-fflush.o)
 .debug_line    0x00004e4c      0x2ef c:/program files (x86)/microchip/xc32/v2.30/bin/bin/../../lib/gcc/pic32c/6.2.1/../../../../pic32c/lib/v7e-m/fpv5/hard\libc.a(lib_a-findfp.o)
 .debug_line    0x0000513b      0x2a1 c:/program files (x86)/microchip/xc32/v2.30/bin/bin/../../lib/gcc/pic32c/6.2.1/../../../../pic32c/lib/v7e-m/fpv5/hard\libc.a(lib_a-freer.o)
 .debug_line    0x000053dc      0x2ef c:/program files (x86)/microchip/xc32/v2.30/bin/bin/../../lib/gcc/pic32c/6.2.1/../../../../pic32c/lib/v7e-m/fpv5/hard\libc.a(lib_a-fvwrite.o)
 .debug_line    0x000056cb      0x265 c:/program files (x86)/microchip/xc32/v2.30/bin/bin/../../lib/gcc/pic32c/6.2.1/../../../../pic32c/lib/v7e-m/fpv5/hard\libc.a(lib_a-fwalk.o)
 .debug_line    0x00005930      0x17e c:/program files (x86)/microchip/xc32/v2.30/bin/bin/../../lib/gcc/pic32c/6.2.1/../../../../pic32c/lib/v7e-m/fpv5/hard\libc.a(lib_a-impure.o)
 .debug_line    0x00005aae      0x347 c:/program files (x86)/microchip/xc32/v2.30/bin/bin/../../lib/gcc/pic32c/6.2.1/../../../../pic32c/lib/v7e-m/fpv5/hard\libc.a(lib_a-mallocr.o)
 .debug_line    0x00005df5       0xda c:/program files (x86)/microchip/xc32/v2.30/bin/bin/../../lib/gcc/pic32c/6.2.1/../../../../pic32c/lib/v7e-m/fpv5/hard\libc.a(lib_a-memchr.o)
 .debug_line    0x00005ecf      0x2ba c:/program files (x86)/microchip/xc32/v2.30/bin/bin/../../lib/gcc/pic32c/6.2.1/../../../../pic32c/lib/v7e-m/fpv5/hard\libc.a(lib_a-memmove.o)
 .debug_line    0x00006189      0x18d c:/program files (x86)/microchip/xc32/v2.30/bin/bin/../../lib/gcc/pic32c/6.2.1/../../../../pic32c/lib/v7e-m/fpv5/hard\libc.a(lib_a-mlock.o)
 .debug_line    0x00006316      0x24b c:/program files (x86)/microchip/xc32/v2.30/bin/bin/../../lib/gcc/pic32c/6.2.1/../../../../pic32c/lib/v7e-m/fpv5/hard\libc.a(lib_a-reallocr.o)
 .debug_line    0x00006561      0x212 c:/program files (x86)/microchip/xc32/v2.30/bin/bin/../../lib/gcc/pic32c/6.2.1/../../../../pic32c/lib/v7e-m/fpv5/hard\libc.a(lib_a-sbrkr.o)
 .debug_line    0x00006773      0x2a9 c:/program files (x86)/microchip/xc32/v2.30/bin/bin/../../lib/gcc/pic32c/6.2.1/../../../../pic32c/lib/v7e-m/fpv5/hard\libc.a(lib_a-stdio.o)
 .debug_line    0x00006a1c      0x68e c:/program files (x86)/microchip/xc32/v2.30/bin/bin/../../lib/gcc/pic32c/6.2.1/../../../../pic32c/lib/v7e-m/fpv5/hard\libc.a(lib_a-vfiprintf.o)