Archive member included to satisfy reference by file (symbol)

c:/program files/microchip/xc32/v2.40/bin/bin/../../lib/gcc/pic32c/6.2.1/../../../../pic32c/lib/v7e-m/fpv4-sp/hard\libpic32c.a(data_init.o)
                              build/aws_demos/production/_ext/1534096987/startup_xc32.o (__pic32c_data_initialization)
c:/program files/microchip/xc32/v2.40/bin/bin/../../lib/gcc/pic32c/6.2.1/v7e-m/fpv4-sp/hard\libgcc.a(_arm_addsubdf3.o)
                              build/aws_demos/production/_ext/1057560203/cborpretty.o (__aeabi_i2d)
c:/program files/microchip/xc32/v2.40/bin/bin/../../lib/gcc/pic32c/6.2.1/v7e-m/fpv4-sp/hard\libgcc.a(_arm_cmpdf2.o)
                              build/aws_demos/production/_ext/1057560203/cborpretty.o (__aeabi_dcmpeq)
c:/program files/microchip/xc32/v2.40/bin/bin/../../lib/gcc/pic32c/6.2.1/v7e-m/fpv4-sp/hard\libgcc.a(_arm_unorddf2.o)
                              build/aws_demos/production/_ext/1057560203/cborpretty.o (__aeabi_dcmpun)
c:/program files/microchip/xc32/v2.40/bin/bin/../../lib/gcc/pic32c/6.2.1/v7e-m/fpv4-sp/hard\libgcc.a(_arm_truncdfsf2.o)
                              build/aws_demos/production/_ext/1057560203/cborvalidation.o (__aeabi_d2f)
c:/program files/microchip/xc32/v2.40/bin/bin/../../lib/gcc/pic32c/6.2.1/v7e-m/fpv4-sp/hard\libgcc.a(_aeabi_uldivmod.o)
                              build/aws_demos/production/_ext/1319661984/drv_gmac.o (__aeabi_uldivmod)
c:/program files/microchip/xc32/v2.40/bin/bin/../../lib/gcc/pic32c/6.2.1/v7e-m/fpv4-sp/hard\libgcc.a(_fixunsdfdi.o)
                              build/aws_demos/production/_ext/1057560203/cborpretty.o (__aeabi_d2ulz)
c:/program files/microchip/xc32/v2.40/bin/bin/../../lib/gcc/pic32c/6.2.1/v7e-m/fpv4-sp/hard\libgcc.a(_udivmoddi4.o)
                              c:/program files/microchip/xc32/v2.40/bin/bin/../../lib/gcc/pic32c/6.2.1/v7e-m/fpv4-sp/hard\libgcc.a(_aeabi_uldivmod.o) (__udivmoddi4)
c:/program files/microchip/xc32/v2.40/bin/bin/../../lib/gcc/pic32c/6.2.1/v7e-m/fpv4-sp/hard\libgcc.a(_dvmd_tls.o)
                              c:/program files/microchip/xc32/v2.40/bin/bin/../../lib/gcc/pic32c/6.2.1/v7e-m/fpv4-sp/hard\libgcc.a(_aeabi_uldivmod.o) (__aeabi_ldiv0)
c:/program files/microchip/xc32/v2.40/bin/bin/../../lib/gcc/pic32c/6.2.1/v7e-m/fpv4-sp/hard\libgcc.a(_arm_muldivdf3.o)
                              c:/program files/microchip/xc32/v2.40/bin/bin/../../lib/gcc/pic32c/6.2.1/v7e-m/fpv4-sp/hard\libgcc.a(_fixunsdfdi.o) (__aeabi_dmul)
c:/program files/microchip/xc32/v2.40/bin/bin/../../lib/gcc/pic32c/6.2.1/v7e-m/fpv4-sp/hard\libgcc.a(_arm_fixunsdfsi.o)
                              c:/program files/microchip/xc32/v2.40/bin/bin/../../lib/gcc/pic32c/6.2.1/v7e-m/fpv4-sp/hard\libgcc.a(_fixunsdfdi.o) (__aeabi_d2uiz)
c:/program files/microchip/xc32/v2.40/bin/bin/../../lib/gcc/pic32c/6.2.1/../../../../pic32c/lib/v7e-m/fpv4-sp/hard\libm_nano.a(lib_a-s_ldexp.o)
                              build/aws_demos/production/_ext/1057560203/cborpretty.o (ldexp)
c:/program files/microchip/xc32/v2.40/bin/bin/../../lib/gcc/pic32c/6.2.1/../../../../pic32c/lib/v7e-m/fpv4-sp/hard\libm_nano.a(lib_a-s_scalbn.o)
                              c:/program files/microchip/xc32/v2.40/bin/bin/../../lib/gcc/pic32c/6.2.1/../../../../pic32c/lib/v7e-m/fpv4-sp/hard\libm_nano.a(lib_a-s_ldexp.o) (scalbn)
c:/program files/microchip/xc32/v2.40/bin/bin/../../lib/gcc/pic32c/6.2.1/../../../../pic32c/lib/v7e-m/fpv4-sp/hard\libm_nano.a(lib_a-s_copysign.o)
                              c:/program files/microchip/xc32/v2.40/bin/bin/../../lib/gcc/pic32c/6.2.1/../../../../pic32c/lib/v7e-m/fpv4-sp/hard\libm_nano.a(lib_a-s_scalbn.o) (copysign)
c:/program files/microchip/xc32/v2.40/bin/bin/../../lib/gcc/pic32c/6.2.1/../../../../pic32c/lib/v7e-m/fpv4-sp/hard\libm_nano.a(lib_a-s_finite.o)
                              c:/program files/microchip/xc32/v2.40/bin/bin/../../lib/gcc/pic32c/6.2.1/../../../../pic32c/lib/v7e-m/fpv4-sp/hard\libm_nano.a(lib_a-s_ldexp.o) (finite)
c:/program files/microchip/xc32/v2.40/bin/bin/../../lib/gcc/pic32c/6.2.1/../../../../pic32c/lib/v7e-m/fpv4-sp/hard\libc_nano.a(lib_a-assert.o)
                              build/aws_demos/production/_ext/490551821/http_parser.o (__assert_func)
c:/program files/microchip/xc32/v2.40/bin/bin/../../lib/gcc/pic32c/6.2.1/../../../../pic32c/lib/v7e-m/fpv4-sp/hard\libc_nano.a(lib_a-atoi.o)
                              build/aws_demos/production/_ext/255308820/iot_serializer_json_decoder.o (atoi)
c:/program files/microchip/xc32/v2.40/bin/bin/../../lib/gcc/pic32c/6.2.1/../../../../pic32c/lib/v7e-m/fpv4-sp/hard\libc_nano.a(lib_a-calloc.o)
                              build/aws_demos/production/_ext/1991396724/sys_command.o (calloc)
c:/program files/microchip/xc32/v2.40/bin/bin/../../lib/gcc/pic32c/6.2.1/../../../../pic32c/lib/v7e-m/fpv4-sp/hard\libc_nano.a(lib_a-errno.o)
[...]
Memory Configuration

Name             Origin             Length             Attributes
rom              0x00000000         0x00100000         xrl
ram              0x20000100         0x0003fe00         xw !r
config_00804000  0x00804000         0x00000004
config_00804004  0x00804004         0x00000004
config_00804008  0x00804008         0x00000004
*default*        0x00000000         0xffffffff

Linker script and memory map

LOAD c:/program files/microchip/xc32/v2.40/bin/bin/../../lib/gcc/pic32c/6.2.1/v7e-m/fpv4-sp/hard/crti.o
LOAD c:/program files/microchip/xc32/v2.40/bin/bin/../../lib/gcc/pic32c/6.2.1/v7e-m/fpv4-sp/hard/crtbegin.o
LOAD build/aws_demos/production/_ext/1319661984/drv_gmac.o
LOAD build/aws_demos/production/_ext/1319661984/drv_gmac_lib_samE5x.o
LOAD build/aws_demos/production/_ext/665618993/plib_nvmctrl.o
LOAD build/aws_demos/production/_ext/731420310/plib_sercom2_usart.o
LOAD build/aws_demos/production/_ext/1321577635/plib_evsys.o
LOAD build/aws_demos/production/_ext/1991396724/sys_command.o
LOAD build/aws_demos/production/_ext/731420310/plib_sercom6_usart.o
LOAD build/aws_demos/production/_ext/1360937237/main.o
LOAD build/aws_demos/production/_ext/1534096987/initialization.o
LOAD build/aws_demos/production/_ext/1534096987/interrupts.o
LOAD build/aws_demos/production/_ext/1534096987/exceptions.o
LOAD build/aws_demos/production/_ext/1263901141/xc32_monitor.o
LOAD build/aws_demos/production/_ext/1843425920/plib_port.o
LOAD build/aws_demos/production/_ext/1323727121/plib_clock.o
LOAD build/aws_demos/production/_ext/1843479071/plib_nvic.o
LOAD build/aws_demos/production/_ext/1534096987/startup_xc32.o
LOAD build/aws_demos/production/_ext/1534096987/libc_syscalls.o
LOAD build/aws_demos/production/_ext/1385882503/port.o
LOAD build/aws_demos/production/_ext/1168480030/heap_4.o
LOAD build/aws_demos/production/_ext/112156576/iot_pkcs11_mbedtls.o
LOAD build/aws_demos/production/_ext/366737/iot_secure_sockets.o
LOAD build/aws_demos/production/_ext/1682906662/FreeRTOS_ARP.o
LOAD build/aws_demos/production/_ext/1682906662/FreeRTOS_DHCP.o
LOAD build/aws_demos/production/_ext/1682906662/FreeRTOS_DNS.o
LOAD build/aws_demos/production/_ext/1682906662/FreeRTOS_IP.o
LOAD build/aws_demos/production/_ext/1682906662/FreeRTOS_Sockets.o
LOAD build/aws_demos/production/_ext/1682906662/FreeRTOS_Stream_Buffer.o
LOAD build/aws_demos/production/_ext/1682906662/FreeRTOS_TCP_IP.o
LOAD build/aws_demos/production/_ext/1682906662/FreeRTOS_TCP_WIN.o
LOAD build/aws_demos/production/_ext/1682906662/FreeRTOS_UDP_IP.o
LOAD build/aws_demos/production/_ext/1778494626/BufferAllocation_2.o
LOAD build/aws_demos/production/_ext/1778494626/NetworkInterface_eth.o
LOAD build/aws_demos/production/_ext/766474417/aws_ota_pal.o
LOAD build/aws_demos/production/_ext/1972722184/iot_pkcs11_pal.o
LOAD build/aws_demos/production/_ext/1972722184/pkcs11_nvm.o
LOAD build/aws_demos/production/_ext/192046689/sys_time_h2_adapter.o
LOAD build/aws_demos/production/_ext/197858987/hash_fnv.o
LOAD build/aws_demos/production/_ext/197858987/helpers.o
LOAD build/aws_demos/production/_ext/197858987/oahash.o
LOAD build/aws_demos/production/_ext/197858987/tcpip_heap_alloc.o
LOAD build/aws_demos/production/_ext/197858987/tcpip_heap_external.o
LOAD build/aws_demos/production/_ext/197858987/tcpip_heap_internal.o
LOAD build/aws_demos/production/_ext/197858987/tcpip_helpers.o
LOAD build/aws_demos/production/_ext/197858987/tcpip_notify.o
LOAD build/aws_demos/production/_ext/197858987/tcpip_packet.o
LOAD build/aws_demos/production/_ext/59476128/plib_eic.o
LOAD build/aws_demos/production/_ext/211704168/drv_miim.o
LOAD build/aws_demos/production/_ext/1110296786/plib_tc3.o
LOAD build/aws_demos/production/_ext/484134862/sys_time.o
LOAD build/aws_demos/production/_ext/988341903/aws_iot_demo_defender.o
LOAD build/aws_demos/production/_ext/1223942466/aws_demo.o
LOAD build/aws_demos/production/_ext/1223942466/aws_demo_network_addr.o
LOAD build/aws_demos/production/_ext/1223942466/aws_demo_version.o
LOAD build/aws_demos/production/_ext/1223942466/iot_demo_freertos.o
LOAD build/aws_demos/production/_ext/1223942466/iot_demo_runner.o
LOAD build/aws_demos/production/_ext/198771642/aws_dev_mode_key_provisioning.o
LOAD build/aws_demos/production/_ext/905468053/aws_greengrass_discovery_demo.o
LOAD build/aws_demos/production/_ext/1741632483/iot_demo_https_common.o
LOAD build/aws_demos/production/_ext/1741632483/iot_demo_https_s3_download_async.o
LOAD build/aws_demos/production/_ext/1741632483/iot_demo_https_s3_download_sync.o
LOAD build/aws_demos/production/_ext/1741632483/iot_demo_https_s3_upload_async.o
LOAD build/aws_demos/production/_ext/1741632483/iot_demo_https_s3_upload_sync.o
LOAD build/aws_demos/production/_ext/1441508942/iot_demo_mqtt.o
LOAD build/aws_demos/production/_ext/2040524622/aws_iot_demo_network.o
LOAD build/aws_demos/production/_ext/2040524622/aws_iot_network_manager.o
LOAD build/aws_demos/production/_ext/1986160946/aws_iot_ota_update_demo.o
LOAD build/aws_demos/production/_ext/2147228718/aws_iot_demo_shadow.o
LOAD build/aws_demos/production/_ext/1986156653/aws_tcp_echo_client_single_task.o
LOAD build/aws_demos/production/_ext/811507611/croutine.o
LOAD build/aws_demos/production/_ext/811507611/event_groups.o
LOAD build/aws_demos/production/_ext/811507611/list.o
LOAD build/aws_demos/production/_ext/811507611/queue.o
LOAD build/aws_demos/production/_ext/811507611/stream_buffer.o
LOAD build/aws_demos/production/_ext/811507611/tasks.o
LOAD build/aws_demos/production/_ext/811507611/timers.o
LOAD build/aws_demos/production/_ext/490551821/http_parser.o
LOAD build/aws_demos/production/_ext/1206754867/jsmn.o
LOAD build/aws_demos/production/_ext/684768522/aes.o
LOAD build/aws_demos/production/_ext/684768522/aesni.o
LOAD build/aws_demos/production/_ext/684768522/arc4.o
LOAD build/aws_demos/production/_ext/684768522/asn1parse.o
LOAD build/aws_demos/production/_ext/684768522/asn1write.o
LOAD build/aws_demos/production/_ext/684768522/base64.o
LOAD build/aws_demos/production/_ext/684768522/bignum.o
LOAD build/aws_demos/production/_ext/684768522/blowfish.o
LOAD build/aws_demos/production/_ext/684768522/camellia.o
LOAD build/aws_demos/production/_ext/684768522/ccm.o
LOAD build/aws_demos/production/_ext/684768522/certs.o
LOAD build/aws_demos/production/_ext/684768522/cipher.o
LOAD build/aws_demos/production/_ext/684768522/cipher_wrap.o
LOAD build/aws_demos/production/_ext/684768522/cmac.o
LOAD build/aws_demos/production/_ext/684768522/ctr_drbg.o
LOAD build/aws_demos/production/_ext/684768522/debug.o
LOAD build/aws_demos/production/_ext/684768522/des.o
LOAD build/aws_demos/production/_ext/684768522/dhm.o
LOAD build/aws_demos/production/_ext/684768522/ecdh.o
LOAD build/aws_demos/production/_ext/684768522/ecdsa.o
LOAD build/aws_demos/production/_ext/684768522/ecjpake.o
LOAD build/aws_demos/production/_ext/684768522/ecp.o
LOAD build/aws_demos/production/_ext/684768522/ecp_curves.o
LOAD build/aws_demos/production/_ext/684768522/entropy.o
LOAD build/aws_demos/production/_ext/684768522/entropy_poll.o
LOAD build/aws_demos/production/_ext/684768522/error.o
LOAD build/aws_demos/production/_ext/684768522/gcm.o
LOAD build/aws_demos/production/_ext/684768522/havege.o
LOAD build/aws_demos/production/_ext/684768522/hmac_drbg.o
LOAD build/aws_demos/production/_ext/684768522/md.o
LOAD build/aws_demos/production/_ext/684768522/md2.o
LOAD build/aws_demos/production/_ext/684768522/md4.o
LOAD build/aws_demos/production/_ext/684768522/md5.o
LOAD build/aws_demos/production/_ext/684768522/md_wrap.o
LOAD build/aws_demos/production/_ext/684768522/memory_buffer_alloc.o
LOAD build/aws_demos/production/_ext/684768522/net_sockets.o
LOAD build/aws_demos/production/_ext/684768522/oid.o
LOAD build/aws_demos/production/_ext/684768522/padlock.o
LOAD build/aws_demos/production/_ext/684768522/pem.o
LOAD build/aws_demos/production/_ext/684768522/pk.o
LOAD build/aws_demos/production/_ext/684768522/pkcs12.o
LOAD build/aws_demos/production/_ext/684768522/pkcs5.o
LOAD build/aws_demos/production/_ext/684768522/pkparse.o
LOAD build/aws_demos/production/_ext/684768522/pkwrite.o
LOAD build/aws_demos/production/_ext/684768522/pk_wrap.o
LOAD build/aws_demos/production/_ext/684768522/platform.o
LOAD build/aws_demos/production/_ext/684768522/platform_util.o
LOAD build/aws_demos/production/_ext/684768522/ripemd160.o
LOAD build/aws_demos/production/_ext/684768522/rsa.o
LOAD build/aws_demos/production/_ext/684768522/rsa_internal.o
LOAD build/aws_demos/production/_ext/684768522/sha1.o
LOAD build/aws_demos/production/_ext/684768522/sha256.o
LOAD build/aws_demos/production/_ext/684768522/sha512.o
LOAD build/aws_demos/production/_ext/684768522/ssl_cache.o
LOAD build/aws_demos/production/_ext/684768522/ssl_ciphersuites.o
LOAD build/aws_demos/production/_ext/684768522/ssl_cli.o
LOAD build/aws_demos/production/_ext/684768522/ssl_cookie.o
LOAD build/aws_demos/production/_ext/684768522/ssl_srv.o
LOAD build/aws_demos/production/_ext/684768522/ssl_ticket.o
LOAD build/aws_demos/production/_ext/684768522/ssl_tls.o
LOAD build/aws_demos/production/_ext/684768522/threading.o
LOAD build/aws_demos/production/_ext/684768522/timing.o
LOAD build/aws_demos/production/_ext/684768522/version.o
LOAD build/aws_demos/production/_ext/684768522/version_features.o
LOAD build/aws_demos/production/_ext/684768522/x509.o
LOAD build/aws_demos/production/_ext/684768522/x509write_crt.o
LOAD build/aws_demos/production/_ext/684768522/x509write_csr.o
LOAD build/aws_demos/production/_ext/684768522/x509_create.o
LOAD build/aws_demos/production/_ext/684768522/x509_crl.o
LOAD build/aws_demos/production/_ext/684768522/x509_crt.o
LOAD build/aws_demos/production/_ext/684768522/x509_csr.o
LOAD build/aws_demos/production/_ext/684768522/xtea.o
LOAD build/aws_demos/production/_ext/2077790016/mbedtls_utils.o
LOAD build/aws_demos/production/_ext/1057560203/cborencoder.o
LOAD build/aws_demos/production/_ext/1057560203/cborencoder_close_container_checked.o
LOAD build/aws_demos/production/_ext/1057560203/cborerrorstrings.o
LOAD build/aws_demos/production/_ext/1057560203/cborparser.o
LOAD build/aws_demos/production/_ext/1057560203/cborparser_dup_string.o
LOAD build/aws_demos/production/_ext/1057560203/cborpretty.o
LOAD build/aws_demos/production/_ext/1057560203/cborpretty_stdio.o
LOAD build/aws_demos/production/_ext/1057560203/cborvalidation.o
LOAD build/aws_demos/production/_ext/1193839791/aes_decrypt.o
LOAD build/aws_demos/production/_ext/1193839791/aes_encrypt.o
LOAD build/aws_demos/production/_ext/1193839791/cbc_mode.o
LOAD build/aws_demos/production/_ext/1193839791/ccm_mode.o
LOAD build/aws_demos/production/_ext/1193839791/cmac_mode.o
LOAD build/aws_demos/production/_ext/1193839791/ctr_mode.o
LOAD build/aws_demos/production/_ext/1193839791/ctr_prng.o
LOAD build/aws_demos/production/_ext/1193839791/ecc.o
LOAD build/aws_demos/production/_ext/1193839791/ecc_dh.o
LOAD build/aws_demos/production/_ext/1193839791/ecc_dsa.o
LOAD build/aws_demos/production/_ext/1193839791/ecc_platform_specific.o
LOAD build/aws_demos/production/_ext/1193839791/hmac.o
LOAD build/aws_demos/production/_ext/1193839791/hmac_prng.o
LOAD build/aws_demos/production/_ext/1193839791/sha256.o
LOAD build/aws_demos/production/_ext/1193839791/utils.o
LOAD build/aws_demos/production/_ext/520142351/iot_clock_freertos.o
LOAD build/aws_demos/production/_ext/520142351/iot_metrics.o
LOAD build/aws_demos/production/_ext/520142351/iot_network_freertos.o
LOAD build/aws_demos/production/_ext/520142351/iot_threads_freertos.o
LOAD build/aws_demos/production/_ext/1901419232/aws_iot_defender_api.o
LOAD build/aws_demos/production/_ext/1901419232/aws_iot_defender_collector.o
LOAD build/aws_demos/production/_ext/1901419232/aws_iot_defender_mqtt.o
LOAD build/aws_demos/production/_ext/1901419232/aws_iot_defender_v1.o
LOAD build/aws_demos/production/_ext/1647995491/aws_iot_shadow_api.o
LOAD build/aws_demos/production/_ext/1647995491/aws_iot_shadow_operation.o
LOAD build/aws_demos/production/_ext/1647995491/aws_iot_shadow_parser.o
LOAD build/aws_demos/production/_ext/1647995491/aws_iot_shadow_static_memory.o
LOAD build/aws_demos/production/_ext/1647995491/aws_iot_shadow_subscription.o
LOAD build/aws_demos/production/_ext/1647995491/aws_shadow.o
LOAD build/aws_demos/production/_ext/13066905/iot_device_metrics.o
LOAD build/aws_demos/production/_ext/13066905/iot_init.o
LOAD build/aws_demos/production/_ext/13066905/iot_static_memory_common.o
LOAD build/aws_demos/production/_ext/227692215/iot_logging.o
LOAD build/aws_demos/production/_ext/227692215/iot_logging_task_dynamic_buffers.o
LOAD build/aws_demos/production/_ext/333408969/iot_taskpool.o
LOAD build/aws_demos/production/_ext/333408969/iot_taskpool_static_memory.o
LOAD build/aws_demos/production/_ext/1046953532/iot_https_client.o
LOAD build/aws_demos/production/_ext/1046953532/iot_https_utils.o
LOAD build/aws_demos/production/_ext/1739149067/iot_mqtt_agent.o
LOAD build/aws_demos/production/_ext/1739149067/iot_mqtt_api.o
LOAD build/aws_demos/production/_ext/1739149067/iot_mqtt_network.o
LOAD build/aws_demos/production/_ext/1739149067/iot_mqtt_operation.o
LOAD build/aws_demos/production/_ext/1739149067/iot_mqtt_serialize.o
LOAD build/aws_demos/production/_ext/1739149067/iot_mqtt_static_memory.o
LOAD build/aws_demos/production/_ext/1739149067/iot_mqtt_subscription.o
LOAD build/aws_demos/production/_ext/1739149067/iot_mqtt_validate.o
LOAD build/aws_demos/production/_ext/255083950/iot_serializer_tinycbor_decoder.o
LOAD build/aws_demos/production/_ext/255083950/iot_serializer_tinycbor_encoder.o
LOAD build/aws_demos/production/_ext/2051690653/iot_json_utils.o
LOAD build/aws_demos/production/_ext/2051690653/iot_serializer_static_memory.o
LOAD build/aws_demos/production/_ext/255308820/iot_serializer_json_decoder.o
LOAD build/aws_demos/production/_ext/255308820/iot_serializer_json_encoder.o
LOAD build/aws_demos/production/_ext/524897113/aws_greengrass_discovery.o
LOAD build/aws_demos/production/_ext/524897113/aws_helper_secure_connect.o
LOAD build/aws_demos/production/_ext/2101504238/aws_iot_ota_agent.o
LOAD build/aws_demos/production/_ext/2101504238/aws_iot_ota_interface.o
LOAD build/aws_demos/production/_ext/2024380417/aws_iot_ota_cbor.o
LOAD build/aws_demos/production/_ext/2024380417/aws_iot_ota_mqtt.o
LOAD build/aws_demos/production/_ext/350635301/iot_crypto.o
LOAD build/aws_demos/production/_ext/2138053595/iot_pkcs11.o
LOAD build/aws_demos/production/_ext/2039890517/iot_tls.o
LOAD build/aws_demos/production/_ext/1120274527/iot_pki_utils.o
LOAD build/aws_demos/production/_ext/1120274527/iot_system_init.o
LOAD build/aws_demos/production/_ext/1200684192/drv_ethphy.o
LOAD build/aws_demos/production/_ext/1200684192/drv_extphy_ksz8091.o
LOAD build/aws_demos/production/_ext/1843304010/plib_trng.o
LOAD build/aws_demos/production/_ext/1534684544/sys_console.o
LOAD build/aws_demos/production/_ext/1534684544/sys_console_uart.o
LOAD build/aws_demos/production/_ext/1762024984/sys_int.o
LOAD build/aws_demos/production/_ext/1149029443/osal_freertos.o
LOAD build/aws_demos/production/_ext/1534096987/tasks.o
                0x00000001                __MPLAB_BUILD = 0x1
                0x00000200                _min_heap_size = 0x200
                0x000003e8                _min_stack_size = 0x3e8
START GROUP
LOAD c:/program files/microchip/xc32/v2.40/bin/bin/../../lib/gcc/pic32c/6.2.1/../../../../pic32c/lib/v7e-m/fpv4-sp/hard\libpic32c.a
LOAD c:/program files/microchip/xc32/v2.40/bin/bin/../../lib/gcc/pic32c/6.2.1/v7e-m/fpv4-sp/hard\libgcc.a
LOAD c:/program files/microchip/xc32/v2.40/bin/bin/../../lib/gcc/pic32c/6.2.1/../../../../pic32c/lib/v7e-m/fpv4-sp/hard\libm_nano.a
LOAD c:/program files/microchip/xc32/v2.40/bin/bin/../../lib/gcc/pic32c/6.2.1/../../../../pic32c/lib/v7e-m/fpv4-sp/hard\libc_nano.a
END GROUP
LOAD c:/program files/microchip/xc32/v2.40/bin/bin/../../lib/gcc/pic32c/6.2.1/v7e-m/fpv4-sp/hard/crtend.o
LOAD c:/program files/microchip/xc32/v2.40/bin/bin/../../lib/gcc/pic32c/6.2.1/v7e-m/fpv4-sp/hard/crtn.o
                0x00100000                __rom_end = (ORIGIN (rom) + LENGTH (rom))
                0x2003ff00                __ram_end = (ORIGIN (ram) + LENGTH (ram))

.config_00804000
                0x00804000        0x4
 *(.config_00804000)
 .config_00804000
                0x00804000        0x4 build/aws_demos/production/_ext/1534096987/initialization.o

.config_00804004
                0x00804004        0x4
 *(.config_00804004)
 .config_00804004
                0x00804004        0x4 build/aws_demos/production/_ext/1534096987/initialization.o

.config_00804008
                0x00804008        0x4
 *(.config_00804008)
 .config_00804008
                0x00804008        0x4 build/aws_demos/production/_ext/1534096987/initialization.o

.vectors        0x00000000      0x264
                0x00000000                . = ALIGN (0x4)
                0x00000000                _sfixed = .
 *(.vectors .vectors.* .vectors_default .vectors_default.*)
 .vectors       0x00000000      0x264 build/aws_demos/production/_ext/1534096987/interrupts.o
                0x00000000                exception_table
 *(.isr_vector)
 *(.reset*)
 *(.after_vectors)

.text           0x00000264       0x20
                0x00000264                . = ALIGN (0x4)
 *(.glue_7t)
 .glue_7t       0x00000264        0x0 linker stubs
 *(.glue_7)
 .glue_7        0x00000264        0x0 linker stubs
 *(.gnu.linkonce.r.*)
 *(.ARM.extab* .gnu.linkonce.armextab.*)
                0x00000264                . = ALIGN (0x4)
 *(.init)
 .init          0x00000264        0x4 c:/program files/microchip/xc32/v2.40/bin/bin/../../lib/gcc/pic32c/6.2.1/v7e-m/fpv4-sp/hard/crti.o
                0x00000264                _init
 .init          0x00000268        0x8 c:/program files/microchip/xc32/v2.40/bin/bin/../../lib/gcc/pic32c/6.2.1/v7e-m/fpv4-sp/hard/crtn.o
                0x00000270                . = ALIGN (0x4)
                0x00000270                __preinit_array_start = .
 *(.preinit_array)
                0x00000270                __preinit_array_end = .
                0x00000270                . = ALIGN (0x4)
                0x00000270                __init_array_start = .
 *(SORT(.init_array.*))
 *(.init_array)
 .init_array    0x00000270        0x4 c:/program files/microchip/xc32/v2.40/bin/bin/../../lib/gcc/pic32c/6.2.1/v7e-m/fpv4-sp/hard/crtbegin.o
                0x00000274                __init_array_end = .
                0x00000274                . = ALIGN (0x4)
 *crtbegin.o(.ctors)
 *(EXCLUDE_FILE(*crtend.o) .ctors)
 *(SORT(.ctors.*))
 *crtend.o(.ctors)
                0x00000274                . = ALIGN (0x4)
 *(.fini)
 .fini          0x00000274        0x4 c:/program files/microchip/xc32/v2.40/bin/bin/../../lib/gcc/pic32c/6.2.1/v7e-m/fpv4-sp/hard/crti.o
                0x00000274                _fini
 .fini          0x00000278        0x8 c:/program files/microchip/xc32/v2.40/bin/bin/../../lib/gcc/pic32c/6.2.1/v7e-m/fpv4-sp/hard/crtn.o
                0x00000280                . = ALIGN (0x4)
                0x00000280                __fini_array_start = .
 *(.fini_array)
 .fini_array    0x00000280        0x4 c:/program files/microchip/xc32/v2.40/bin/bin/../../lib/gcc/pic32c/6.2.1/v7e-m/fpv4-sp/hard/crtbegin.o
 *(SORT(.fini_array.*))
                0x00000284                __fini_array_end = .
 *crtbegin.o(.dtors)
 *(EXCLUDE_FILE(*crtend.o) .dtors)
 *(SORT(.dtors.*))
 *crtend.o(.dtors)
                0x00000284                . = ALIGN (0x4)
                0x00000284                _efixed = .
                [!provide]                PROVIDE (__exidx_start, .)

.ARM.exidx      0x00000284        0x8
 *(.ARM.exidx* .gnu.linkonce.armexidx.*)
 .ARM.exidx     0x00000284        0x8 c:/program files/microchip/xc32/v2.40/bin/bin/../../lib/gcc/pic32c/6.2.1/v7e-m/fpv4-sp/hard\libgcc.a(_udivmoddi4.o)
                [!provide]                PROVIDE (__exidx_end, .)
                0x0000028c                . = ALIGN (0x4)
                0x0000028c                _etext = .

.bss            0x20000100      0x1a8
                0x20000100                . = ALIGN (0x4)
                0x20000100                __bss_start__ = .
                0x20000100                _sbss = .
                0x20000100                _szero = .
 *(COMMON)
 COMMON         0x20000100       0x30 build/aws_demos/production/_ext/731420310/plib_sercom2_usart.o
                0x20000100                sercom2USARTObj
 COMMON         0x20000130       0x38 build/aws_demos/production/_ext/731420310/plib_sercom6_usart.o
                0x20000130                sercom6USARTObj
 COMMON         0x20000168        0xc build/aws_demos/production/_ext/1534096987/initialization.o
                0x20000168                sysObj
 COMMON         0x20000174       0x28 build/aws_demos/production/_ext/1682906662/FreeRTOS_Sockets.o
                0x20000174                xBoundTCPSocketsList
                0x20000188                xBoundUDPSocketsList
 COMMON         0x2000019c       0xc0 build/aws_demos/production/_ext/59476128/plib_eic.o
                0x2000019c                eicCallbackObject
 COMMON         0x2000025c        0x8 build/aws_demos/production/_ext/1110296786/plib_tc3.o
                0x2000025c                TC3_CallbackObject
 COMMON         0x20000264       0x40 build/aws_demos/production/_ext/684768522/cipher_wrap.o
                0x20000264                mbedtls_cipher_supported
 COMMON         0x200002a4        0x4 c:/program files/microchip/xc32/v2.40/bin/bin/../../lib/gcc/pic32c/6.2.1/../../../../pic32c/lib/v7e-m/fpv4-sp/hard\libc_nano.a(lib_a-reent.o)
                0x200002a4                errno
                0x200002a8                . = ALIGN (0x4)
                0x200002a8                __bss_end__ = .
                0x200002a8                _ebss = .
                0x200002a8                _ezero = .
                0x200002a8                . = ALIGN (0x4)
                0x200002a8                _end = .
                0x2003feff                _ram_end_ = ((ORIGIN (ram) + LENGTH (ram)) - 0x1)
OUTPUT(dist/aws_demos/production/aws_demos.X.production.elf elf32-littlearm)
LOAD stack
LOAD data_init

.ARM.attributes
                0x00000000       0x30
 .ARM.attributes
                0x00000000       0x22 c:/program files/microchip/xc32/v2.40/bin/bin/../../lib/gcc/pic32c/6.2.1/v7e-m/fpv4-sp/hard/crti.o
 .ARM.attributes
                0x00000022       0x34 c:/program files/microchip/xc32/v2.40/bin/bin/../../lib/gcc/pic32c/6.2.1/v7e-m/fpv4-sp/hard/crtbegin.o
 .ARM.attributes
                0x00000056       0x39 build/aws_demos/production/_ext/1319661984/drv_gmac.o
 .ARM.attributes
                0x0000008f       0x39 build/aws_demos/production/_ext/1319661984/drv_gmac_lib_samE5x.o
 .ARM.attributes
                0x000000c8       0x39 build/aws_demos/production/_ext/665618993/plib_nvmctrl.o
 .ARM.attributes
                0x00000101       0x39 build/aws_demos/production/_ext/731420310/plib_sercom2_usart.o
 .ARM.attributes
                0x0000013a       0x39 build/aws_demos/production/_ext/1321577635/plib_evsys.o
 .ARM.attributes
                0x00000173       0x39 build/aws_demos/production/_ext/1991396724/sys_command.o
 .ARM.attributes
                0x000001ac       0x39 build/aws_demos/production/_ext/731420310/plib_sercom6_usart.o
 .ARM.attributes
                0x000001e5       0x39 build/aws_demos/production/_ext/1360937237/main.o
 .ARM.attributes
                0x0000021e       0x39 build/aws_demos/production/_ext/1534096987/initialization.o
 .ARM.attributes
                0x00000257       0x39 build/aws_demos/production/_ext/1534096987/interrupts.o
 .ARM.attributes
                0x00000290       0x39 build/aws_demos/production/_ext/1534096987/exceptions.o
 .ARM.attributes
                0x000002c9       0x39 build/aws_demos/production/_ext/1263901141/xc32_monitor.o
 .ARM.attributes
                0x00000302       0x39 build/aws_demos/production/_ext/1843425920/plib_port.o
 .ARM.attributes
                0x0000033b       0x39 build/aws_demos/production/_ext/1323727121/plib_clock.o
 .ARM.attributes
                0x00000374       0x39 build/aws_demos/production/_ext/1843479071/plib_nvic.o
 .ARM.attributes
                0x000003ad       0x39 build/aws_demos/production/_ext/1534096987/startup_xc32.o
 .ARM.attributes
                0x000003e6       0x39 build/aws_demos/production/_ext/1385882503/port.o
 .ARM.attributes
                0x0000041f       0x39 build/aws_demos/production/_ext/1168480030/heap_4.o
 .ARM.attributes
                0x00000458       0x39 build/aws_demos/production/_ext/112156576/iot_pkcs11_mbedtls.o
 .ARM.attributes
                0x00000491       0x39 build/aws_demos/production/_ext/366737/iot_secure_sockets.o
 .ARM.attributes
                0x000004ca       0x39 build/aws_demos/production/_ext/1682906662/FreeRTOS_ARP.o
 .ARM.attributes
                0x00000503       0x39 build/aws_demos/production/_ext/1682906662/FreeRTOS_DHCP.o
 .ARM.attributes
                0x0000053c       0x39 build/aws_demos/production/_ext/1682906662/FreeRTOS_DNS.o
 .ARM.attributes
                0x00000575       0x39 build/aws_demos/production/_ext/1682906662/FreeRTOS_IP.o
 .ARM.attributes
                0x000005ae       0x39 build/aws_demos/production/_ext/1682906662/FreeRTOS_Sockets.o
 .ARM.attributes
                0x000005e7       0x39 build/aws_demos/production/_ext/1682906662/FreeRTOS_Stream_Buffer.o
 .ARM.attributes
                0x00000620       0x39 build/aws_demos/production/_ext/1682906662/FreeRTOS_TCP_IP.o
 .ARM.attributes
                0x00000659       0x39 build/aws_demos/production/_ext/1682906662/FreeRTOS_TCP_WIN.o
 .ARM.attributes
                0x00000692       0x39 build/aws_demos/production/_ext/1682906662/FreeRTOS_UDP_IP.o
 .ARM.attributes
                0x000006cb       0x39 build/aws_demos/production/_ext/1778494626/BufferAllocation_2.o
 .ARM.attributes
                0x00000704       0x39 build/aws_demos/production/_ext/1778494626/NetworkInterface_eth.o
 .ARM.attributes
                0x0000073d       0x39 build/aws_demos/production/_ext/1972722184/iot_pkcs11_pal.o
 .ARM.attributes
                0x00000776       0x39 build/aws_demos/production/_ext/1972722184/pkcs11_nvm.o
 .ARM.attributes
                0x000007af       0x39 build/aws_demos/production/_ext/197858987/helpers.o
 .ARM.attributes
                0x000007e8       0x39 build/aws_demos/production/_ext/197858987/tcpip_heap_alloc.o
 .ARM.attributes
                0x00000821       0x39 build/aws_demos/production/_ext/197858987/tcpip_heap_external.o
 .ARM.attributes
                0x0000085a       0x39 build/aws_demos/production/_ext/197858987/tcpip_helpers.o
 .ARM.attributes
                0x00000893       0x39 build/aws_demos/production/_ext/197858987/tcpip_packet.o
 .ARM.attributes
                0x000008cc       0x39 build/aws_demos/production/_ext/59476128/plib_eic.o
 .ARM.attributes
                0x00000905       0x39 build/aws_demos/production/_ext/211704168/drv_miim.o
 .ARM.attributes
                0x0000093e       0x39 build/aws_demos/production/_ext/1110296786/plib_tc3.o
 .ARM.attributes
                0x00000977       0x39 build/aws_demos/production/_ext/484134862/sys_time.o
 .ARM.attributes
                0x000009b0       0x39 build/aws_demos/production/_ext/1223942466/aws_demo.o
 .ARM.attributes
                0x000009e9       0x39 build/aws_demos/production/_ext/1223942466/aws_demo_network_addr.o
 .ARM.attributes
                0x00000a22       0x39 build/aws_demos/production/_ext/1223942466/iot_demo_freertos.o
 .ARM.attributes
                0x00000a5b       0x39 build/aws_demos/production/_ext/1223942466/iot_demo_runner.o
 .ARM.attributes
                0x00000a94       0x39 build/aws_demos/production/_ext/198771642/aws_dev_mode_key_provisioning.o
 .ARM.attributes
                0x00000acd       0x39 build/aws_demos/production/_ext/1441508942/iot_demo_mqtt.o
 .ARM.attributes
                0x00000b06       0x39 build/aws_demos/production/_ext/2040524622/aws_iot_network_manager.o
 .ARM.attributes
                0x00000b3f       0x39 build/aws_demos/production/_ext/811507611/event_groups.o
 .ARM.attributes
                0x00000b78       0x39 build/aws_demos/production/_ext/811507611/list.o
 .ARM.attributes
                0x00000bb1       0x39 build/aws_demos/production/_ext/811507611/queue.o
 .ARM.attributes
                0x00000bea       0x39 build/aws_demos/production/_ext/811507611/tasks.o
 .ARM.attributes
                0x00000c23       0x39 build/aws_demos/production/_ext/811507611/timers.o
 .ARM.attributes
                0x00000c5c       0x39 build/aws_demos/production/_ext/684768522/aes.o
 .ARM.attributes
                0x00000c95       0x39 build/aws_demos/production/_ext/684768522/asn1parse.o
 .ARM.attributes
                0x00000cce       0x39 build/aws_demos/production/_ext/684768522/asn1write.o
 .ARM.attributes
                0x00000d07       0x39 build/aws_demos/production/_ext/684768522/base64.o
 .ARM.attributes
                0x00000d40       0x39 build/aws_demos/production/_ext/684768522/bignum.o
 .ARM.attributes
                0x00000d79       0x39 build/aws_demos/production/_ext/684768522/cipher.o
 .ARM.attributes
                0x00000db2       0x39 build/aws_demos/production/_ext/684768522/cipher_wrap.o
 .ARM.attributes
                0x00000deb       0x39 build/aws_demos/production/_ext/684768522/ctr_drbg.o
 .ARM.attributes
                0x00000e24       0x39 build/aws_demos/production/_ext/684768522/ecdh.o
 .ARM.attributes
                0x00000e5d       0x39 build/aws_demos/production/_ext/684768522/ecdsa.o
 .ARM.attributes
                0x00000e96       0x39 build/aws_demos/production/_ext/684768522/ecp.o
 .ARM.attributes
                0x00000ecf       0x39 build/aws_demos/production/_ext/684768522/ecp_curves.o
 .ARM.attributes
                0x00000f08       0x39 build/aws_demos/production/_ext/684768522/entropy.o
 .ARM.attributes
                0x00000f41       0x39 build/aws_demos/production/_ext/684768522/gcm.o
 .ARM.attributes
                0x00000f7a       0x39 build/aws_demos/production/_ext/684768522/md.o
 .ARM.attributes
                0x00000fb3       0x39 build/aws_demos/production/_ext/684768522/md_wrap.o
 .ARM.attributes
                0x00000fec       0x39 build/aws_demos/production/_ext/684768522/oid.o
 .ARM.attributes
                0x00001025       0x39 build/aws_demos/production/_ext/684768522/pem.o
 .ARM.attributes
                0x0000105e       0x39 build/aws_demos/production/_ext/684768522/pk.o
 .ARM.attributes
                0x00001097       0x39 build/aws_demos/production/_ext/684768522/pkparse.o
 .ARM.attributes
                0x000010d0       0x39 build/aws_demos/production/_ext/684768522/pkwrite.o
 .ARM.attributes
                0x00001109       0x39 build/aws_demos/production/_ext/684768522/pk_wrap.o
 .ARM.attributes
                0x00001142       0x39 build/aws_demos/production/_ext/684768522/platform.o
 .ARM.attributes
                0x0000117b       0x39 build/aws_demos/production/_ext/684768522/platform_util.o
 .ARM.attributes
                0x000011b4       0x39 build/aws_demos/production/_ext/684768522/rsa.o
 .ARM.attributes
                0x000011ed       0x39 build/aws_demos/production/_ext/684768522/rsa_internal.o
 .ARM.attributes
                0x00001226       0x39 build/aws_demos/production/_ext/684768522/sha1.o
 .ARM.attributes
                0x0000125f       0x39 build/aws_demos/production/_ext/684768522/sha256.o
 .ARM.attributes
                0x00001298       0x39 build/aws_demos/production/_ext/684768522/ssl_ciphersuites.o
 .ARM.attributes
                0x000012d1       0x39 build/aws_demos/production/_ext/684768522/ssl_cli.o
 .ARM.attributes
                0x0000130a       0x39 build/aws_demos/production/_ext/684768522/ssl_tls.o
 .ARM.attributes
                0x00001343       0x39 build/aws_demos/production/_ext/684768522/threading.o
 .ARM.attributes
                0x0000137c       0x39 build/aws_demos/production/_ext/684768522/x509.o
 .ARM.attributes
                0x000013b5       0x39 build/aws_demos/production/_ext/684768522/x509_crt.o
 .ARM.attributes
                0x000013ee       0x39 build/aws_demos/production/_ext/2077790016/mbedtls_utils.o
 .ARM.attributes
                0x00001427       0x39 build/aws_demos/production/_ext/520142351/iot_clock_freertos.o
 .ARM.attributes
                0x00001460       0x39 build/aws_demos/production/_ext/520142351/iot_network_freertos.o
 .ARM.attributes
                0x00001499       0x39 build/aws_demos/production/_ext/520142351/iot_threads_freertos.o
 .ARM.attributes
                0x000014d2       0x39 build/aws_demos/production/_ext/13066905/iot_device_metrics.o
 .ARM.attributes
                0x0000150b       0x39 build/aws_demos/production/_ext/13066905/iot_init.o
 .ARM.attributes
                0x00001544       0x39 build/aws_demos/production/_ext/227692215/iot_logging.o
 .ARM.attributes
                0x0000157d       0x39 build/aws_demos/production/_ext/227692215/iot_logging_task_dynamic_buffers.o
 .ARM.attributes
                0x000015b6       0x39 build/aws_demos/production/_ext/333408969/iot_taskpool.o
 .ARM.attributes
                0x000015ef       0x39 build/aws_demos/production/_ext/1739149067/iot_mqtt_api.o
 .ARM.attributes
                0x00001628       0x39 build/aws_demos/production/_ext/1739149067/iot_mqtt_network.o
 .ARM.attributes
                0x00001661       0x39 build/aws_demos/production/_ext/1739149067/iot_mqtt_operation.o
 .ARM.attributes
                0x0000169a       0x39 build/aws_demos/production/_ext/1739149067/iot_mqtt_serialize.o
 .ARM.attributes
                0x000016d3       0x39 build/aws_demos/production/_ext/1739149067/iot_mqtt_subscription.o
 .ARM.attributes
                0x0000170c       0x39 build/aws_demos/production/_ext/1739149067/iot_mqtt_validate.o
 .ARM.attributes
                0x00001745       0x39 build/aws_demos/production/_ext/350635301/iot_crypto.o
 .ARM.attributes
                0x0000177e       0x39 build/aws_demos/production/_ext/2138053595/iot_pkcs11.o
 .ARM.attributes
                0x000017b7       0x39 build/aws_demos/production/_ext/2039890517/iot_tls.o
 .ARM.attributes
                0x000017f0       0x39 build/aws_demos/production/_ext/1120274527/iot_pki_utils.o
 .ARM.attributes
                0x00001829       0x39 build/aws_demos/production/_ext/1120274527/iot_system_init.o
 .ARM.attributes
                0x00001862       0x39 build/aws_demos/production/_ext/1200684192/drv_ethphy.o
 .ARM.attributes
                0x0000189b       0x39 build/aws_demos/production/_ext/1200684192/drv_extphy_ksz8091.o
 .ARM.attributes
                0x000018d4       0x39 build/aws_demos/production/_ext/1843304010/plib_trng.o
 .ARM.attributes
                0x0000190d       0x39 build/aws_demos/production/_ext/1534684544/sys_console.o
 .ARM.attributes
                0x00001946       0x39 build/aws_demos/production/_ext/1534684544/sys_console_uart.o
 .ARM.attributes
                0x0000197f       0x39 build/aws_demos/production/_ext/1762024984/sys_int.o
 .ARM.attributes
                0x000019b8       0x39 build/aws_demos/production/_ext/1149029443/osal_freertos.o
 .ARM.attributes
                0x000019f1       0x39 build/aws_demos/production/_ext/1534096987/tasks.o
 .ARM.attributes
                0x00001a2a       0x34 c:/program files/microchip/xc32/v2.40/bin/bin/../../lib/gcc/pic32c/6.2.1/../../../../pic32c/lib/v7e-m/fpv4-sp/hard\libpic32c.a(data_init.o)
 .ARM.attributes
                0x00001a5e       0x22 c:/program files/microchip/xc32/v2.40/bin/bin/../../lib/gcc/pic32c/6.2.1/v7e-m/fpv4-sp/hard\libgcc.a(_aeabi_uldivmod.o)
 .ARM.attributes
                0x00001a80       0x34 c:/program files/microchip/xc32/v2.40/bin/bin/../../lib/gcc/pic32c/6.2.1/v7e-m/fpv4-sp/hard\libgcc.a(_udivmoddi4.o)
 .ARM.attributes
                0x00001ab4       0x22 c:/program files/microchip/xc32/v2.40/bin/bin/../../lib/gcc/pic32c/6.2.1/v7e-m/fpv4-sp/hard\libgcc.a(_dvmd_tls.o)
 .ARM.attributes
                0x00001ad6       0x34 c:/program files/microchip/xc32/v2.40/bin/bin/../../lib/gcc/pic32c/6.2.1/../../../../pic32c/lib/v7e-m/fpv4-sp/hard\libc_nano.a(lib_a-calloc.o)
 .ARM.attributes
                0x00001b0a       0x34 c:/program files/microchip/xc32/v2.40/bin/bin/../../lib/gcc/pic32c/6.2.1/../../../../pic32c/lib/v7e-m/fpv4-sp/hard\libc_nano.a(lib_a-impure.o)
 .ARM.attributes
                0x00001b3e       0x34 c:/program files/microchip/xc32/v2.40/bin/bin/../../lib/gcc/pic32c/6.2.1/../../../../pic32c/lib/v7e-m/fpv4-sp/hard\libc_nano.a(lib_a-init.o)
 .ARM.attributes
                0x00001b72       0x34 c:/program files/microchip/xc32/v2.40/bin/bin/../../lib/gcc/pic32c/6.2.1/../../../../pic32c/lib/v7e-m/fpv4-sp/hard\libc_nano.a(lib_a-locale.o)
 .ARM.attributes
                0x00001ba6       0x34 c:/program files/microchip/xc32/v2.40/bin/bin/../../lib/gcc/pic32c/6.2.1/../../../../pic32c/lib/v7e-m/fpv4-sp/hard\libc_nano.a(lib_a-malloc.o)
 .ARM.attributes
                0x00001bda       0x34 c:/program files/microchip/xc32/v2.40/bin/bin/../../lib/gcc/pic32c/6.2.1/../../../../pic32c/lib/v7e-m/fpv4-sp/hard\libc_nano.a(lib_a-mbtowc_r.o)
 .ARM.attributes
                0x00001c0e       0x34 c:/program files/microchip/xc32/v2.40/bin/bin/../../lib/gcc/pic32c/6.2.1/../../../../pic32c/lib/v7e-m/fpv4-sp/hard\libc_nano.a(lib_a-memcmp.o)
 .ARM.attributes
                0x00001c42       0x34 c:/program files/microchip/xc32/v2.40/bin/bin/../../lib/gcc/pic32c/6.2.1/../../../../pic32c/lib/v7e-m/fpv4-sp/hard\libc_nano.a(lib_a-memcpy-stub.o)
 .ARM.attributes
                0x00001c76       0x34 c:/program files/microchip/xc32/v2.40/bin/bin/../../lib/gcc/pic32c/6.2.1/../../../../pic32c/lib/v7e-m/fpv4-sp/hard\libc_nano.a(lib_a-memmove.o)
 .ARM.attributes
                0x00001caa       0x34 c:/program files/microchip/xc32/v2.40/bin/bin/../../lib/gcc/pic32c/6.2.1/../../../../pic32c/lib/v7e-m/fpv4-sp/hard\libc_nano.a(lib_a-memset.o)
 .ARM.attributes
                0x00001cde       0x34 c:/program files/microchip/xc32/v2.40/bin/bin/../../lib/gcc/pic32c/6.2.1/../../../../pic32c/lib/v7e-m/fpv4-sp/hard\libc_nano.a(lib_a-nano-callocr.o)
 .ARM.attributes
                0x00001d12       0x34 c:/program files/microchip/xc32/v2.40/bin/bin/../../lib/gcc/pic32c/6.2.1/../../../../pic32c/lib/v7e-m/fpv4-sp/hard\libc_nano.a(lib_a-nano-freer.o)
 .ARM.attributes
                0x00001d46       0x34 c:/program files/microchip/xc32/v2.40/bin/bin/../../lib/gcc/pic32c/6.2.1/../../../../pic32c/lib/v7e-m/fpv4-sp/hard\libc_nano.a(lib_a-nano-mallocr.o)
 .ARM.attributes
                0x00001d7a       0x34 c:/program files/microchip/xc32/v2.40/bin/bin/../../lib/gcc/pic32c/6.2.1/../../../../pic32c/lib/v7e-m/fpv4-sp/hard\libc_nano.a(lib_a-nano-vfprintf.o)
 .ARM.attributes
                0x00001dae       0x34 c:/program files/microchip/xc32/v2.40/bin/bin/../../lib/gcc/pic32c/6.2.1/../../../../pic32c/lib/v7e-m/fpv4-sp/hard\libc_nano.a(_lib_a-nano-vfprintf.s.o)
 .ARM.attributes
                0x00001de2       0x34 c:/program files/microchip/xc32/v2.40/bin/bin/../../lib/gcc/pic32c/6.2.1/../../../../pic32c/lib/v7e-m/fpv4-sp/hard\libc_nano.a(lib_a-printf.o)
 .ARM.attributes
                0x00001e16       0x34 c:/program files/microchip/xc32/v2.40/bin/bin/../../lib/gcc/pic32c/6.2.1/../../../../pic32c/lib/v7e-m/fpv4-sp/hard\libc_nano.a(lib_a-putchar.o)
 .ARM.attributes
                0x00001e4a       0x34 c:/program files/microchip/xc32/v2.40/bin/bin/../../lib/gcc/pic32c/6.2.1/../../../../pic32c/lib/v7e-m/fpv4-sp/hard\libc_nano.a(lib_a-putc.o)
 .ARM.attributes
                0x00001e7e       0x34 c:/program files/microchip/xc32/v2.40/bin/bin/../../lib/gcc/pic32c/6.2.1/../../../../pic32c/lib/v7e-m/fpv4-sp/hard\libc_nano.a(lib_a-puts.o)
 .ARM.attributes
                0x00001eb2       0x34 c:/program files/microchip/xc32/v2.40/bin/bin/../../lib/gcc/pic32c/6.2.1/../../../../pic32c/lib/v7e-m/fpv4-sp/hard\libc_nano.a(lib_a-rand.o)
 .ARM.attributes
                0x00001ee6       0x34 c:/program files/microchip/xc32/v2.40/bin/bin/../../lib/gcc/pic32c/6.2.1/../../../../pic32c/lib/v7e-m/fpv4-sp/hard\libc_nano.a(lib_a-sbrkr.o)
 .ARM.attributes
                0x00001f1a       0x34 c:/program files/microchip/xc32/v2.40/bin/bin/../../lib/gcc/pic32c/6.2.1/../../../../pic32c/lib/v7e-m/fpv4-sp/hard\libc_nano.a(lib_a-snprintf.o)
 .ARM.attributes
                0x00001f4e       0x34 c:/program files/microchip/xc32/v2.40/bin/bin/../../lib/gcc/pic32c/6.2.1/../../../../pic32c/lib/v7e-m/fpv4-sp/hard\libc_nano.a(lib_a-sprintf.o)
 .ARM.attributes
                0x00001f82       0x34 c:/program files/microchip/xc32/v2.40/bin/bin/../../lib/gcc/pic32c/6.2.1/../../../../pic32c/lib/v7e-m/fpv4-sp/hard\libc_nano.a(_lib_a-sscanf.cdnopsuxX.o)
 .ARM.attributes
                0x00001fb6       0x34 c:/program files/microchip/xc32/v2.40/bin/bin/../../lib/gcc/pic32c/6.2.1/../../../../pic32c/lib/v7e-m/fpv4-sp/hard\libc_nano.a(lib_a-__ssfputs.o)
 .ARM.attributes
                0x00001fea       0x34 c:/program files/microchip/xc32/v2.40/bin/bin/../../lib/gcc/pic32c/6.2.1/../../../../pic32c/lib/v7e-m/fpv4-sp/hard\libc_nano.a(lib_a-stdio.o)
 .ARM.attributes
                0x0000201e       0x20 c:/program files/microchip/xc32/v2.40/bin/bin/../../lib/gcc/pic32c/6.2.1/../../../../pic32c/lib/v7e-m/fpv4-sp/hard\libc_nano.a(lib_a-strcmp.o)
 .ARM.attributes
                0x0000203e       0x34 c:/program files/microchip/xc32/v2.40/bin/bin/../../lib/gcc/pic32c/6.2.1/../../../../pic32c/lib/v7e-m/fpv4-sp/hard\libc_nano.a(lib_a-strcpy.o)
 .ARM.attributes
                0x00002072       0x1b c:/program files/microchip/xc32/v2.40/bin/bin/../../lib/gcc/pic32c/6.2.1/../../../../pic32c/lib/v7e-m/fpv4-sp/hard\libc_nano.a(lib_a-strlen.o)
 .ARM.attributes
                0x0000208d       0x34 c:/program files/microchip/xc32/v2.40/bin/bin/../../lib/gcc/pic32c/6.2.1/../../../../pic32c/lib/v7e-m/fpv4-sp/hard\libc_nano.a(lib_a-strncmp.o)
 .ARM.attributes
                0x000020c1       0x34 c:/program files/microchip/xc32/v2.40/bin/bin/../../lib/gcc/pic32c/6.2.1/../../../../pic32c/lib/v7e-m/fpv4-sp/hard\libc_nano.a(lib_a-strncpy.o)
 .ARM.attributes
                0x000020f5       0x34 c:/program files/microchip/xc32/v2.40/bin/bin/../../lib/gcc/pic32c/6.2.1/../../../../pic32c/lib/v7e-m/fpv4-sp/hard\libc_nano.a(lib_a-strstr.o)
 .ARM.attributes
                0x00002129       0x34 c:/program files/microchip/xc32/v2.40/bin/bin/../../lib/gcc/pic32c/6.2.1/../../../../pic32c/lib/v7e-m/fpv4-sp/hard\libc_nano.a(lib_a-strtol.o)
 .ARM.attributes
                0x0000215d       0x34 c:/program files/microchip/xc32/v2.40/bin/bin/../../lib/gcc/pic32c/6.2.1/../../../../pic32c/lib/v7e-m/fpv4-sp/hard\libc_nano.a(lib_a-strtoul.o)
 .ARM.attributes
                0x00002191       0x34 c:/program files/microchip/xc32/v2.40/bin/bin/../../lib/gcc/pic32c/6.2.1/../../../../pic32c/lib/v7e-m/fpv4-sp/hard\libc_nano.a(lib_a-vsnprintf.o)
 .ARM.attributes
                0x000021c5       0x34 c:/program files/microchip/xc32/v2.40/bin/bin/../../lib/gcc/pic32c/6.2.1/../../../../pic32c/lib/v7e-m/fpv4-sp/hard\libc_nano.a(lib_a-wbuf.o)
 .ARM.attributes
                0x000021f9       0x34 c:/program files/microchip/xc32/v2.40/bin/bin/../../lib/gcc/pic32c/6.2.1/../../../../pic32c/lib/v7e-m/fpv4-sp/hard\libc_nano.a(lib_a-wctomb_r.o)
 .ARM.attributes
                0x0000222d       0x34 c:/program files/microchip/xc32/v2.40/bin/bin/../../lib/gcc/pic32c/6.2.1/../../../../pic32c/lib/v7e-m/fpv4-sp/hard\libc_nano.a(lib_a-writer.o)
 .ARM.attributes
                0x00002261       0x34 c:/program files/microchip/xc32/v2.40/bin/bin/../../lib/gcc/pic32c/6.2.1/../../../../pic32c/lib/v7e-m/fpv4-sp/hard\libc_nano.a(lib_a-wsetup.o)
 .ARM.attributes
                0x00002295       0x34 c:/program files/microchip/xc32/v2.40/bin/bin/../../lib/gcc/pic32c/6.2.1/../../../../pic32c/lib/v7e-m/fpv4-sp/hard\libc_nano.a(lib_a-closer.o)
 .ARM.attributes
                0x000022c9       0x34 c:/program files/microchip/xc32/v2.40/bin/bin/../../lib/gcc/pic32c/6.2.1/../../../../pic32c/lib/v7e-m/fpv4-sp/hard\libc_nano.a(lib_a-ctype_.o)
 .ARM.attributes
                0x000022fd       0x34 c:/program files/microchip/xc32/v2.40/bin/bin/../../lib/gcc/pic32c/6.2.1/../../../../pic32c/lib/v7e-m/fpv4-sp/hard\libc_nano.a(lib_a-fflush.o)
 .ARM.attributes
                0x00002331       0x34 c:/program files/microchip/xc32/v2.40/bin/bin/../../lib/gcc/pic32c/6.2.1/../../../../pic32c/lib/v7e-m/fpv4-sp/hard\libc_nano.a(lib_a-findfp.o)
 .ARM.attributes
                0x00002365       0x34 c:/program files/microchip/xc32/v2.40/bin/bin/../../lib/gcc/pic32c/6.2.1/../../../../pic32c/lib/v7e-m/fpv4-sp/hard\libc_nano.a(lib_a-fputwc.o)
 .ARM.attributes
                0x00002399       0x34 c:/program files/microchip/xc32/v2.40/bin/bin/../../lib/gcc/pic32c/6.2.1/../../../../pic32c/lib/v7e-m/fpv4-sp/hard\libc_nano.a(lib_a-fwalk.o)
 .ARM.attributes
                0x000023cd       0x34 c:/program files/microchip/xc32/v2.40/bin/bin/../../lib/gcc/pic32c/6.2.1/../../../../pic32c/lib/v7e-m/fpv4-sp/hard\libc_nano.a(lib_a-lseekr.o)
 .ARM.attributes
                0x00002401       0x34 c:/program files/microchip/xc32/v2.40/bin/bin/../../lib/gcc/pic32c/6.2.1/../../../../pic32c/lib/v7e-m/fpv4-sp/hard\libc_nano.a(lib_a-makebuf.o)
 .ARM.attributes
                0x00002435       0x20 c:/program files/microchip/xc32/v2.40/bin/bin/../../lib/gcc/pic32c/6.2.1/../../../../pic32c/lib/v7e-m/fpv4-sp/hard\libc_nano.a(lib_a-memchr.o)
 .ARM.attributes
                0x00002455       0x34 c:/program files/microchip/xc32/v2.40/bin/bin/../../lib/gcc/pic32c/6.2.1/../../../../pic32c/lib/v7e-m/fpv4-sp/hard\libc_nano.a(lib_a-mlock.o)
 .ARM.attributes
                0x00002489       0x34 c:/program files/microchip/xc32/v2.40/bin/bin/../../lib/gcc/pic32c/6.2.1/../../../../pic32c/lib/v7e-m/fpv4-sp/hard\libc_nano.a(lib_a-nano-svfprintf.o)
 .ARM.attributes
                0x000024bd       0x34 c:/program files/microchip/xc32/v2.40/bin/bin/../../lib/gcc/pic32c/6.2.1/../../../../pic32c/lib/v7e-m/fpv4-sp/hard\libc_nano.a(lib_a-nano-vfprintf_i.o)
 .ARM.attributes
                0x000024f1       0x34 c:/program files/microchip/xc32/v2.40/bin/bin/../../lib/gcc/pic32c/6.2.1/../../../../pic32c/lib/v7e-m/fpv4-sp/hard\libc_nano.a(_lib_a-nano-vfscanf.cdnopsuxX.o)
 .ARM.attributes
                0x00002525       0x34 c:/program files/microchip/xc32/v2.40/bin/bin/../../lib/gcc/pic32c/6.2.1/../../../../pic32c/lib/v7e-m/fpv4-sp/hard\libc_nano.a(lib_a-readr.o)
 .ARM.attributes
                0x00002559       0x34 c:/program files/microchip/xc32/v2.40/bin/bin/../../lib/gcc/pic32c/6.2.1/../../../../pic32c/lib/v7e-m/fpv4-sp/hard\libc_nano.a(lib_a-reent.o)
 .ARM.attributes
                0x0000258d       0x34 c:/program files/microchip/xc32/v2.40/bin/bin/../../lib/gcc/pic32c/6.2.1/../../../../pic32c/lib/v7e-m/fpv4-sp/hard\libc_nano.a(lib_a-refill.o)
 .ARM.attributes
                0x000025c1       0x34 c:/program files/microchip/xc32/v2.40/bin/bin/../../lib/gcc/pic32c/6.2.1/../../../../pic32c/lib/v7e-m/fpv4-sp/hard\libc_nano.a(lib_a-sccl.o)
 .ARM.attributes
                0x000025f5       0x34 c:/program files/microchip/xc32/v2.40/bin/bin/../../lib/gcc/pic32c/6.2.1/../../../../pic32c/lib/v7e-m/fpv4-sp/hard\libc_nano.a(lib_a-__ssputs.o)
 .ARM.attributes
                0x00002629       0x34 c:/program files/microchip/xc32/v2.40/bin/bin/../../lib/gcc/pic32c/6.2.1/../../../../pic32c/lib/v7e-m/fpv4-sp/hard\libc_nano.a(lib_a-ungetc.o)
 .ARM.attributes
                0x0000265d       0x34 c:/program files/microchip/xc32/v2.40/bin/bin/../../lib/gcc/pic32c/6.2.1/../../../../pic32c/lib/v7e-m/fpv4-sp/hard\libc_nano.a(lib_a-wcrtomb.o)
 .ARM.attributes
                0x00002691       0x34 c:/program files/microchip/xc32/v2.40/bin/bin/../../lib/gcc/pic32c/6.2.1/../../../../pic32c/lib/v7e-m/fpv4-sp/hard\libc_nano.a(lib_a-fstatr.o)
 .ARM.attributes
                0x000026c5       0x34 c:/program files/microchip/xc32/v2.40/bin/bin/../../lib/gcc/pic32c/6.2.1/../../../../pic32c/lib/v7e-m/fpv4-sp/hard\libc_nano.a(lib_a-isattyr.o)
 .ARM.attributes
                0x000026f9       0x34 c:/program files/microchip/xc32/v2.40/bin/bin/../../lib/gcc/pic32c/6.2.1/../../../../pic32c/lib/v7e-m/fpv4-sp/hard\libc_nano.a(lib_a-nano-reallocr.o)
 .ARM.attributes
                0x0000272d       0x34 c:/program files/microchip/xc32/v2.40/bin/bin/../../lib/gcc/pic32c/6.2.1/../../../../pic32c/lib/v7e-m/fpv4-sp/hard\libc_nano.a(lib_a-nano-msizer.o)
 .ARM.attributes
                0x00002761       0x34 c:/program files/microchip/xc32/v2.40/bin/bin/../../lib/gcc/pic32c/6.2.1/../../../../pic32c/lib/v7e-m/fpv4-sp/hard\libpic32c.a(_close.o)
 .ARM.attributes
                0x00002795       0x34 c:/program files/microchip/xc32/v2.40/bin/bin/../../lib/gcc/pic32c/6.2.1/../../../../pic32c/lib/v7e-m/fpv4-sp/hard\libpic32c.a(_fstat.o)
 .ARM.attributes
                0x000027c9       0x34 c:/program files/microchip/xc32/v2.40/bin/bin/../../lib/gcc/pic32c/6.2.1/../../../../pic32c/lib/v7e-m/fpv4-sp/hard\libpic32c.a(_isatty.o)
 .ARM.attributes
                0x000027fd       0x34 c:/program files/microchip/xc32/v2.40/bin/bin/../../lib/gcc/pic32c/6.2.1/../../../../pic32c/lib/v7e-m/fpv4-sp/hard\libpic32c.a(_lseek.o)
 .ARM.attributes
                0x00002831       0x34 c:/program files/microchip/xc32/v2.40/bin/bin/../../lib/gcc/pic32c/6.2.1/../../../../pic32c/lib/v7e-m/fpv4-sp/hard\libpic32c.a(_read.o)
 .ARM.attributes
                0x00002865       0x34 c:/program files/microchip/xc32/v2.40/bin/bin/../../lib/gcc/pic32c/6.2.1/../../../../pic32c/lib/v7e-m/fpv4-sp/hard\libpic32c.a(sbrk.o)
 .ARM.attributes
                0x00002899       0x34 c:/program files/microchip/xc32/v2.40/bin/bin/../../lib/gcc/pic32c/6.2.1/../../../../pic32c/lib/v7e-m/fpv4-sp/hard\libpic32c.a(_write.o)
 .ARM.attributes
                0x000028cd       0x34 c:/program files/microchip/xc32/v2.40/bin/bin/../../lib/gcc/pic32c/6.2.1/../../../../pic32c/lib/v7e-m/fpv4-sp/hard\libpic32c.a(close.o)
 .ARM.attributes
                0x00002901       0x34 c:/program files/microchip/xc32/v2.40/bin/bin/../../lib/gcc/pic32c/6.2.1/../../../../pic32c/lib/v7e-m/fpv4-sp/hard\libpic32c.a(fstat.o)
 .ARM.attributes
                0x00002935       0x34 c:/program files/microchip/xc32/v2.40/bin/bin/../../lib/gcc/pic32c/6.2.1/../../../../pic32c/lib/v7e-m/fpv4-sp/hard\libpic32c.a(isatty.o)
 .ARM.attributes
                0x00002969       0x34 c:/program files/microchip/xc32/v2.40/bin/bin/../../lib/gcc/pic32c/6.2.1/../../../../pic32c/lib/v7e-m/fpv4-sp/hard\libpic32c.a(lseek.o)
 .ARM.attributes
                0x0000299d       0x34 c:/program files/microchip/xc32/v2.40/bin/bin/../../lib/gcc/pic32c/6.2.1/../../../../pic32c/lib/v7e-m/fpv4-sp/hard\libpic32c.a(read.o)
 .ARM.attributes
                0x000029d1       0x34 c:/program files/microchip/xc32/v2.40/bin/bin/../../lib/gcc/pic32c/6.2.1/../../../../pic32c/lib/v7e-m/fpv4-sp/hard\libpic32c.a(write.o)
 .ARM.attributes
                0x00002a05       0x22 c:/program files/microchip/xc32/v2.40/bin/bin/../../lib/gcc/pic32c/6.2.1/v7e-m/fpv4-sp/hard/crtn.o

.comment        0x00000000       0x3c
 .comment       0x00000000       0x3c c:/program files/microchip/xc32/v2.40/bin/bin/../../lib/gcc/pic32c/6.2.1/v7e-m/fpv4-sp/hard/crtbegin.o
                                 0x3d (size before relaxing)
 .comment       0x0000003c       0x3d build/aws_demos/production/_ext/1319661984/drv_gmac.o
 .comment       0x0000003c       0x3d build/aws_demos/production/_ext/1319661984/drv_gmac_lib_samE5x.o
 .comment       0x0000003c       0x3d build/aws_demos/production/_ext/665618993/plib_nvmctrl.o
 .comment       0x0000003c       0x3d build/aws_demos/production/_ext/731420310/plib_sercom2_usart.o
 .comment       0x0000003c       0x3d build/aws_demos/production/_ext/1321577635/plib_evsys.o
 .comment       0x0000003c       0x3d build/aws_demos/production/_ext/1991396724/sys_command.o
 .comment       0x0000003c       0x3d build/aws_demos/production/_ext/731420310/plib_sercom6_usart.o
 .comment       0x0000003c       0x3d build/aws_demos/production/_ext/1360937237/main.o
 .comment       0x0000003c       0x3d build/aws_demos/production/_ext/1534096987/initialization.o
 .comment       0x0000003c       0x3d build/aws_demos/production/_ext/1534096987/interrupts.o
 .comment       0x0000003c       0x3d build/aws_demos/production/_ext/1534096987/exceptions.o
 .comment       0x0000003c       0x3d build/aws_demos/production/_ext/1263901141/xc32_monitor.o
 .comment       0x0000003c       0x3d build/aws_demos/production/_ext/1843425920/plib_port.o
 .comment       0x0000003c       0x3d build/aws_demos/production/_ext/1323727121/plib_clock.o
 .comment       0x0000003c       0x3d build/aws_demos/production/_ext/1843479071/plib_nvic.o
 .comment       0x0000003c       0x3d build/aws_demos/production/_ext/1534096987/startup_xc32.o
 .comment       0x0000003c       0x3d build/aws_demos/production/_ext/1385882503/port.o
 .comment       0x0000003c       0x3d build/aws_demos/production/_ext/1168480030/heap_4.o
 .comment       0x0000003c       0x3d build/aws_demos/production/_ext/112156576/iot_pkcs11_mbedtls.o
 .comment       0x0000003c       0x3d build/aws_demos/production/_ext/366737/iot_secure_sockets.o
 .comment       0x0000003c       0x3d build/aws_demos/production/_ext/1682906662/FreeRTOS_ARP.o
 .comment       0x0000003c       0x3d build/aws_demos/production/_ext/1682906662/FreeRTOS_DHCP.o
 .comment       0x0000003c       0x3d build/aws_demos/production/_ext/1682906662/FreeRTOS_DNS.o
 .comment       0x0000003c       0x3d build/aws_demos/production/_ext/1682906662/FreeRTOS_IP.o
 .comment       0x0000003c       0x3d build/aws_demos/production/_ext/1682906662/FreeRTOS_Sockets.o
 .comment       0x0000003c       0x3d build/aws_demos/production/_ext/1682906662/FreeRTOS_Stream_Buffer.o
 .comment       0x0000003c       0x3d build/aws_demos/production/_ext/1682906662/FreeRTOS_TCP_IP.o
 .comment       0x0000003c       0x3d build/aws_demos/production/_ext/1682906662/FreeRTOS_TCP_WIN.o
 .comment       0x0000003c       0x3d build/aws_demos/production/_ext/1682906662/FreeRTOS_UDP_IP.o
 .comment       0x0000003c       0x3d build/aws_demos/production/_ext/1778494626/BufferAllocation_2.o
 .comment       0x0000003c       0x3d build/aws_demos/production/_ext/1778494626/NetworkInterface_eth.o
 .comment       0x0000003c       0x3d build/aws_demos/production/_ext/1972722184/iot_pkcs11_pal.o
 .comment       0x0000003c       0x3d build/aws_demos/production/_ext/1972722184/pkcs11_nvm.o
 .comment       0x0000003c       0x3d build/aws_demos/production/_ext/197858987/helpers.o
 .comment       0x0000003c       0x3d build/aws_demos/production/_ext/197858987/tcpip_heap_alloc.o
 .comment       0x0000003c       0x3d build/aws_demos/production/_ext/197858987/tcpip_heap_external.o
 .comment       0x0000003c       0x3d build/aws_demos/production/_ext/197858987/tcpip_helpers.o
 .comment       0x0000003c       0x3d build/aws_demos/production/_ext/197858987/tcpip_packet.o
 .comment       0x0000003c       0x3d build/aws_demos/production/_ext/59476128/plib_eic.o
 .comment       0x0000003c       0x3d build/aws_demos/production/_ext/211704168/drv_miim.o
 .comment       0x0000003c       0x3d build/aws_demos/production/_ext/1110296786/plib_tc3.o
 .comment       0x0000003c       0x3d build/aws_demos/production/_ext/484134862/sys_time.o
 .comment       0x0000003c       0x3d build/aws_demos/production/_ext/1223942466/aws_demo.o
 .comment       0x0000003c       0x3d build/aws_demos/production/_ext/1223942466/aws_demo_network_addr.o
 .comment       0x0000003c       0x3d build/aws_demos/production/_ext/1223942466/iot_demo_freertos.o
 .comment       0x0000003c       0x3d build/aws_demos/production/_ext/1223942466/iot_demo_runner.o
 .comment       0x0000003c       0x3d build/aws_demos/production/_ext/198771642/aws_dev_mode_key_provisioning.o
 .comment       0x0000003c       0x3d build/aws_demos/production/_ext/1441508942/iot_demo_mqtt.o
 .comment       0x0000003c       0x3d build/aws_demos/production/_ext/2040524622/aws_iot_network_manager.o
 .comment       0x0000003c       0x3d build/aws_demos/production/_ext/811507611/event_groups.o
 .comment       0x0000003c       0x3d build/aws_demos/production/_ext/811507611/list.o
 .comment       0x0000003c       0x3d build/aws_demos/production/_ext/811507611/queue.o
 .comment       0x0000003c       0x3d build/aws_demos/production/_ext/811507611/tasks.o
 .comment       0x0000003c       0x3d build/aws_demos/production/_ext/811507611/timers.o
 .comment       0x0000003c       0x3d build/aws_demos/production/_ext/684768522/aes.o
 .comment       0x0000003c       0x3d build/aws_demos/production/_ext/684768522/asn1parse.o
 .comment       0x0000003c       0x3d build/aws_demos/production/_ext/684768522/asn1write.o
 .comment       0x0000003c       0x3d build/aws_demos/production/_ext/684768522/base64.o
 .comment       0x0000003c       0x3d build/aws_demos/production/_ext/684768522/bignum.o
 .comment       0x0000003c       0x3d build/aws_demos/production/_ext/684768522/cipher.o
 .comment       0x0000003c       0x3d build/aws_demos/production/_ext/684768522/cipher_wrap.o
 .comment       0x0000003c       0x3d build/aws_demos/production/_ext/684768522/ctr_drbg.o
 .comment       0x0000003c       0x3d build/aws_demos/production/_ext/684768522/ecdh.o
 .comment       0x0000003c       0x3d build/aws_demos/production/_ext/684768522/ecdsa.o
 .comment       0x0000003c       0x3d build/aws_demos/production/_ext/684768522/ecp.o
 .comment       0x0000003c       0x3d build/aws_demos/production/_ext/684768522/ecp_curves.o
 .comment       0x0000003c       0x3d build/aws_demos/production/_ext/684768522/entropy.o
 .comment       0x0000003c       0x3d build/aws_demos/production/_ext/684768522/gcm.o
 .comment       0x0000003c       0x3d build/aws_demos/production/_ext/684768522/md.o
 .comment       0x0000003c       0x3d build/aws_demos/production/_ext/684768522/md_wrap.o
 .comment       0x0000003c       0x3d build/aws_demos/production/_ext/684768522/oid.o
 .comment       0x0000003c       0x3d build/aws_demos/production/_ext/684768522/pem.o
 .comment       0x0000003c       0x3d build/aws_demos/production/_ext/684768522/pk.o
 .comment       0x0000003c       0x3d build/aws_demos/production/_ext/684768522/pkparse.o
 .comment       0x0000003c       0x3d build/aws_demos/production/_ext/684768522/pkwrite.o
 .comment       0x0000003c       0x3d build/aws_demos/production/_ext/684768522/pk_wrap.o
 .comment       0x0000003c       0x3d build/aws_demos/production/_ext/684768522/platform.o
 .comment       0x0000003c       0x3d build/aws_demos/production/_ext/684768522/platform_util.o
 .comment       0x0000003c       0x3d build/aws_demos/production/_ext/684768522/rsa.o
 .comment       0x0000003c       0x3d build/aws_demos/production/_ext/684768522/rsa_internal.o
 .comment       0x0000003c       0x3d build/aws_demos/production/_ext/684768522/sha1.o
 .comment       0x0000003c       0x3d build/aws_demos/production/_ext/684768522/sha256.o
 .comment       0x0000003c       0x3d build/aws_demos/production/_ext/684768522/ssl_ciphersuites.o
 .comment       0x0000003c       0x3d build/aws_demos/production/_ext/684768522/ssl_cli.o
 .comment       0x0000003c       0x3d build/aws_demos/production/_ext/684768522/ssl_tls.o
 .comment       0x0000003c       0x3d build/aws_demos/production/_ext/684768522/threading.o
 .comment       0x0000003c       0x3d build/aws_demos/production/_ext/684768522/x509.o
 .comment       0x0000003c       0x3d build/aws_demos/production/_ext/684768522/x509_crt.o
 .comment       0x0000003c       0x3d build/aws_demos/production/_ext/2077790016/mbedtls_utils.o
 .comment       0x0000003c       0x3d build/aws_demos/production/_ext/520142351/iot_clock_freertos.o
 .comment       0x0000003c       0x3d build/aws_demos/production/_ext/520142351/iot_network_freertos.o
 .comment       0x0000003c       0x3d build/aws_demos/production/_ext/520142351/iot_threads_freertos.o
 .comment       0x0000003c       0x3d build/aws_demos/production/_ext/13066905/iot_device_metrics.o
 .comment       0x0000003c       0x3d build/aws_demos/production/_ext/13066905/iot_init.o
 .comment       0x0000003c       0x3d build/aws_demos/production/_ext/227692215/iot_logging.o
 .comment       0x0000003c       0x3d build/aws_demos/production/_ext/227692215/iot_logging_task_dynamic_buffers.o
 .comment       0x0000003c       0x3d build/aws_demos/production/_ext/333408969/iot_taskpool.o
 .comment       0x0000003c       0x3d build/aws_demos/production/_ext/1739149067/iot_mqtt_api.o
 .comment       0x0000003c       0x3d build/aws_demos/production/_ext/1739149067/iot_mqtt_network.o
 .comment       0x0000003c       0x3d build/aws_demos/production/_ext/1739149067/iot_mqtt_operation.o
 .comment       0x0000003c       0x3d build/aws_demos/production/_ext/1739149067/iot_mqtt_serialize.o
 .comment       0x0000003c       0x3d build/aws_demos/production/_ext/1739149067/iot_mqtt_subscription.o
 .comment       0x0000003c       0x3d build/aws_demos/production/_ext/1739149067/iot_mqtt_validate.o
 .comment       0x0000003c       0x3d build/aws_demos/production/_ext/350635301/iot_crypto.o
 .comment       0x0000003c       0x3d build/aws_demos/production/_ext/2138053595/iot_pkcs11.o
 .comment       0x0000003c       0x3d build/aws_demos/production/_ext/2039890517/iot_tls.o
 .comment       0x0000003c       0x3d build/aws_demos/production/_ext/1120274527/iot_pki_utils.o
 .comment       0x0000003c       0x3d build/aws_demos/production/_ext/1120274527/iot_system_init.o
 .comment       0x0000003c       0x3d build/aws_demos/production/_ext/1200684192/drv_ethphy.o
 .comment       0x0000003c       0x3d build/aws_demos/production/_ext/1200684192/drv_extphy_ksz8091.o
 .comment       0x0000003c       0x3d build/aws_demos/production/_ext/1843304010/plib_trng.o
 .comment       0x0000003c       0x3d build/aws_demos/production/_ext/1534684544/sys_console.o
 .comment       0x0000003c       0x3d build/aws_demos/production/_ext/1534684544/sys_console_uart.o
 .comment       0x0000003c       0x3d build/aws_demos/production/_ext/1762024984/sys_int.o
 .comment       0x0000003c       0x3d build/aws_demos/production/_ext/1149029443/osal_freertos.o
 .comment       0x0000003c       0x3d build/aws_demos/production/_ext/1534096987/tasks.o
 .comment       0x0000003c       0x3d c:/program files/microchip/xc32/v2.40/bin/bin/../../lib/gcc/pic32c/6.2.1/../../../../pic32c/lib/v7e-m/fpv4-sp/hard\libpic32c.a(data_init.o)
 .comment       0x0000003c       0x3d c:/program files/microchip/xc32/v2.40/bin/bin/../../lib/gcc/pic32c/6.2.1/v7e-m/fpv4-sp/hard\libgcc.a(_udivmoddi4.o)
 .comment       0x0000003c       0x3d c:/program files/microchip/xc32/v2.40/bin/bin/../../lib/gcc/pic32c/6.2.1/../../../../pic32c/lib/v7e-m/fpv4-sp/hard\libc_nano.a(lib_a-calloc.o)
 .comment       0x0000003c       0x3d c:/program files/microchip/xc32/v2.40/bin/bin/../../lib/gcc/pic32c/6.2.1/../../../../pic32c/lib/v7e-m/fpv4-sp/hard\libc_nano.a(lib_a-impure.o)
 .comment       0x0000003c       0x3d c:/program files/microchip/xc32/v2.40/bin/bin/../../lib/gcc/pic32c/6.2.1/../../../../pic32c/lib/v7e-m/fpv4-sp/hard\libc_nano.a(lib_a-init.o)
 .comment       0x0000003c       0x3d c:/program files/microchip/xc32/v2.40/bin/bin/../../lib/gcc/pic32c/6.2.1/../../../../pic32c/lib/v7e-m/fpv4-sp/hard\libc_nano.a(lib_a-locale.o)
 .comment       0x0000003c       0x3d c:/program files/microchip/xc32/v2.40/bin/bin/../../lib/gcc/pic32c/6.2.1/../../../../pic32c/lib/v7e-m/fpv4-sp/hard\libc_nano.a(lib_a-malloc.o)
 .comment       0x0000003c       0x3d c:/program files/microchip/xc32/v2.40/bin/bin/../../lib/gcc/pic32c/6.2.1/../../../../pic32c/lib/v7e-m/fpv4-sp/hard\libc_nano.a(lib_a-mbtowc_r.o)
 .comment       0x0000003c       0x3d c:/program files/microchip/xc32/v2.40/bin/bin/../../lib/gcc/pic32c/6.2.1/../../../../pic32c/lib/v7e-m/fpv4-sp/hard\libc_nano.a(lib_a-memcmp.o)
 .comment       0x0000003c       0x3d c:/program files/microchip/xc32/v2.40/bin/bin/../../lib/gcc/pic32c/6.2.1/../../../../pic32c/lib/v7e-m/fpv4-sp/hard\libc_nano.a(lib_a-memcpy-stub.o)
 .comment       0x0000003c       0x3d c:/program files/microchip/xc32/v2.40/bin/bin/../../lib/gcc/pic32c/6.2.1/../../../../pic32c/lib/v7e-m/fpv4-sp/hard\libc_nano.a(lib_a-memmove.o)
 .comment       0x0000003c       0x3d c:/program files/microchip/xc32/v2.40/bin/bin/../../lib/gcc/pic32c/6.2.1/../../../../pic32c/lib/v7e-m/fpv4-sp/hard\libc_nano.a(lib_a-memset.o)
 .comment       0x0000003c       0x3d c:/program files/microchip/xc32/v2.40/bin/bin/../../lib/gcc/pic32c/6.2.1/../../../../pic32c/lib/v7e-m/fpv4-sp/hard\libc_nano.a(lib_a-nano-callocr.o)
 .comment       0x0000003c       0x3d c:/program files/microchip/xc32/v2.40/bin/bin/../../lib/gcc/pic32c/6.2.1/../../../../pic32c/lib/v7e-m/fpv4-sp/hard\libc_nano.a(lib_a-nano-freer.o)
 .comment       0x0000003c       0x3d c:/program files/microchip/xc32/v2.40/bin/bin/../../lib/gcc/pic32c/6.2.1/../../../../pic32c/lib/v7e-m/fpv4-sp/hard\libc_nano.a(lib_a-nano-mallocr.o)
 .comment       0x0000003c       0x3d c:/program files/microchip/xc32/v2.40/bin/bin/../../lib/gcc/pic32c/6.2.1/../../../../pic32c/lib/v7e-m/fpv4-sp/hard\libc_nano.a(lib_a-nano-vfprintf.o)
 .comment       0x0000003c       0x3d c:/program files/microchip/xc32/v2.40/bin/bin/../../lib/gcc/pic32c/6.2.1/../../../../pic32c/lib/v7e-m/fpv4-sp/hard\libc_nano.a(_lib_a-nano-vfprintf.s.o)
 .comment       0x0000003c       0x3d c:/program files/microchip/xc32/v2.40/bin/bin/../../lib/gcc/pic32c/6.2.1/../../../../pic32c/lib/v7e-m/fpv4-sp/hard\libc_nano.a(lib_a-printf.o)
 .comment       0x0000003c       0x3d c:/program files/microchip/xc32/v2.40/bin/bin/../../lib/gcc/pic32c/6.2.1/../../../../pic32c/lib/v7e-m/fpv4-sp/hard\libc_nano.a(lib_a-putchar.o)
 .comment       0x0000003c       0x3d c:/program files/microchip/xc32/v2.40/bin/bin/../../lib/gcc/pic32c/6.2.1/../../../../pic32c/lib/v7e-m/fpv4-sp/hard\libc_nano.a(lib_a-putc.o)
 .comment       0x0000003c       0x3d c:/program files/microchip/xc32/v2.40/bin/bin/../../lib/gcc/pic32c/6.2.1/../../../../pic32c/lib/v7e-m/fpv4-sp/hard\libc_nano.a(lib_a-puts.o)
 .comment       0x0000003c       0x3d c:/program files/microchip/xc32/v2.40/bin/bin/../../lib/gcc/pic32c/6.2.1/../../../../pic32c/lib/v7e-m/fpv4-sp/hard\libc_nano.a(lib_a-rand.o)
 .comment       0x0000003c       0x3d c:/program files/microchip/xc32/v2.40/bin/bin/../../lib/gcc/pic32c/6.2.1/../../../../pic32c/lib/v7e-m/fpv4-sp/hard\libc_nano.a(lib_a-sbrkr.o)
 .comment       0x0000003c       0x3d c:/program files/microchip/xc32/v2.40/bin/bin/../../lib/gcc/pic32c/6.2.1/../../../../pic32c/lib/v7e-m/fpv4-sp/hard\libc_nano.a(lib_a-snprintf.o)
 .comment       0x0000003c       0x3d c:/program files/microchip/xc32/v2.40/bin/bin/../../lib/gcc/pic32c/6.2.1/../../../../pic32c/lib/v7e-m/fpv4-sp/hard\libc_nano.a(lib_a-sprintf.o)
 .comment       0x0000003c       0x3d c:/program files/microchip/xc32/v2.40/bin/bin/../../lib/gcc/pic32c/6.2.1/../../../../pic32c/lib/v7e-m/fpv4-sp/hard\libc_nano.a(_lib_a-sscanf.cdnopsuxX.o)
 .comment       0x0000003c       0x3d c:/program files/microchip/xc32/v2.40/bin/bin/../../lib/gcc/pic32c/6.2.1/../../../../pic32c/lib/v7e-m/fpv4-sp/hard\libc_nano.a(lib_a-__ssfputs.o)
 .comment       0x0000003c       0x3d c:/program files/microchip/xc32/v2.40/bin/bin/../../lib/gcc/pic32c/6.2.1/../../../../pic32c/lib/v7e-m/fpv4-sp/hard\libc_nano.a(lib_a-stdio.o)
 .comment       0x0000003c       0x3d c:/program files/microchip/xc32/v2.40/bin/bin/../../lib/gcc/pic32c/6.2.1/../../../../pic32c/lib/v7e-m/fpv4-sp/hard\libc_nano.a(lib_a-strcpy.o)
 .comment       0x0000003c       0x3d c:/program files/microchip/xc32/v2.40/bin/bin/../../lib/gcc/pic32c/6.2.1/../../../../pic32c/lib/v7e-m/fpv4-sp/hard\libc_nano.a(lib_a-strncmp.o)
 .comment       0x0000003c       0x3d c:/program files/microchip/xc32/v2.40/bin/bin/../../lib/gcc/pic32c/6.2.1/../../../../pic32c/lib/v7e-m/fpv4-sp/hard\libc_nano.a(lib_a-strncpy.o)
 .comment       0x0000003c       0x3d c:/program files/microchip/xc32/v2.40/bin/bin/../../lib/gcc/pic32c/6.2.1/../../../../pic32c/lib/v7e-m/fpv4-sp/hard\libc_nano.a(lib_a-strstr.o)
 .comment       0x0000003c       0x3d c:/program files/microchip/xc32/v2.40/bin/bin/../../lib/gcc/pic32c/6.2.1/../../../../pic32c/lib/v7e-m/fpv4-sp/hard\libc_nano.a(lib_a-strtol.o)
 .comment       0x0000003c       0x3d c:/program files/microchip/xc32/v2.40/bin/bin/../../lib/gcc/pic32c/6.2.1/../../../../pic32c/lib/v7e-m/fpv4-sp/hard\libc_nano.a(lib_a-strtoul.o)
 .comment       0x0000003c       0x3d c:/program files/microchip/xc32/v2.40/bin/bin/../../lib/gcc/pic32c/6.2.1/../../../../pic32c/lib/v7e-m/fpv4-sp/hard\libc_nano.a(lib_a-vsnprintf.o)
 .comment       0x0000003c       0x3d c:/program files/microchip/xc32/v2.40/bin/bin/../../lib/gcc/pic32c/6.2.1/../../../../pic32c/lib/v7e-m/fpv4-sp/hard\libc_nano.a(lib_a-wbuf.o)
 .comment       0x0000003c       0x3d c:/program files/microchip/xc32/v2.40/bin/bin/../../lib/gcc/pic32c/6.2.1/../../../../pic32c/lib/v7e-m/fpv4-sp/hard\libc_nano.a(lib_a-wctomb_r.o)
 .comment       0x0000003c       0x3d c:/program files/microchip/xc32/v2.40/bin/bin/../../lib/gcc/pic32c/6.2.1/../../../../pic32c/lib/v7e-m/fpv4-sp/hard\libc_nano.a(lib_a-writer.o)
 .comment       0x0000003c       0x3d c:/program files/microchip/xc32/v2.40/bin/bin/../../lib/gcc/pic32c/6.2.1/../../../../pic32c/lib/v7e-m/fpv4-sp/hard\libc_nano.a(lib_a-wsetup.o)
 .comment       0x0000003c       0x3d c:/program files/microchip/xc32/v2.40/bin/bin/../../lib/gcc/pic32c/6.2.1/../../../../pic32c/lib/v7e-m/fpv4-sp/hard\libc_nano.a(lib_a-closer.o)
 .comment       0x0000003c       0x3d c:/program files/microchip/xc32/v2.40/bin/bin/../../lib/gcc/pic32c/6.2.1/../../../../pic32c/lib/v7e-m/fpv4-sp/hard\libc_nano.a(lib_a-ctype_.o)
 .comment       0x0000003c       0x3d c:/program files/microchip/xc32/v2.40/bin/bin/../../lib/gcc/pic32c/6.2.1/../../../../pic32c/lib/v7e-m/fpv4-sp/hard\libc_nano.a(lib_a-fflush.o)
 .comment       0x0000003c       0x3d c:/program files/microchip/xc32/v2.40/bin/bin/../../lib/gcc/pic32c/6.2.1/../../../../pic32c/lib/v7e-m/fpv4-sp/hard\libc_nano.a(lib_a-findfp.o)
 .comment       0x0000003c       0x3d c:/program files/microchip/xc32/v2.40/bin/bin/../../lib/gcc/pic32c/6.2.1/../../../../pic32c/lib/v7e-m/fpv4-sp/hard\libc_nano.a(lib_a-fputwc.o)
 .comment       0x0000003c       0x3d c:/program files/microchip/xc32/v2.40/bin/bin/../../lib/gcc/pic32c/6.2.1/../../../../pic32c/lib/v7e-m/fpv4-sp/hard\libc_nano.a(lib_a-fwalk.o)
 .comment       0x0000003c       0x3d c:/program files/microchip/xc32/v2.40/bin/bin/../../lib/gcc/pic32c/6.2.1/../../../../pic32c/lib/v7e-m/fpv4-sp/hard\libc_nano.a(lib_a-lseekr.o)
 .comment       0x0000003c       0x3d c:/program files/microchip/xc32/v2.40/bin/bin/../../lib/gcc/pic32c/6.2.1/../../../../pic32c/lib/v7e-m/fpv4-sp/hard\libc_nano.a(lib_a-makebuf.o)
 .comment       0x0000003c       0x3d c:/program files/microchip/xc32/v2.40/bin/bin/../../lib/gcc/pic32c/6.2.1/../../../../pic32c/lib/v7e-m/fpv4-sp/hard\libc_nano.a(lib_a-mlock.o)
 .comment       0x0000003c       0x3d c:/program files/microchip/xc32/v2.40/bin/bin/../../lib/gcc/pic32c/6.2.1/../../../../pic32c/lib/v7e-m/fpv4-sp/hard\libc_nano.a(lib_a-nano-svfprintf.o)
 .comment       0x0000003c       0x3d c:/program files/microchip/xc32/v2.40/bin/bin/../../lib/gcc/pic32c/6.2.1/../../../../pic32c/lib/v7e-m/fpv4-sp/hard\libc_nano.a(lib_a-nano-vfprintf_i.o)
 .comment       0x0000003c       0x3d c:/program files/microchip/xc32/v2.40/bin/bin/../../lib/gcc/pic32c/6.2.1/../../../../pic32c/lib/v7e-m/fpv4-sp/hard\libc_nano.a(_lib_a-nano-vfscanf.cdnopsuxX.o)
 .comment       0x0000003c       0x3d c:/program files/microchip/xc32/v2.40/bin/bin/../../lib/gcc/pic32c/6.2.1/../../../../pic32c/lib/v7e-m/fpv4-sp/hard\libc_nano.a(lib_a-readr.o)
 .comment       0x0000003c       0x3d c:/program files/microchip/xc32/v2.40/bin/bin/../../lib/gcc/pic32c/6.2.1/../../../../pic32c/lib/v7e-m/fpv4-sp/hard\libc_nano.a(lib_a-reent.o)
 .comment       0x0000003c       0x3d c:/program files/microchip/xc32/v2.40/bin/bin/../../lib/gcc/pic32c/6.2.1/../../../../pic32c/lib/v7e-m/fpv4-sp/hard\libc_nano.a(lib_a-refill.o)
 .comment       0x0000003c       0x3d c:/program files/microchip/xc32/v2.40/bin/bin/../../lib/gcc/pic32c/6.2.1/../../../../pic32c/lib/v7e-m/fpv4-sp/hard\libc_nano.a(lib_a-sccl.o)
 .comment       0x0000003c       0x3d c:/program files/microchip/xc32/v2.40/bin/bin/../../lib/gcc/pic32c/6.2.1/../../../../pic32c/lib/v7e-m/fpv4-sp/hard\libc_nano.a(lib_a-__ssputs.o)
 .comment       0x0000003c       0x3d c:/program files/microchip/xc32/v2.40/bin/bin/../../lib/gcc/pic32c/6.2.1/../../../../pic32c/lib/v7e-m/fpv4-sp/hard\libc_nano.a(lib_a-ungetc.o)
 .comment       0x0000003c       0x3d c:/program files/microchip/xc32/v2.40/bin/bin/../../lib/gcc/pic32c/6.2.1/../../../../pic32c/lib/v7e-m/fpv4-sp/hard\libc_nano.a(lib_a-wcrtomb.o)
 .comment       0x0000003c       0x3d c:/program files/microchip/xc32/v2.40/bin/bin/../../lib/gcc/pic32c/6.2.1/../../../../pic32c/lib/v7e-m/fpv4-sp/hard\libc_nano.a(lib_a-fstatr.o)
 .comment       0x0000003c       0x3d c:/program files/microchip/xc32/v2.40/bin/bin/../../lib/gcc/pic32c/6.2.1/../../../../pic32c/lib/v7e-m/fpv4-sp/hard\libc_nano.a(lib_a-isattyr.o)
 .comment       0x0000003c       0x3d c:/program files/microchip/xc32/v2.40/bin/bin/../../lib/gcc/pic32c/6.2.1/../../../../pic32c/lib/v7e-m/fpv4-sp/hard\libc_nano.a(lib_a-nano-reallocr.o)
 .comment       0x0000003c       0x3d c:/program files/microchip/xc32/v2.40/bin/bin/../../lib/gcc/pic32c/6.2.1/../../../../pic32c/lib/v7e-m/fpv4-sp/hard\libc_nano.a(lib_a-nano-msizer.o)
 .comment       0x0000003c       0x3d c:/program files/microchip/xc32/v2.40/bin/bin/../../lib/gcc/pic32c/6.2.1/../../../../pic32c/lib/v7e-m/fpv4-sp/hard\libpic32c.a(_close.o)
 .comment       0x0000003c       0x3d c:/program files/microchip/xc32/v2.40/bin/bin/../../lib/gcc/pic32c/6.2.1/../../../../pic32c/lib/v7e-m/fpv4-sp/hard\libpic32c.a(_fstat.o)
 .comment       0x0000003c       0x3d c:/program files/microchip/xc32/v2.40/bin/bin/../../lib/gcc/pic32c/6.2.1/../../../../pic32c/lib/v7e-m/fpv4-sp/hard\libpic32c.a(_isatty.o)
 .comment       0x0000003c       0x3d c:/program files/microchip/xc32/v2.40/bin/bin/../../lib/gcc/pic32c/6.2.1/../../../../pic32c/lib/v7e-m/fpv4-sp/hard\libpic32c.a(_lseek.o)
 .comment       0x0000003c       0x3d c:/program files/microchip/xc32/v2.40/bin/bin/../../lib/gcc/pic32c/6.2.1/../../../../pic32c/lib/v7e-m/fpv4-sp/hard\libpic32c.a(_read.o)
 .comment       0x0000003c       0x3d c:/program files/microchip/xc32/v2.40/bin/bin/../../lib/gcc/pic32c/6.2.1/../../../../pic32c/lib/v7e-m/fpv4-sp/hard\libpic32c.a(sbrk.o)
 .comment       0x0000003c       0x3d c:/program files/microchip/xc32/v2.40/bin/bin/../../lib/gcc/pic32c/6.2.1/../../../../pic32c/lib/v7e-m/fpv4-sp/hard\libpic32c.a(_write.o)
 .comment       0x0000003c       0x3d c:/program files/microchip/xc32/v2.40/bin/bin/../../lib/gcc/pic32c/6.2.1/../../../../pic32c/lib/v7e-m/fpv4-sp/hard\libpic32c.a(close.o)
 .comment       0x0000003c       0x3d c:/program files/microchip/xc32/v2.40/bin/bin/../../lib/gcc/pic32c/6.2.1/../../../../pic32c/lib/v7e-m/fpv4-sp/hard\libpic32c.a(fstat.o)
 .comment       0x0000003c       0x3d c:/program files/microchip/xc32/v2.40/bin/bin/../../lib/gcc/pic32c/6.2.1/../../../../pic32c/lib/v7e-m/fpv4-sp/hard\libpic32c.a(isatty.o)
 .comment       0x0000003c       0x3d c:/program files/microchip/xc32/v2.40/bin/bin/../../lib/gcc/pic32c/6.2.1/../../../../pic32c/lib/v7e-m/fpv4-sp/hard\libpic32c.a(lseek.o)
 .comment       0x0000003c       0x3d c:/program files/microchip/xc32/v2.40/bin/bin/../../lib/gcc/pic32c/6.2.1/../../../../pic32c/lib/v7e-m/fpv4-sp/hard\libpic32c.a(read.o)
 .comment       0x0000003c       0x3d c:/program files/microchip/xc32/v2.40/bin/bin/../../lib/gcc/pic32c/6.2.1/../../../../pic32c/lib/v7e-m/fpv4-sp/hard\libpic32c.a(write.o)

.debug_info     0x00000000   0x18f1bb
 .debug_info    0x00000000     0x9adc build/aws_demos/production/_ext/1319661984/drv_gmac.o
 .debug_info    0x00009adc     0x84ed build/aws_demos/production/_ext/1319661984/drv_gmac_lib_samE5x.o
 .debug_info    0x00011fc9     0x16f7 build/aws_demos/production/_ext/665618993/plib_nvmctrl.o
 .debug_info    0x000136c0     0x1667 build/aws_demos/production/_ext/731420310/plib_sercom2_usart.o
 .debug_info    0x00014d27      0x321 build/aws_demos/production/_ext/1321577635/plib_evsys.o
 .debug_info    0x00015048     0x2ecc build/aws_demos/production/_ext/1991396724/sys_command.o
 .debug_info    0x00017f14     0x1da5 build/aws_demos/production/_ext/731420310/plib_sercom6_usart.o
 .debug_info    0x00019cb9     0x26b9 build/aws_demos/production/_ext/1360937237/main.o
 .debug_info    0x0001c372     0x3143 build/aws_demos/production/_ext/1534096987/initialization.o
 .debug_info    0x0001f4b5     0x2e41 build/aws_demos/production/_ext/1534096987/interrupts.o
 .debug_info    0x000222f6     0x1add build/aws_demos/production/_ext/1534096987/exceptions.o
 .debug_info    0x00023dd3     0x1ad2 build/aws_demos/production/_ext/1263901141/xc32_monitor.o
 .debug_info    0x000258a5      0x7f0 build/aws_demos/production/_ext/1843425920/plib_port.o
 .debug_info    0x00026095      0xb57 build/aws_demos/production/_ext/1323727121/plib_clock.o
 .debug_info    0x00026bec     0x1468 build/aws_demos/production/_ext/1843479071/plib_nvic.o
 .debug_info    0x00028054     0x1f6d build/aws_demos/production/_ext/1534096987/startup_xc32.o
 .debug_info    0x00029fc1      0x99f build/aws_demos/production/_ext/1385882503/port.o
 .debug_info    0x0002a960     0x152f build/aws_demos/production/_ext/1168480030/heap_4.o
 .debug_info    0x0002be8f     0x77af build/aws_demos/production/_ext/112156576/iot_pkcs11_mbedtls.o
 .debug_info    0x0003363e     0x4026 build/aws_demos/production/_ext/366737/iot_secure_sockets.o
 .debug_info    0x00037664     0x1eff build/aws_demos/production/_ext/1682906662/FreeRTOS_ARP.o
 .debug_info    0x00039563     0x2dd9 build/aws_demos/production/_ext/1682906662/FreeRTOS_DHCP.o
 .debug_info    0x0003c33c     0x2f54 build/aws_demos/production/_ext/1682906662/FreeRTOS_DNS.o
 .debug_info    0x0003f290     0x49e1 build/aws_demos/production/_ext/1682906662/FreeRTOS_IP.o
 .debug_info    0x00043c71     0x56fb build/aws_demos/production/_ext/1682906662/FreeRTOS_Sockets.o
 .debug_info    0x0004936c     0x1932 build/aws_demos/production/_ext/1682906662/FreeRTOS_Stream_Buffer.o
 .debug_info    0x0004ac9e     0x5370 build/aws_demos/production/_ext/1682906662/FreeRTOS_TCP_IP.o
 .debug_info    0x0005000e     0x1e6e build/aws_demos/production/_ext/1682906662/FreeRTOS_TCP_WIN.o
 .debug_info    0x00051e7c     0x287e build/aws_demos/production/_ext/1682906662/FreeRTOS_UDP_IP.o
 .debug_info    0x000546fa     0x4c8f build/aws_demos/production/_ext/1778494626/BufferAllocation_2.o
 .debug_info    0x00059389     0x739b build/aws_demos/production/_ext/1778494626/NetworkInterface_eth.o
 .debug_info    0x00060724     0x1f82 build/aws_demos/production/_ext/1972722184/iot_pkcs11_pal.o
 .debug_info    0x000626a6     0x158d build/aws_demos/production/_ext/1972722184/pkcs11_nvm.o
 .debug_info    0x00063c33     0x11e1 build/aws_demos/production/_ext/197858987/helpers.o
 .debug_info    0x00064e14     0x441d build/aws_demos/production/_ext/197858987/tcpip_heap_alloc.o
 .debug_info    0x00069231     0x4b85 build/aws_demos/production/_ext/197858987/tcpip_heap_external.o
 .debug_info    0x0006ddb6     0x6a8c build/aws_demos/production/_ext/197858987/tcpip_helpers.o
 .debug_info    0x00074842     0x5289 build/aws_demos/production/_ext/197858987/tcpip_packet.o
 .debug_info    0x00079acb      0x72b build/aws_demos/production/_ext/59476128/plib_eic.o
 .debug_info    0x0007a1f6     0x4f30 build/aws_demos/production/_ext/211704168/drv_miim.o
 .debug_info    0x0007f126      0xc20 build/aws_demos/production/_ext/1110296786/plib_tc3.o
 .debug_info    0x0007fd46     0x39fb build/aws_demos/production/_ext/484134862/sys_time.o
 .debug_info    0x00083741      0x6a2 build/aws_demos/production/_ext/1223942466/aws_demo.o
 .debug_info    0x00083de3      0x448 build/aws_demos/production/_ext/1223942466/aws_demo_network_addr.o
 .debug_info    0x0008422b     0x1fa3 build/aws_demos/production/_ext/1223942466/iot_demo_freertos.o
 .debug_info    0x000861ce     0x129c build/aws_demos/production/_ext/1223942466/iot_demo_runner.o
 .debug_info    0x0008746a     0x52f2 build/aws_demos/production/_ext/198771642/aws_dev_mode_key_provisioning.o
 .debug_info    0x0008c75c     0x2c54 build/aws_demos/production/_ext/1441508942/iot_demo_mqtt.o
 .debug_info    0x0008f3b0     0x2239 build/aws_demos/production/_ext/2040524622/aws_iot_network_manager.o
 .debug_info    0x000915e9     0x1f94 build/aws_demos/production/_ext/811507611/event_groups.o
 .debug_info    0x0009357d     0x1106 build/aws_demos/production/_ext/811507611/list.o
 .debug_info    0x00094683     0x3628 build/aws_demos/production/_ext/811507611/queue.o
 .debug_info    0x00097cab     0x4864 build/aws_demos/production/_ext/811507611/tasks.o
 .debug_info    0x0009c50f     0x2ccb build/aws_demos/production/_ext/811507611/timers.o
 .debug_info    0x0009f1da     0x2186 build/aws_demos/production/_ext/684768522/aes.o
 .debug_info    0x000a1360     0x1885 build/aws_demos/production/_ext/684768522/asn1parse.o
 .debug_info    0x000a2be5     0x1d85 build/aws_demos/production/_ext/684768522/asn1write.o
 .debug_info    0x000a496a     0x13a5 build/aws_demos/production/_ext/684768522/base64.o
 .debug_info    0x000a5d0f     0x59e7 build/aws_demos/production/_ext/684768522/bignum.o
 .debug_info    0x000ab6f6     0x33ad build/aws_demos/production/_ext/684768522/cipher.o
 .debug_info    0x000aeaa3     0x286b build/aws_demos/production/_ext/684768522/cipher_wrap.o
 .debug_info    0x000b130e     0x2533 build/aws_demos/production/_ext/684768522/ctr_drbg.o
 .debug_info    0x000b3841     0x2600 build/aws_demos/production/_ext/684768522/ecdh.o
 .debug_info    0x000b5e41     0x291d build/aws_demos/production/_ext/684768522/ecdsa.o
 .debug_info    0x000b875e     0x65b8 build/aws_demos/production/_ext/684768522/ecp.o
 .debug_info    0x000bed16     0x250d build/aws_demos/production/_ext/684768522/ecp_curves.o
 .debug_info    0x000c1223     0x2069 build/aws_demos/production/_ext/684768522/entropy.o
 .debug_info    0x000c328c     0x31a7 build/aws_demos/production/_ext/684768522/gcm.o
 .debug_info    0x000c6433     0x1be3 build/aws_demos/production/_ext/684768522/md.o
 .debug_info    0x000c8016     0x1a38 build/aws_demos/production/_ext/684768522/md_wrap.o
 .debug_info    0x000c9a4e     0x2c3c build/aws_demos/production/_ext/684768522/oid.o
 .debug_info    0x000cc68a     0x11cc build/aws_demos/production/_ext/684768522/pem.o
 .debug_info    0x000cd856     0x2144 build/aws_demos/production/_ext/684768522/pk.o
 .debug_info    0x000cf99a     0x2c94 build/aws_demos/production/_ext/684768522/pkparse.o
 .debug_info    0x000d262e     0x222f build/aws_demos/production/_ext/684768522/pkwrite.o
 .debug_info    0x000d485d     0x2ebb build/aws_demos/production/_ext/684768522/pk_wrap.o
 .debug_info    0x000d7718     0x1072 build/aws_demos/production/_ext/684768522/platform.o
 .debug_info    0x000d878a      0xff8 build/aws_demos/production/_ext/684768522/platform_util.o
 .debug_info    0x000d9782     0x53b8 build/aws_demos/production/_ext/684768522/rsa.o
 .debug_info    0x000deb3a     0x1ee3 build/aws_demos/production/_ext/684768522/rsa_internal.o
 .debug_info    0x000e0a1d     0x17aa build/aws_demos/production/_ext/684768522/sha1.o
 .debug_info    0x000e21c7     0x18b5 build/aws_demos/production/_ext/684768522/sha256.o
 .debug_info    0x000e3a7c     0x21e9 build/aws_demos/production/_ext/684768522/ssl_ciphersuites.o
 .debug_info    0x000e5c65     0x5edb build/aws_demos/production/_ext/684768522/ssl_cli.o
 .debug_info    0x000ebb40     0x95bc build/aws_demos/production/_ext/684768522/ssl_tls.o
 .debug_info    0x000f50fc     0x1077 build/aws_demos/production/_ext/684768522/threading.o
 .debug_info    0x000f6173     0x2968 build/aws_demos/production/_ext/684768522/x509.o
 .debug_info    0x000f8adb     0x541f build/aws_demos/production/_ext/684768522/x509_crt.o
 .debug_info    0x000fdefa     0x13bc build/aws_demos/production/_ext/2077790016/mbedtls_utils.o
 .debug_info    0x000ff2b6     0x17cc build/aws_demos/production/_ext/520142351/iot_clock_freertos.o
 .debug_info    0x00100a82     0x2889 build/aws_demos/production/_ext/520142351/iot_network_freertos.o
 .debug_info    0x0010330b     0x1459 build/aws_demos/production/_ext/520142351/iot_threads_freertos.o
 .debug_info    0x00104764     0x18d0 build/aws_demos/production/_ext/13066905/iot_device_metrics.o
 .debug_info    0x00106034      0x608 build/aws_demos/production/_ext/13066905/iot_init.o
 .debug_info    0x0010663c     0x152e build/aws_demos/production/_ext/227692215/iot_logging.o
 .debug_info    0x00107b6a     0x1466 build/aws_demos/production/_ext/227692215/iot_logging_task_dynamic_buffers.o
 .debug_info    0x00108fd0     0x50d8 build/aws_demos/production/_ext/333408969/iot_taskpool.o
 .debug_info    0x0010e0a8     0x4f2e build/aws_demos/production/_ext/1739149067/iot_mqtt_api.o
 .debug_info    0x00112fd6     0x34fb build/aws_demos/production/_ext/1739149067/iot_mqtt_network.o
 .debug_info    0x001164d1     0x4621 build/aws_demos/production/_ext/1739149067/iot_mqtt_operation.o
 .debug_info    0x0011aaf2     0x422f build/aws_demos/production/_ext/1739149067/iot_mqtt_serialize.o
 .debug_info    0x0011ed21     0x31c0 build/aws_demos/production/_ext/1739149067/iot_mqtt_subscription.o
 .debug_info    0x00121ee1     0x2ba6 build/aws_demos/production/_ext/1739149067/iot_mqtt_validate.o
 .debug_info    0x00124a87     0x213d build/aws_demos/production/_ext/350635301/iot_crypto.o
 .debug_info    0x00126bc4     0x3095 build/aws_demos/production/_ext/2138053595/iot_pkcs11.o
 .debug_info    0x00129c59     0x590f build/aws_demos/production/_ext/2039890517/iot_tls.o
 .debug_info    0x0012f568     0x1029 build/aws_demos/production/_ext/1120274527/iot_pki_utils.o
 .debug_info    0x00130591      0x34f build/aws_demos/production/_ext/1120274527/iot_system_init.o
 .debug_info    0x001308e0     0x7bb7 build/aws_demos/production/_ext/1200684192/drv_ethphy.o
 .debug_info    0x00138497     0x30f1 build/aws_demos/production/_ext/1200684192/drv_extphy_ksz8091.o
 .debug_info    0x0013b588      0x4b3 build/aws_demos/production/_ext/1843304010/plib_trng.o
 .debug_info    0x0013ba3b     0x1e80 build/aws_demos/production/_ext/1534684544/sys_console.o
 .debug_info    0x0013d8bb     0x2931 build/aws_demos/production/_ext/1534684544/sys_console_uart.o
 .debug_info    0x001401ec     0x11c2 build/aws_demos/production/_ext/1762024984/sys_int.o
 .debug_info    0x001413ae      0xa79 build/aws_demos/production/_ext/1149029443/osal_freertos.o
 .debug_info    0x00141e27     0x1b8f build/aws_demos/production/_ext/1534096987/tasks.o
 .debug_info    0x001439b6      0x2a2 c:/program files/microchip/xc32/v2.40/bin/bin/../../lib/gcc/pic32c/6.2.1/../../../../pic32c/lib/v7e-m/fpv4-sp/hard\libpic32c.a(data_init.o)
 .debug_info    0x00143c58       0xfd c:/program files/microchip/xc32/v2.40/bin/bin/../../lib/gcc/pic32c/6.2.1/v7e-m/fpv4-sp/hard\libgcc.a(_aeabi_uldivmod.o)
 .debug_info    0x00143d55     0x1696 c:/program files/microchip/xc32/v2.40/bin/bin/../../lib/gcc/pic32c/6.2.1/v7e-m/fpv4-sp/hard\libgcc.a(_udivmoddi4.o)
 .debug_info    0x001453eb      0x101 c:/program files/microchip/xc32/v2.40/bin/bin/../../lib/gcc/pic32c/6.2.1/v7e-m/fpv4-sp/hard\libgcc.a(_dvmd_tls.o)
 .debug_info    0x001454ec      0xe53 c:/program files/microchip/xc32/v2.40/bin/bin/../../lib/gcc/pic32c/6.2.1/../../../../pic32c/lib/v7e-m/fpv4-sp/hard\libc_nano.a(lib_a-calloc.o)
 .debug_info    0x0014633f      0xdef c:/program files/microchip/xc32/v2.40/bin/bin/../../lib/gcc/pic32c/6.2.1/../../../../pic32c/lib/v7e-m/fpv4-sp/hard\libc_nano.a(lib_a-impure.o)
 .debug_info    0x0014712e      0x41f c:/program files/microchip/xc32/v2.40/bin/bin/../../lib/gcc/pic32c/6.2.1/../../../../pic32c/lib/v7e-m/fpv4-sp/hard\libc_nano.a(lib_a-init.o)
 .debug_info    0x0014754d     0x189e c:/program files/microchip/xc32/v2.40/bin/bin/../../lib/gcc/pic32c/6.2.1/../../../../pic32c/lib/v7e-m/fpv4-sp/hard\libc_nano.a(lib_a-locale.o)
 .debug_info    0x00148deb      0xe92 c:/program files/microchip/xc32/v2.40/bin/bin/../../lib/gcc/pic32c/6.2.1/../../../../pic32c/lib/v7e-m/fpv4-sp/hard\libc_nano.a(lib_a-malloc.o)
 .debug_info    0x00149c7d     0x1782 c:/program files/microchip/xc32/v2.40/bin/bin/../../lib/gcc/pic32c/6.2.1/../../../../pic32c/lib/v7e-m/fpv4-sp/hard\libc_nano.a(lib_a-mbtowc_r.o)
 .debug_info    0x0014b3ff      0xe49 c:/program files/microchip/xc32/v2.40/bin/bin/../../lib/gcc/pic32c/6.2.1/../../../../pic32c/lib/v7e-m/fpv4-sp/hard\libc_nano.a(lib_a-memcmp.o)
 .debug_info    0x0014c248      0xe68 c:/program files/microchip/xc32/v2.40/bin/bin/../../lib/gcc/pic32c/6.2.1/../../../../pic32c/lib/v7e-m/fpv4-sp/hard\libc_nano.a(lib_a-memcpy-stub.o)
 .debug_info    0x0014d0b0     0x15de c:/program files/microchip/xc32/v2.40/bin/bin/../../lib/gcc/pic32c/6.2.1/../../../../pic32c/lib/v7e-m/fpv4-sp/hard\libc_nano.a(lib_a-memmove.o)
 .debug_info    0x0014e68e     0x15ae c:/program files/microchip/xc32/v2.40/bin/bin/../../lib/gcc/pic32c/6.2.1/../../../../pic32c/lib/v7e-m/fpv4-sp/hard\libc_nano.a(lib_a-memset.o)
 .debug_info    0x0014fc3c     0x10e1 c:/program files/microchip/xc32/v2.40/bin/bin/../../lib/gcc/pic32c/6.2.1/../../../../pic32c/lib/v7e-m/fpv4-sp/hard\libc_nano.a(lib_a-nano-callocr.o)
 .debug_info    0x00150d1d     0x11c1 c:/program files/microchip/xc32/v2.40/bin/bin/../../lib/gcc/pic32c/6.2.1/../../../../pic32c/lib/v7e-m/fpv4-sp/hard\libc_nano.a(lib_a-nano-freer.o)
 .debug_info    0x00151ede     0x1259 c:/program files/microchip/xc32/v2.40/bin/bin/../../lib/gcc/pic32c/6.2.1/../../../../pic32c/lib/v7e-m/fpv4-sp/hard\libc_nano.a(lib_a-nano-mallocr.o)
 .debug_info    0x00153137     0x1d56 c:/program files/microchip/xc32/v2.40/bin/bin/../../lib/gcc/pic32c/6.2.1/../../../../pic32c/lib/v7e-m/fpv4-sp/hard\libc_nano.a(lib_a-nano-vfprintf.o)
 .debug_info    0x00154e8d     0x1f41 c:/program files/microchip/xc32/v2.40/bin/bin/../../lib/gcc/pic32c/6.2.1/../../../../pic32c/lib/v7e-m/fpv4-sp/hard\libc_nano.a(_lib_a-nano-vfprintf.s.o)
 .debug_info    0x00156dce     0x124c c:/program files/microchip/xc32/v2.40/bin/bin/../../lib/gcc/pic32c/6.2.1/../../../../pic32c/lib/v7e-m/fpv4-sp/hard\libc_nano.a(lib_a-printf.o)
 .debug_info    0x0015801a     0x11cc c:/program files/microchip/xc32/v2.40/bin/bin/../../lib/gcc/pic32c/6.2.1/../../../../pic32c/lib/v7e-m/fpv4-sp/hard\libc_nano.a(lib_a-putchar.o)
 .debug_info    0x001591e6     0x1260 c:/program files/microchip/xc32/v2.40/bin/bin/../../lib/gcc/pic32c/6.2.1/../../../../pic32c/lib/v7e-m/fpv4-sp/hard\libc_nano.a(lib_a-putc.o)
 .debug_info    0x0015a446     0x12e5 c:/program files/microchip/xc32/v2.40/bin/bin/../../lib/gcc/pic32c/6.2.1/../../../../pic32c/lib/v7e-m/fpv4-sp/hard\libc_nano.a(lib_a-puts.o)
 .debug_info    0x0015b72b      0xeda c:/program files/microchip/xc32/v2.40/bin/bin/../../lib/gcc/pic32c/6.2.1/../../../../pic32c/lib/v7e-m/fpv4-sp/hard\libc_nano.a(lib_a-rand.o)
 .debug_info    0x0015c605      0xedf c:/program files/microchip/xc32/v2.40/bin/bin/../../lib/gcc/pic32c/6.2.1/../../../../pic32c/lib/v7e-m/fpv4-sp/hard\libc_nano.a(lib_a-sbrkr.o)
 .debug_info    0x0015d4e4     0x12cf c:/program files/microchip/xc32/v2.40/bin/bin/../../lib/gcc/pic32c/6.2.1/../../../../pic32c/lib/v7e-m/fpv4-sp/hard\libc_nano.a(lib_a-snprintf.o)
 .debug_info    0x0015e7b3     0x125c c:/program files/microchip/xc32/v2.40/bin/bin/../../lib/gcc/pic32c/6.2.1/../../../../pic32c/lib/v7e-m/fpv4-sp/hard\libc_nano.a(lib_a-sprintf.o)
 .debug_info    0x0015fa0f     0x11eb c:/program files/microchip/xc32/v2.40/bin/bin/../../lib/gcc/pic32c/6.2.1/../../../../pic32c/lib/v7e-m/fpv4-sp/hard\libc_nano.a(_lib_a-sscanf.cdnopsuxX.o)
 .debug_info    0x00160bfa     0x1954 c:/program files/microchip/xc32/v2.40/bin/bin/../../lib/gcc/pic32c/6.2.1/../../../../pic32c/lib/v7e-m/fpv4-sp/hard\libc_nano.a(lib_a-__ssfputs.o)
 .debug_info    0x0016254e     0x1422 c:/program files/microchip/xc32/v2.40/bin/bin/../../lib/gcc/pic32c/6.2.1/../../../../pic32c/lib/v7e-m/fpv4-sp/hard\libc_nano.a(lib_a-stdio.o)
 .debug_info    0x00163970      0x129 c:/program files/microchip/xc32/v2.40/bin/bin/../../lib/gcc/pic32c/6.2.1/../../../../pic32c/lib/v7e-m/fpv4-sp/hard\libc_nano.a(lib_a-strcmp.o)
 .debug_info    0x00163a99      0xe0b c:/program files/microchip/xc32/v2.40/bin/bin/../../lib/gcc/pic32c/6.2.1/../../../../pic32c/lib/v7e-m/fpv4-sp/hard\libc_nano.a(lib_a-strcpy.o)
 .debug_info    0x001648a4      0x12a c:/program files/microchip/xc32/v2.40/bin/bin/../../lib/gcc/pic32c/6.2.1/../../../../pic32c/lib/v7e-m/fpv4-sp/hard\libc_nano.a(lib_a-strlen.o)
 .debug_info    0x001649ce      0xe24 c:/program files/microchip/xc32/v2.40/bin/bin/../../lib/gcc/pic32c/6.2.1/../../../../pic32c/lib/v7e-m/fpv4-sp/hard\libc_nano.a(lib_a-strncmp.o)
 .debug_info    0x001657f2      0xe4c c:/program files/microchip/xc32/v2.40/bin/bin/../../lib/gcc/pic32c/6.2.1/../../../../pic32c/lib/v7e-m/fpv4-sp/hard\libc_nano.a(lib_a-strncpy.o)
 .debug_info    0x0016663e      0xe31 c:/program files/microchip/xc32/v2.40/bin/bin/../../lib/gcc/pic32c/6.2.1/../../../../pic32c/lib/v7e-m/fpv4-sp/hard\libc_nano.a(lib_a-strstr.o)
 .debug_info    0x0016746f     0x1936 c:/program files/microchip/xc32/v2.40/bin/bin/../../lib/gcc/pic32c/6.2.1/../../../../pic32c/lib/v7e-m/fpv4-sp/hard\libc_nano.a(lib_a-strtol.o)
 .debug_info    0x00168da5     0x193b c:/program files/microchip/xc32/v2.40/bin/bin/../../lib/gcc/pic32c/6.2.1/../../../../pic32c/lib/v7e-m/fpv4-sp/hard\libc_nano.a(lib_a-strtoul.o)
 .debug_info    0x0016a6e0     0x12aa c:/program files/microchip/xc32/v2.40/bin/bin/../../lib/gcc/pic32c/6.2.1/../../../../pic32c/lib/v7e-m/fpv4-sp/hard\libc_nano.a(lib_a-vsnprintf.o)
 .debug_info    0x0016b98a     0x1279 c:/program files/microchip/xc32/v2.40/bin/bin/../../lib/gcc/pic32c/6.2.1/../../../../pic32c/lib/v7e-m/fpv4-sp/hard\libc_nano.a(lib_a-wbuf.o)
 .debug_info    0x0016cc03     0x174d c:/program files/microchip/xc32/v2.40/bin/bin/../../lib/gcc/pic32c/6.2.1/../../../../pic32c/lib/v7e-m/fpv4-sp/hard\libc_nano.a(lib_a-wctomb_r.o)
 .debug_info    0x0016e350      0xefe c:/program files/microchip/xc32/v2.40/bin/bin/../../lib/gcc/pic32c/6.2.1/../../../../pic32c/lib/v7e-m/fpv4-sp/hard\libc_nano.a(lib_a-writer.o)